[WebServer] (node:6330) Warning: The 'NO_COLOR' env is ignored due to the 'FORCE_COLOR' env being set.
[WebServer] (Use `node --trace-warnings ...` to show where the warning was created)

Running 4 tests using 3 workers

(node:6333) Warning: The 'NO_COLOR' env is ignored due to the 'FORCE_COLOR' env being set.
(Use `node --trace-warnings ...` to show where the warning was created)
(node:6332) Warning: The 'NO_COLOR' env is ignored due to the 'FORCE_COLOR' env being set.
(Use `node --trace-warnings ...` to show where the warning was created)
(node:6334) Warning: The 'NO_COLOR' env is ignored due to the 'FORCE_COLOR' env being set.
(Use `node --trace-warnings ...` to show where the warning was created)
[plume-frozen] iphone-portrait step 488: {"extent":{"found":true,"left":539,"right":612,"top":583,"bottom":763,"widthPx":74,"heightPx":181,"spanPx":181,"count":3026,"bandWidthPx":43},"repeat":{"found":true,"left":539,"right":612,"top":583,"bottom":763,"widthPx":74,"heightPx":181,"spanPx":181,"count":3026,"bandWidthPx":43}}
[plume-frozen] iphone-portrait step 481: {"extent":{"found":true,"left":545,"right":617,"top":579,"bottom":806,"widthPx":73,"heightPx":228,"spanPx":228,"count":2766,"bandWidthPx":47},"repeat":{"found":true,"left":545,"right":617,"top":579,"bottom":806,"widthPx":73,"heightPx":228,"spanPx":228,"count":2766,"bandWidthPx":47}}
[plume-frozen] iphone-landscape step 508: {"extent":{"found":true,"left":1099,"right":1167,"top":537,"bottom":755,"widthPx":69,"heightPx":219,"spanPx":219,"count":3107,"bandWidthPx":45},"repeat":{"found":true,"left":1099,"right":1167,"top":537,"bottom":755,"widthPx":69,"heightPx":219,"spanPx":219,"count":3107,"bandWidthPx":45}}
[plume-frozen] iphone-portrait step 522: {"extent":{"found":true,"left":559,"right":624,"top":575,"bottom":692,"widthPx":66,"heightPx":118,"spanPx":118,"count":2945,"bandWidthPx":51},"repeat":{"found":true,"left":559,"right":624,"top":575,"bottom":692,"widthPx":66,"heightPx":118,"spanPx":118,"count":2945,"bandWidthPx":51}}
[plume-frozen] iphone-portrait step 515: {"extent":{"found":true,"left":559,"right":622,"top":576,"bottom":815,"widthPx":64,"heightPx":240,"spanPx":240,"count":3186,"bandWidthPx":47},"repeat":{"found":true,"left":559,"right":622,"top":576,"bottom":815,"widthPx":64,"heightPx":240,"spanPx":240,"count":3186,"bandWidthPx":47}}
[plume-frozen] iphone-portrait step 558: {"extent":{"found":true,"left":558,"right":626,"top":574,"bottom":764,"widthPx":69,"heightPx":191,"spanPx":191,"count":2914,"bandWidthPx":44},"repeat":{"found":true,"left":558,"right":626,"top":574,"bottom":764,"widthPx":69,"heightPx":191,"spanPx":191,"count":2914,"bandWidthPx":44}}
[plume-frozen] iphone-portrait step 535: {"extent":{"found":true,"left":553,"right":616,"top":577,"bottom":860,"widthPx":64,"heightPx":284,"spanPx":284,"count":2628,"bandWidthPx":51},"repeat":{"found":true,"left":553,"right":616,"top":577,"bottom":860,"widthPx":64,"heightPx":284,"spanPx":284,"count":2628,"bandWidthPx":51}}
[plume-frozen] iphone-landscape step 538: {"extent":{"found":true,"left":1096,"right":1161,"top":539,"bottom":746,"widthPx":66,"heightPx":208,"spanPx":208,"count":3171,"bandWidthPx":47},"repeat":{"found":true,"left":1096,"right":1161,"top":539,"bottom":746,"widthPx":66,"heightPx":208,"spanPx":208,"count":3171,"bandWidthPx":47}}
[plume-frozen] iphone-portrait step 597: {"extent":{"found":true,"left":551,"right":626,"top":578,"bottom":851,"widthPx":76,"heightPx":274,"spanPx":274,"count":3119,"bandWidthPx":49},"repeat":{"found":true,"left":551,"right":626,"top":578,"bottom":851,"widthPx":76,"heightPx":274,"spanPx":274,"count":3119,"bandWidthPx":49}}
[plume] iphone-portrait · the plume is longer than the ship at low altitude @mobile: 1.45 long, 0.37 across (spans 1.37/0.89/1.45/2.07, widths 0.33/0.39/0.33/0.37, steps 488/522/558/597; 0/4 anchored to the region edge; throttle 100/100/100/100; (539,583)-(612,763)n3026 (559,575)-(624,692)n2945 (558,574)-(626,764)n2914 (551,578)-(626,851)n3119)
[plume-frozen] iphone-portrait step 573: {"extent":{"found":true,"left":553,"right":621,"top":576,"bottom":773,"widthPx":69,"heightPx":198,"spanPx":198,"count":2830,"bandWidthPx":55},"repeat":{"found":true,"left":553,"right":621,"top":576,"bottom":773,"widthPx":69,"heightPx":198,"spanPx":198,"count":2830,"bandWidthPx":55}}
[plume] iphone-portrait · and blooms wider than the ship in vacuum @mobile: 1.82 long, 0.39 across (spans 1.73/1.82/2.15/1.50, widths 0.36/0.36/0.39/0.42, steps 481/515/535/573; 0/4 anchored to the region edge; throttle 100/100/100/100; (545,579)-(617,806)n2766 (559,576)-(622,815)n3186 (553,577)-(616,860)n2628 (553,576)-(621,773)n2830)
  ✓  2 [iphone-portrait] › tests/e2e/plume.spec.ts:271:1 › the plume is longer than the ship at low altitude @mobile (46.0s)
(node:6400) Warning: The 'NO_COLOR' env is ignored due to the 'FORCE_COLOR' env being set.
(Use `node --trace-warnings ...` to show where the warning was created)
[plume-frozen] iphone-landscape step 566: {"extent":{"found":true,"left":1102,"right":1174,"top":537,"bottom":624,"widthPx":73,"heightPx":88,"spanPx":88,"count":3017,"bandWidthPx":53},"repeat":{"found":true,"left":1102,"right":1174,"top":537,"bottom":624,"widthPx":73,"heightPx":88,"spanPx":88,"count":3017,"bandWidthPx":53}}
[plume-frozen] iphone-landscape step 594: {"extent":{"found":true,"left":1093,"right":1154,"top":544,"bottom":788,"widthPx":62,"heightPx":245,"spanPx":245,"count":3255,"bandWidthPx":51},"repeat":{"found":true,"left":1093,"right":1154,"top":544,"bottom":788,"widthPx":62,"heightPx":245,"spanPx":245,"count":3255,"bandWidthPx":51}}
[plume] iphone-landscape · the plume is longer than the ship at low altitude @mobile: 1.66 long, 0.39 across (spans 1.66/1.57/0.67/1.85, widths 0.34/0.36/0.40/0.39, steps 508/538/566/594; 0/4 anchored to the region edge; throttle 100/100/100/100; (1099,537)-(1167,755)n3107 (1096,539)-(1161,746)n3171 (1102,537)-(1174,624)n3017 (1093,544)-(1154,788)n3255)
[plume-frozen] iphone-portrait step 514: {"extent":{"found":true,"left":570,"right":612,"top":560,"bottom":637,"widthPx":43,"heightPx":78,"spanPx":78,"count":795,"bandWidthPx":36},"repeat":{"found":true,"left":570,"right":612,"top":560,"bottom":637,"widthPx":43,"heightPx":78,"spanPx":78,"count":795,"bandWidthPx":36}}
  ✓  1 [iphone-landscape] › tests/e2e/plume.spec.ts:271:1 › the plume is longer than the ship at low altitude @mobile (1.1m)
[plume-frozen] iphone-portrait step 550: {"extent":{"found":true,"left":559,"right":619,"top":563,"bottom":625,"widthPx":61,"heightPx":63,"spanPx":63,"count":712,"bandWidthPx":37},"repeat":{"found":true,"left":559,"right":619,"top":563,"bottom":625,"widthPx":61,"heightPx":63,"spanPx":63,"count":712,"bandWidthPx":37}}
[plume-frozen] iphone-portrait step 590: {"extent":{"found":true,"left":576,"right":613,"top":562,"bottom":614,"widthPx":38,"heightPx":53,"spanPx":53,"count":650,"bandWidthPx":34},"repeat":{"found":true,"left":576,"right":613,"top":562,"bottom":614,"widthPx":38,"heightPx":53,"spanPx":53,"count":650,"bandWidthPx":34}}
[plume-frozen] iphone-landscape step 390: {"extent":{"found":true,"left":1096,"right":1157,"top":555,"bottom":800,"widthPx":62,"heightPx":246,"spanPx":246,"count":2818,"bandWidthPx":53},"repeat":{"found":true,"left":1096,"right":1157,"top":555,"bottom":800,"widthPx":62,"heightPx":246,"spanPx":246,"count":2818,"bandWidthPx":53}}
[plume-frozen] iphone-portrait step 632: {"extent":{"found":true,"left":568,"right":604,"top":562,"bottom":605,"widthPx":37,"heightPx":44,"spanPx":44,"count":466,"bandWidthPx":26},"repeat":{"found":true,"left":568,"right":604,"top":562,"bottom":605,"widthPx":37,"heightPx":44,"spanPx":44,"count":466,"bandWidthPx":26}}
[plume] iphone-portrait · and blooms wider than the ship in vacuum @mobile: 1.05 long, 0.60 across (spans 1.30/1.05/0.88/0.73, widths 0.60/0.62/0.57/0.43, steps 514/550/590/632; 0/4 anchored to the region edge; throttle 100/100/100/100; (570,560)-(612,637)n795 (559,563)-(619,625)n712 (576,562)-(613,614)n650 (568,562)-(604,605)n466)
low: 1.82 long, 0.39 across · vacuum: 1.05 long, 0.60 across
frame 1170x1104 @3.00x  altitude 120000 m  vehicle 60 px
  below      mean   46.8  spread  19.92  tones  6  bright 0.003  dark 0.932  warm 0.0096  top #332222:0.37 #222222:0.36 #222211:0.11 #111122:0.03 #333322:0.02
  EXT plume    found true  span 44px (37x44)  band 26px  n 466  box (568,562)-(604,605)  = 0.73 vehicle heights
  |   -                                        |
  |                                            |
  |       +          -:   :       = ==        #|
  |         =             =                   #|
  |        ++               -.                 |
  |        -          +-     -  -.         ==  |
  |      ==                     -.           .+|
  |  ==   == +                      -      *   |
  |                     -+      --  =          |
  |  --                 #*   -   --  -         |
  |.......-............#@%#....................|
  |......--...-........-@@=....................|
  |*****************************@*************#|
  |=:...................-+...................-=|
  |.....................=-.....................|
  |.....................--.....................|
  |.....................:::....................|
  |......................:.....................|
  |::..........................................|
  |:::.....................................::::|
  |:::::::.............................::::::::|
  |:::::::...........................::::::::::|
  aspect: 0.21 low, 0.57 vacuum
  ✓  3 [iphone-portrait] › tests/e2e/plume.spec.ts:297:1 › and blooms wider than the ship in vacuum @mobile (1.3m)
[plume-frozen] iphone-landscape step 432: {"extent":{"found":true,"left":1090,"right":1146,"top":548,"bottom":746,"widthPx":57,"heightPx":199,"spanPx":199,"count":3010,"bandWidthPx":48},"repeat":{"found":true,"left":1090,"right":1146,"top":548,"bottom":746,"widthPx":57,"heightPx":199,"spanPx":199,"count":3010,"bandWidthPx":48}}
[plume-frozen] iphone-landscape step 464: {"extent":{"found":true,"left":1103,"right":1162,"top":540,"bottom":647,"widthPx":60,"heightPx":108,"spanPx":108,"count":3278,"bandWidthPx":56},"repeat":{"found":true,"left":1103,"right":1162,"top":540,"bottom":647,"widthPx":60,"heightPx":108,"spanPx":108,"count":3278,"bandWidthPx":56}}
[plume-frozen] iphone-landscape step 500: {"extent":{"found":true,"left":1098,"right":1165,"top":539,"bottom":737,"widthPx":68,"heightPx":199,"spanPx":199,"count":2978,"bandWidthPx":48},"repeat":{"found":true,"left":1098,"right":1165,"top":539,"bottom":737,"widthPx":68,"heightPx":199,"spanPx":199,"count":2978,"bandWidthPx":48}}
[plume] iphone-landscape · and blooms wider than the ship in vacuum @mobile: 1.51 long, 0.40 across (spans 1.86/1.51/0.82/1.51, widths 0.40/0.36/0.42/0.36, steps 390/432/464/500; 0/4 anchored to the region edge; throttle 100/100/100/100; (1096,555)-(1157,800)n2818 (1090,548)-(1146,746)n3010 (1103,540)-(1162,647)n3278 (1098,539)-(1165,737)n2978)
[plume-frozen] iphone-landscape step 370: {"extent":{"found":true,"left":1104,"right":1145,"top":531,"bottom":597,"widthPx":42,"heightPx":67,"spanPx":67,"count":836,"bandWidthPx":42},"repeat":{"found":true,"left":1104,"right":1145,"top":531,"bottom":597,"widthPx":42,"heightPx":67,"spanPx":67,"count":836,"bandWidthPx":42}}
[plume-frozen] iphone-landscape step 412: {"extent":{"found":true,"left":1116,"right":1153,"top":528,"bottom":575,"widthPx":38,"heightPx":48,"spanPx":48,"count":664,"bandWidthPx":26},"repeat":{"found":true,"left":1116,"right":1153,"top":528,"bottom":575,"widthPx":38,"heightPx":48,"spanPx":48,"count":664,"bandWidthPx":26}}
[plume-frozen] iphone-landscape step 452: {"extent":{"found":true,"left":1087,"right":1135,"top":525,"bottom":570,"widthPx":49,"heightPx":46,"spanPx":49,"count":453,"bandWidthPx":21},"repeat":{"found":true,"left":1087,"right":1135,"top":525,"bottom":570,"widthPx":49,"heightPx":46,"spanPx":49,"count":453,"bandWidthPx":21}}
[plume-frozen] iphone-landscape step 494: {"extent":{"found":true,"left":1106,"right":1154,"top":524,"bottom":572,"widthPx":49,"heightPx":49,"spanPx":49,"count":608,"bandWidthPx":22},"repeat":{"found":true,"left":1106,"right":1154,"top":524,"bottom":572,"widthPx":49,"heightPx":49,"spanPx":49,"count":608,"bandWidthPx":22}}
[plume] iphone-landscape · and blooms wider than the ship in vacuum @mobile: 0.82 long, 0.43 across (spans 1.12/0.80/0.82/0.82, widths 0.70/0.43/0.35/0.37, steps 370/412/452/494; 0/4 anchored to the region edge; throttle 100/100/100/100; (1104,531)-(1145,597)n836 (1116,528)-(1153,575)n664 (1087,525)-(1135,570)n453 (1106,524)-(1154,572)n608)
low: 1.51 long, 0.40 across · vacuum: 0.82 long, 0.43 across
frame 2250x1020 @3.00x  altitude 120000 m  vehicle 60 px
  below      mean   48.1  spread  18.51  tones  4  bright 0.002  dark 0.942  warm 0.0052  top #332222:0.60 #222222:0.18 #333322:0.06 #111122:0.04 #112222:0.02
  EXT plume    found true  span 49px (49x49)  band 22px  n 608  box (1106,524)-(1154,572)  = 0.82 vehicle heights
  |         -  --                      -       |
  |                                            |
  |              .+    - -   ==    #           |
  |           =   ==     =         #.-         |
  |           =   +=      -                    |
  |               -    +-  --     =   -        |
  |              =          -      +   -       |
  |      +   - =  =+          -  ** =          |
  |        = :          -+  - =     =          |
  |       -    --       #  - -.-    -          |
  |.........-....--.....%%...:.................|
  |........=-....-..-...@@.............-.......|
  |==+++**#**************@**@******%******+++==|
  |*******+............:*+.............+*******|
  |.....................+=.....................|
  |.....................--.....................|
  |.....................--.....................|
  |.....................::.....................|
  |.....................::.....................|
  |.....................::.....................|
  |............................................|
  |.......:::::::::...........................:|
  aspect: 0.27 low, 0.53 vacuum
  ✘  4 [iphone-landscape] › tests/e2e/plume.spec.ts:297:1 › and blooms wider than the ship in vacuum @mobile (1.1m)


  1) [iphone-landscape] › tests/e2e/plume.spec.ts:297:1 › and blooms wider than the ship in vacuum @mobile 

    Error: low: 1.51 long, 0.40 across · vacuum: 0.82 long, 0.43 across
    frame 2250x1020 @3.00x  altitude 120000 m  vehicle 60 px
      below      mean   48.1  spread  18.51  tones  4  bright 0.002  dark 0.942  warm 0.0052  top #332222:0.60 #222222:0.18 #333322:0.06 #111122:0.04 #112222:0.02
      EXT plume    found true  span 49px (49x49)  band 22px  n 608  box (1106,524)-(1154,572)  = 0.82 vehicle heights
      |         -  --                      -       |
      |                                            |
      |              .+    - -   ==    #           |
      |           =   ==     =         #.-         |
      |           =   +=      -                    |
      |               -    +-  --     =   -        |
      |              =          -      +   -       |
      |      +   - =  =+          -  ** =          |
      |        = :          -+  - =     =          |
      |       -    --       #  - -.-    -          |
      |.........-....--.....%%...:.................|
      |........=-....-..-...@@.............-.......|
      |==+++**#**************@**@******%******+++==|
      |*******+............:*+.............+*******|
      |.....................+=.....................|
      |.....................--.....................|
      |.....................--.....................|
      |.....................::.....................|
      |.....................::.....................|
      |.....................::.....................|
      |............................................|
      |.......:::::::::...........................:|
      aspect: 0.27 low, 0.53 vacuum

    expect(received).toBeGreaterThan(expected)

    Expected: > 0.48127126181304997
    Received:   0.43333333333333335

      343 |     `${(vacuum.width / vacuum.span).toFixed(2)} vacuum`;
      344 |   console.log(shape);
    > 345 |   expect(vacuum.width, shape).toBeGreaterThan(low.width * 1.2);
          |                               ^
      346 |   expect(vacuum.width, shape).toBeGreaterThan(0.2);
      347 | });
      348 |
        at /Users/stevewang/dev/StarShipSimulator-realism/tests/e2e/plume.spec.ts:345:31

    attachment #33: screenshot (image/png) ─────────────────────────────────────────────────────────
    test-results/plume-and-blooms-wider-than-the-ship-in-vacuum-mobile-iphone-landscape/test-failed-1.png
    ────────────────────────────────────────────────────────────────────────────────────────────────

    Error Context: test-results/plume-and-blooms-wider-than-the-ship-in-vacuum-mobile-iphone-landscape/error-context.md

  1 failed
    [iphone-landscape] › tests/e2e/plume.spec.ts:297:1 › and blooms wider than the ship in vacuum @mobile 
  3 passed (1.9m)
