
 RUN  v4.1.11 /Users/stevewang/dev/StarShipSimulator-realism

 ❯ |unit| tests/core/fin-surface-predictor.test.ts (1 test | 1 failed) 14ms
   × forecast geometry follows the actual surfaces across Mach5, not a cached current-domain area 13ms

⎯⎯⎯⎯⎯⎯⎯ Failed Tests 1 ⎯⎯⎯⎯⎯⎯⎯

 FAIL  |unit| tests/core/fin-surface-predictor.test.ts > forecast geometry follows the actual surfaces across Mach5, not a cached current-domain area
AssertionError: expected { reached: true, …(3) } to deeply equal { reached: true, …(3) }

- Expected
+ Received

  {
-   "downRange": 4372986.165983208,
+   "downRange": 4376865.283344751,
    "peakKelvin": 1355.8745979707785,
    "reached": true,
-   "time": 917.8405033236133,
+   "time": 902.3836977158509,
  }

 ❯ tests/core/fin-surface-predictor.test.ts:19:25
     17|   predictEntryRangeInto(s, rad(65 * Math.PI / 180), createBurnScratch(…
     18|   expect(bodyOnlyCache.reached).toBe(true);
     19|   expect(bodyOnlyCache).toEqual(legacyCache);
       |                         ^
     20| });
     21|

⎯⎯⎯⎯⎯⎯⎯⎯⎯⎯⎯⎯⎯⎯⎯⎯⎯⎯⎯⎯⎯⎯⎯⎯[1/1]⎯


 Test Files  1 failed (1)
      Tests  1 failed (1)
   Start at  08:12:41
   Duration  199ms (transform 63ms, setup 0ms, import 79ms, tests 14ms, environment 0ms)

