
 RUN  v4.1.11 /Users/stevewang/dev/StarShipSimulator-realism

 ❯ |unit| tests/golden/replay.test.ts (0 test)

⎯⎯⎯⎯⎯⎯ Failed Suites 1 ⎯⎯⎯⎯⎯⎯⎯

 FAIL  |unit| tests/golden/replay.test.ts [ tests/golden/replay.test.ts ]
Error: Transform failed with 1 error:

[31m[PARSE_ERROR] [0mIdentifier `SAMPLE_EVERY` has already been declared
    [38;5;246m╭[0m[38;5;246m─[0m[38;5;246m[[0m tests/golden/replay.test.ts:24:3 [38;5;246m][0m
    [38;5;246m│[0m
 [38;5;246m24 │[0m [38;5;249m [0m[38;5;249m [0mSAMPLE_EVERY[38;5;249m,[0m
 [38;5;240m   │[0m   ──────┬─────  
 [38;5;240m   │[0m         ╰─────── `SAMPLE_EVERY` has already been declared here
 [38;5;240m   │[0m 
 [38;5;246m26 │[0m [38;5;249m [0m[38;5;249m [0mSAMPLE_EVERY[38;5;249m,[0m
 [38;5;240m   │[0m   ──────┬─────  
 [38;5;240m   │[0m         ╰─────── It can not be redeclared here
[38;5;246m────╯[0m

  Plugin: vite:oxc
  File: /Users/stevewang/dev/StarShipSimulator-realism/tests/golden/replay.test.ts
 ❯ transformWithOxc node_modules/vite/dist/node/chunks/node.js:4103:19
 ❯ TransformPluginContext.transform node_modules/vite/dist/node/chunks/node.js:4174:26
 ❯ EnvironmentPluginContainer.transform node_modules/vite/dist/node/chunks/node.js:30932:51
 ❯ loadAndTransform node_modules/vite/dist/node/chunks/node.js:20671:26

⎯⎯⎯⎯⎯⎯⎯⎯⎯⎯⎯⎯⎯⎯⎯⎯⎯⎯⎯⎯⎯⎯⎯⎯[1/1]⎯


 Test Files  1 failed | 3 passed (4)
      Tests  44 passed (44)
   Start at  09:46:35
   Duration  1.83s (transform 241ms, setup 0ms, import 371ms, tests 1.58s, environment 0ms)

