
 RUN  v4.1.11 /Users/stevewang/dev/StarShipSimulator-realism

 ❯ |unit| tests/hud/timeline.test.ts (29 tests | 1 failed) 2407ms
     × 'reentry-autoland' derives the same events from the fixture bytes 140ms
 ❯ |unit| tests/core/camera.test.ts (104 tests | 2 failed) 5351ms
     × keeps ground and a framed vehicle visible at altitude 100 through every shake phase 3ms
     × keeps ground and a framed vehicle visible at altitude 200 through every shake phase 0ms

⎯⎯⎯⎯⎯⎯⎯ Failed Tests 3 ⎯⎯⎯⎯⎯⎯⎯

 FAIL  |unit| tests/core/camera.test.ts > rendered shake respects ground and framing clearance > keeps ground and a framed vehicle visible at altitude 100 through every shake phase
 FAIL  |unit| tests/core/camera.test.ts > rendered shake respects ground and framing clearance > keeps ground and a framed vehicle visible at altitude 200 through every shake phase
AssertionError: expected 804.3646276487632 to be less than or equal to 800
 ❯ tests/core/camera.test.ts:1027:24
    1025|       const ground = worldToScreen(camera, v, 0, 0);
    1026|       const vehicle = worldToScreen(camera, v, 0, altitude);
    1027|       expect(ground.y).toBeLessThanOrEqual(v.height);
       |                        ^
    1028|       expect(vehicle.y).toBeGreaterThanOrEqual(0);
    1029|       expect(vehicle.y).toBeLessThanOrEqual(v.height);

⎯⎯⎯⎯⎯⎯⎯⎯⎯⎯⎯⎯⎯⎯⎯⎯⎯⎯⎯⎯⎯⎯⎯⎯[1/3]⎯

 FAIL  |unit| tests/hud/timeline.test.ts > the derivation, replayed over every golden > 'reentry-autoland' derives the same events from the fixture bytes
AssertionError: expected [ 'ENTRY' ] to deeply equal [ 'ENTRY', 'MAX-Q', 'FLIP', …(2) ]

- Expected
+ Received

  [
    "ENTRY",
-   "MAX-Q",
-   "FLIP",
-   "LANDING BURN",
-   "TOUCHDOWN",
  ]

 ❯ tests/hud/timeline.test.ts:168:40
    166|       at whatever frame rate the machine gives it, not at 120 Hz.
    167|     */
    168|     expect(eventsFromFixture(spec.id)).toEqual(EXPECTED[spec.id]);
       |                                        ^
    169|   });
    170|

⎯⎯⎯⎯⎯⎯⎯⎯⎯⎯⎯⎯⎯⎯⎯⎯⎯⎯⎯⎯⎯⎯⎯⎯[2/3]⎯


 Test Files  2 failed | 1 passed (3)
      Tests  3 failed | 186 passed (189)
   Start at  09:38:50
   Duration  12.82s (transform 270ms, setup 0ms, import 389ms, tests 20.32s, environment 0ms)

