
 RUN  v4.1.11 /Users/stevewang/dev/StarShipSimulator-realism

 ❯ |unit| tests/core/booster-prediction.test.ts (7 tests | 1 failed) 131ms
     × does not mutate a prediction shared by a cloned previous frame and deterministically publishes a completed result 108ms
 ❯ |unit| tests/core/booster-terminal-envelope.test.ts (9 tests | 1 failed) 469ms
     × physically catches the recorded paid ready input rtls with upright, bounded point motion 154ms

⎯⎯⎯⎯⎯⎯⎯ Failed Tests 2 ⎯⎯⎯⎯⎯⎯⎯

 FAIL  |unit| tests/core/booster-prediction.test.ts > bounded deterministic booster prediction > does not mutate a prediction shared by a cloned previous frame and deterministically publishes a completed result
AssertionError: expected undefined to be defined
 ❯ tests/core/booster-prediction.test.ts:113:20
    111|       advanceBoosterPrediction(b,1/120,advanceMechanics,runBoosterPoli…
    112|     const result=b.autopilot.boosterPrediction?.published;
    113|     expect(result).toBeDefined();expect(result!.forecast.reached).toBe…
       |                    ^
    114|     expect(result!.forecast.fuel).toBeLessThan(a.vehicle.propellantMas…
    115|     expect(b.rng).toEqual(a.rng);

⎯⎯⎯⎯⎯⎯⎯⎯⎯⎯⎯⎯⎯⎯⎯⎯⎯⎯⎯⎯⎯⎯⎯⎯[1/2]⎯

 FAIL  |unit| tests/core/booster-terminal-envelope.test.ts > physical terminal catch envelope > physically catches the recorded paid ready input rtls with upright, bounded point motion
AssertionError: expected false to be true // Object.is equality

- Expected
+ Received

- true
+ false

 ❯ tests/core/booster-terminal-envelope.test.ts:86:29
     84|       previous=s;s=advanceMechanics(s,1/120,runBoosterPolicy,SUPER_HEA…
     85|     }
     86|     expect(s.status.landed).toBe(true);expect(s.status.onTheGround).to…
       |                             ^
     87|     expect(s.vehicle.propellantMass).toBeGreaterThan(0);
     88|     expect(Object.values(s.failures).some(Boolean)).toBe(false);

⎯⎯⎯⎯⎯⎯⎯⎯⎯⎯⎯⎯⎯⎯⎯⎯⎯⎯⎯⎯⎯⎯⎯⎯[2/2]⎯


 Test Files  2 failed | 8 passed (10)
      Tests  2 failed | 58 passed (60)
   Start at  19:45:22
   Duration  1.25s (transform 1.13s, setup 0ms, import 1.79s, tests 1.43s, environment 1ms)

