
 RUN  v4.1.11 /Users/stevewang/dev/StarShipSimulator-realism

 ❯ |unit| tests/core/risk-policy-provenance.test.ts (3 tests | 2 failed) 14ms
     × drops old work and cutoff when initial ignition risk is false 10ms
     × drops old work and cutoff when initial ignition risk is true 3ms
Not implemented: HTMLCanvasElement's getContext() method: without installing the canvas npm package
 ❯ |unit| tests/ui/session.test.ts (17 tests | 3 failed) 46ms
     × invalidates booster risk work through the actual standalone toggle 7ms
     × invalidates booster risk work through the actual selected-booster toggle 8ms
     × invalidates booster risk work through the actual selected-ship toggle 4ms

⎯⎯⎯⎯⎯⎯⎯ Failed Tests 5 ⎯⎯⎯⎯⎯⎯⎯

 FAIL  |unit| tests/core/risk-policy-provenance.test.ts > risk policy forecast provenance > drops old work and cutoff when initial ignition risk is false
AssertionError: expected { …(11) } to be undefined

- Expected:
undefined

+ Received:
{
  "attemptedTicks": [
    656,
  ],
  "done": false,
  "duration": 5.466666666666667,
  "firstDuration": 5.466666666666667,
  "iterations": 1,
  "lowerDuration": 0,
  "origin": {
    "atmosphere": {
      "airDensity": 0.1947549914940397,
      "airPressure": 12.1118192408138,
      "airTemperature": -56.5,
    },
    "autopilot": {
      "accelerationStageCompleted": false,
      "aeroDescentCompleted": false,
      "autoBoostBackOn": false,
      "autoDeorbitOn": false,
      "autoLandOn": true,
      "autoMaxThrustOn": false,
      "autoTakeOffInitialised": false,
      "autoTakeOffOn": false,
      "bellyFlopTriggerAltitude": 0,
      "boostBackAeroDeceleration": true,
      "boostBackDecelerationCheckCountdown": null,
      "boostBackDecelerationStageInitCompleted": false,
      "boostBackDirection": 0,
      "boostBackInitCompleted": false,
      "boosterFallTime": 101.74568061694355,
      "boosterFinControl": 99.993896484375,
      "boosterPhase": "align-boost",
      "boosterRangeError": 14400.871276782967,
      "decelerationStageEstDuration": 0,
      "demoAutoLandOn": false,
      "deorbitBurnCompleted": false,
      "deorbitBurnStarted": false,
      "deorbitInitCompleted": false,
      "deorbitTargetSpeed": undefined,
      "distanceToGround": undefined,
      "effectiveVerticalMaxThrust": undefined,
      "finalDescentStageCompleted": false,
      "finalDescentStageInitialised": false,
      "finalStagePessimisticAltitude": undefined,
      "fineTunePercentage": undefined,
      "flipCompleted": false,
      "flipStageInitialised": false,
      "holdingPitch": 0,
      "horizontalAccelerationByAeroBreakingCorrectionAngle": 0,
      "horizontalAdjustmentDesiredSpeed": undefined,
      "horizontalAdjustmentHorizontalSpeedLimit": 5,
      "horizontalAdjustmentStageCompleted": false,
      "horizontalAdjustmentStageInitialised": false,
      "horizontalAdjustmentTimeLeft": undefined,
      "horizontalAdjustmentVerticalSpeedLimit": -30,
      "initVehicleConfigCompleted": false,
      "landingSiteXPos": 20015086.79602057,
      "manualControlOn": false,
      "pitchControl": 0,
      "pitchHoldOn": false,
      "rcsThrustCommand": 0,
    },
    "engines": {
      "failed": [
        false,
        false,
        false,
        false,
        false,
        false,
        false,
        false,
        false,
        false,
        false,
        false,
        false,
        false,
        false,
        false,
        false,
        false,
        false,
        false,
        false,
        false,
        false,
        false,
        false,
        false,
        false,
        false,
        false,
        false,
        false,
        false,
        false,
      ],
      "ignitionCountdown": [
        null,
        null,
        null,
        null,
        null,
        null,
        null,
        null,
        null,
        null,
        null,
        null,
        null,
        null,
        null,
        null,
        null,
        null,
        null,
        null,
        null,
        null,
        null,
        null,
        null,
        null,
        null,
        null,
        null,
        null,
        null,
        null,
        null,
      ],
      "running": [
        false,
        false,
        false,
        false,
        false,
        false,
        false,
        false,
        false,
        false,
        false,
        false,
        false,
        false,
        false,
        false,
        false,
        false,
        false,
        false,
        false,
        false,
        false,
        false,
        false,
        false,
        false,
        false,
        false,
        false,
        false,
        false,
        false,
      ],
    },
    "failures": {
      "coldGasRunOut": false,
      "crashed": false,
      "flippedOver": false,
      "fuelRunOut": false,
      "heatDamaged": false,
      "inFlightBreakUp": false,
      "overGLoad": false,
      "overPressure": false,
      "randomFailure": false,
    },
    "forces": {
      "aerodynamicDrag": 1213753.120834636,
      "aerodynamicDragAcceleration": 3.03438280208659,
      "aerodynamicLift": 3420516.133628325,
      "aerodynamicLiftAcceleration": 8.551290334070814,
      "aftFinDrag": 0,
      "aftFinDragAngularAcceleration": -0,
      "aftFinEffectiveAreaFraction": 0.49253484903610867,
      "angularDragAcceleration": 0,
      "crossSectionalArea": 30.29392915961586,
      "dynamicPressure": 28.609508250474434,
      "frontFinDrag": 0,
      "frontFinDragAngularAcceleration": 0,
      "frontFinEffectiveAreaFraction": 0.49253484903610867,
      "offAxisThrustDifferenceAcceleration": 0,
      "perceivedG": 0.9252599770228486,
      "perceivedG_X": -0.8801382351095645,
      "perceivedG_Y": 0.2854167342300436,
      "rcsThrust": -800000,
      "rcsThrustAngularAcceleration": 0,
      "surfaceTemperature": 585.2624282906211,
      "thermalPower": 5548.822684002994,
      "thrust": 0,
      "thrustAcceleration": 0,
      "thrustVectorAcceleration": 0,
      "thrustVectorForce": 0,
      "twr": 0,
    },
    "kinematics": {
      "accelerationX": -8.653420241814988,
      "accelerationY": -6.958132875545841,
      "altitude": 15003.583091731376,
      "angleInToTheWind": -0.13097199172509255,
      "angleOfAttack": -0.13097199172509255,
      "angleOfMotion": 0.6545707673233914,
      "angularAcceleration": 0,
      "angularVelocity": 0,
      "distanceToPlanetCenter": 6386003.583091731,
      "downRangeDistance": 20020089.545720104,
      "downRangeDistanceNextFrame": 20020089.545720104,
      "machSpeed": 1.8366628753323224,
      "orbitalVelocityAtCurrentAltitude": 7900.495115757102,
      "pitch": 0.5235987755982988,
      "pitchRateOfChange": 0,
      "pitchRecord": [
        0.5235987755982988,
        0.5235987755982988,
      ],
      "speedX": 329.9278881318856,
      "speedY": 429.9420155447593,
      "totalAcceleration": 11.103931510740024,
      "trueSpeed": 541.9433070883485,
    },
    "rng": {
      "counters": {
        "ignitionDelay": 0,
        "ignitionFailure": 0,
        "turbulence": 0,
      },
      "seed": 123,
    },
    "status": {
      "dumpingFuel": false,
      "finActive": true,
      "finLocked": false,
      "forceDump": false,
      "gearDown": false,
      "landed": false,
      "onTheGround": false,
      "rcsActive": true,
      "translationModeOn": true,
    },
    "vehicle": {
      "aftFinExtension": 50,
      "frontFinExtension": 51,
      "gimbalPointingDirection": 0.5235987755982988,
      "gimbalPosition": 0,
      "propellantMass": 200000,
      "rcsRunTimeRemaining": 24.991666666666667,
      "throttle": 100,
      "throttleCurrent": 100,
      "vehicleInFlightMaxArea": 639,
      "vehicleMass": 400000,
      "vehicleMomentOfInertia": 186440383.08751577,
    },
    "warnings": {
      "coldGasLow": false,
      "fuelLow": false,
      "heatDamagedWarning": false,
      "overGLoadWarning": false,
      "overPressureWarning": false,
    },
    "world": {
      "environmentTime": 0.008333333333333333,
      "gust": 0,
      "gustVertical": 0,
      "timeSpent": 0.008333333333333333,
      "turbulenceU": 0,
      "turbulenceW1": 0,
      "turbulenceW2": 0,
      "updatedFrameCount": 1,
      "wind": 0,
    },
  },
  "published": undefined,
  "rollout": {
    "burnRemaining": 5.466666666666667,
    "burnTicks": 656,
    "cutoffClock": 0.041666666666666664,
    "done": false,
    "initialDraws": 0,
    "initialTime": 101.74568061694355,
    "origin": {
      "atmosphere": {
        "airDensity": 0.1947549914940397,
        "airPressure": 12.1118192408138,
        "airTemperature": -56.5,
      },
      "autopilot": {
        "accelerationStageCompleted": false,
        "aeroDescentCompleted": false,
        "autoBoostBackOn": false,
        "autoDeorbitOn": false,
        "autoLandOn": true,
        "autoMaxThrustOn": false,
        "autoTakeOffInitialised": false,
        "autoTakeOffOn": false,
        "bellyFlopTriggerAltitude": 0,
        "boostBackAeroDeceleration": true,
        "boostBackDecelerationCheckCountdown": null,
        "boostBackDecelerationStageInitCompleted": false,
        "boostBackDirection": 0,
        "boostBackInitCompleted": false,
        "boosterFallTime": 101.74568061694355,
        "boosterFinControl": 99.993896484375,
        "boosterPhase": "align-boost",
        "boosterRangeError": 14400.871276782967,
        "decelerationStageEstDuration": 0,
        "demoAutoLandOn": false,
        "deorbitBurnCompleted": false,
        "deorbitBurnStarted": false,
        "deorbitInitCompleted": false,
        "deorbitTargetSpeed": undefined,
        "distanceToGround": undefined,
        "effectiveVerticalMaxThrust": undefined,
        "finalDescentStageCompleted": false,
        "finalDescentStageInitialised": false,
        "finalStagePessimisticAltitude": undefined,
        "fineTunePercentage": undefined,
        "flipCompleted": false,
        "flipStageInitialised": false,
        "holdingPitch": 0,
        "horizontalAccelerationByAeroBreakingCorrectionAngle": 0,
        "horizontalAdjustmentDesiredSpeed": undefined,
        "horizontalAdjustmentHorizontalSpeedLimit": 5,
        "horizontalAdjustmentStageCompleted": false,
        "horizontalAdjustmentStageInitialised": false,
        "horizontalAdjustmentTimeLeft": undefined,
        "horizontalAdjustmentVerticalSpeedLimit": -30,
        "initVehicleConfigCompleted": false,
        "landingSiteXPos": 20015086.79602057,
        "manualControlOn": false,
        "pitchControl": 0,
        "pitchHoldOn": false,
        "rcsThrustCommand": 0,
      },
      "engines": {
        "failed": [
          false,
          false,
          false,
          false,
          false,
          false,
          false,
          false,
          false,
          false,
          false,
          false,
          false,
          false,
          false,
          false,
          false,
          false,
          false,
          false,
          false,
          false,
          false,
          false,
          false,
          false,
          false,
          false,
          false,
          false,
          false,
          false,
          false,
        ],
        "ignitionCountdown": [
          null,
          null,
          null,
          null,
          null,
          null,
          null,
          null,
          null,
          null,
          null,
          null,
          null,
          null,
          null,
          null,
          null,
          null,
          null,
          null,
          null,
          null,
          null,
          null,
          null,
          null,
          null,
          null,
          null,
          null,
          null,
          null,
          null,
        ],
        "running": [
          false,
          false,
          false,
          false,
          false,
          false,
          false,
          false,
          false,
          false,
          false,
          false,
          false,
          false,
          false,
          false,
          false,
          false,
          false,
          false,
          false,
          false,
          false,
          false,
          false,
          false,
          false,
          false,
          false,
          false,
          false,
          false,
          false,
        ],
      },
      "failures": {
        "coldGasRunOut": false,
        "crashed": false,
        "flippedOver": false,
        "fuelRunOut": false,
        "heatDamaged": false,
        "inFlightBreakUp": false,
        "overGLoad": false,
        "overPressure": false,
        "randomFailure": false,
      },
      "forces": {
        "aerodynamicDrag": 1213753.120834636,
        "aerodynamicDragAcceleration": 3.03438280208659,
        "aerodynamicLift": 3420516.133628325,
        "aerodynamicLiftAcceleration": 8.551290334070814,
        "aftFinDrag": 0,
        "aftFinDragAngularAcceleration": -0,
        "aftFinEffectiveAreaFraction": 0.49253484903610867,
        "angularDragAcceleration": 0,
        "crossSectionalArea": 30.29392915961586,
        "dynamicPressure": 28.609508250474434,
        "frontFinDrag": 0,
        "frontFinDragAngularAcceleration": 0,
        "frontFinEffectiveAreaFraction": 0.49253484903610867,
        "offAxisThrustDifferenceAcceleration": 0,
        "perceivedG": 0.9252599770228486,
        "perceivedG_X": -0.8801382351095645,
        "perceivedG_Y": 0.2854167342300436,
        "rcsThrust": -800000,
        "rcsThrustAngularAcceleration": 0,
        "surfaceTemperature": 585.2624282906211,
        "thermalPower": 5548.822684002994,
        "thrust": 0,
        "thrustAcceleration": 0,
        "thrustVectorAcceleration": 0,
        "thrustVectorForce": 0,
        "twr": 0,
      },
      "kinematics": {
        "accelerationX": -8.653420241814988,
        "accelerationY": -6.958132875545841,
        "altitude": 15003.583091731376,
        "angleInToTheWind": -0.13097199172509255,
        "angleOfAttack": -0.13097199172509255,
        "angleOfMotion": 0.6545707673233914,
        "angularAcceleration": 0,
        "angularVelocity": 0,
        "distanceToPlanetCenter": 6386003.583091731,
        "downRangeDistance": 20020089.545720104,
        "downRangeDistanceNextFrame": 20020089.545720104,
        "machSpeed": 1.8366628753323224,
        "orbitalVelocityAtCurrentAltitude": 7900.495115757102,
        "pitch": 0.5235987755982988,
        "pitchRateOfChange": 0,
        "pitchRecord": [
          0.5235987755982988,
          0.5235987755982988,
        ],
        "speedX": 329.9278881318856,
        "speedY": 429.9420155447593,
        "totalAcceleration": 11.103931510740024,
        "trueSpeed": 541.9433070883485,
      },
      "rng": {
        "counters": {
          "ignitionDelay": 0,
          "ignitionFailure": 0,
          "turbulence": 0,
        },
        "seed": 123,
      },
      "status": {
        "dumpingFuel": false,
        "finActive": true,
        "finLocked": false,
        "forceDump": false,
        "gearDown": false,
        "landed": false,
        "onTheGround": false,
        "rcsActive": true,
        "translationModeOn": true,
      },
      "vehicle": {
        "aftFinExtension": 50,
        "frontFinExtension": 51,
        "gimbalPointingDirection": 0.5235987755982988,
        "gimbalPosition": 0,
        "propellantMass": 200000,
        "rcsRunTimeRemaining": 24.991666666666667,
        "throttle": 100,
        "throttleCurrent": 100,
        "vehicleInFlightMaxArea": 639,
        "vehicleMass": 400000,
        "vehicleMomentOfInertia": 186440383.08751577,
      },
      "warnings": {
        "coldGasLow": false,
        "fuelLow": false,
        "heatDamagedWarning": false,
        "overGLoadWarning": false,
        "overPressureWarning": false,
      },
      "world": {
        "environmentTime": 0.008333333333333333,
        "gust": 0,
        "gustVertical": 0,
        "timeSpent": 0.008333333333333333,
        "turbulenceU": 0,
        "turbulenceW1": 0,
        "turbulenceW2": 0,
        "updatedFrameCount": 1,
        "wind": 0,
      },
    },
    "readyHandoff": true,
    "result": {
      "failed": false,
      "fuel": 200000,
      "ignitionDraws": 0,
      "pitch": 0.5235198638576154,
      "rangeError": 5028.487626347691,
      "reached": false,
      "speedX": 329.3248113270104,
      "speedY": 429.57539340889866,
      "steps": 4,
      "time": 0.03333333333333333,
    },
    "state": {
      "atmosphere": {
        "airDensity": 0.1943175498893231,
        "airPressure": 12.084614733221494,
        "airTemperature": -56.5,
      },
      "autopilot": {
        "accelerationStageCompleted": false,
        "aeroDescentCompleted": false,
        "autoBoostBackOn": false,
        "autoDeorbitOn": false,
        "autoLandOn": true,
        "autoMaxThrustOn": false,
        "autoTakeOffInitialised": false,
        "autoTakeOffOn": false,
        "bellyFlopTriggerAltitude": 0,
        "boostBackAeroDeceleration": true,
        "boostBackDecelerationCheckCountdown": null,
        "boostBackDecelerationStageInitCompleted": false,
        "boostBackDirection": 0,
        "boostBackInitCompleted": false,
        "boosterCoastPitch": 0,
        "boosterFallTime": 101.72068061694354,
        "boosterFinControl": 99.993896484375,
        "boosterForecastBurn": true,
        "boosterPhase": "align-boost",
        "boosterRangeError": 14400.871276782967,
        "decelerationStageEstDuration": 0,
        "demoAutoLandOn": false,
        "deorbitBurnCompleted": false,
        "deorbitBurnStarted": false,
        "deorbitInitCompleted": false,
        "deorbitTargetSpeed": undefined,
        "distanceToGround": undefined,
        "effectiveVerticalMaxThrust": undefined,
        "finalDescentStageCompleted": false,
        "finalDescentStageInitialised": false,
        "finalStagePessimisticAltitude": undefined,
        "fineTunePercentage": undefined,
        "flipCompleted": false,
        "flipStageInitialised": false,
        "holdingPitch": 0,
        "horizontalAccelerationByAeroBreakingCorrectionAngle": 0,
        "horizontalAdjustmentDesiredSpeed": undefined,
        "horizontalAdjustmentHorizontalSpeedLimit": 5,
        "horizontalAdjustmentStageCompleted": false,
        "horizontalAdjustmentStageInitialised": false,
        "horizontalAdjustmentTimeLeft": undefined,
        "horizontalAdjustmentVerticalSpeedLimit": -30,
        "initVehicleConfigCompleted": false,
        "landingSiteXPos": 20015086.79602057,
        "manualControlOn": false,
        "pitchControl": 0,
        "pitchHoldOn": false,
        "rcsThrustCommand": 0,
      },
      "engines": {
        "failed": [
          false,
          false,
          false,
          false,
          false,
          false,
          false,
          false,
          false,
          false,
          false,
          false,
          false,
          false,
          false,
          false,
          false,
          false,
          false,
          false,
          false,
          false,
          false,
          false,
          false,
          false,
          false,
          false,
          false,
          false,
          false,
          false,
          false,
        ],
        "ignitionCountdown": [
          null,
          null,
          null,
          null,
          null,
          null,
          null,
          null,
          null,
          null,
          null,
          null,
          null,
          null,
          null,
          null,
          null,
          null,
          null,
          null,
          null,
          null,
          null,
          null,
          null,
          null,
          null,
          null,
          null,
          null,
          null,
          null,
          null,
        ],
        "running": [
          false,
          false,
          false,
          false,
          false,
          false,
          false,
          false,
          false,
          false,
          false,
          false,
          false,
          false,
          false,
          false,
          false,
          false,
          false,
          false,
          false,
          false,
          false,
          false,
          false,
          false,
          false,
          false,
          false,
          false,
          false,
          false,
          false,
        ],
      },
      "failures": {
        "coldGasRunOut": false,
        "crashed": false,
        "flippedOver": false,
        "fuelRunOut": false,
        "heatDamaged": false,
        "inFlightBreakUp": false,
        "overGLoad": false,
        "overPressure": false,
        "randomFailure": false,
      },
      "forces": {
        "aerodynamicDrag": 4523624.462768072,
        "aerodynamicDragAcceleration": 11.30906115692018,
        "aerodynamicLift": 3402401.212123762,
        "aerodynamicLiftAcceleration": 8.506003030309405,
        "aftFinDrag": 0,
        "aftFinDragAngularAcceleration": -0,
        "aftFinEffectiveAreaFraction": 0.49253484903610867,
        "angularDragAcceleration": 3.8886105732421004e-7,
        "crossSectionalArea": 113.41703718308906,
        "dynamicPressure": 28.485523735344938,
        "frontFinDrag": 85634.09375363502,
        "frontFinDragAngularAcceleration": -0.01933832881949247,
        "frontFinEffectiveAreaFraction": 0.5279628010877232,
        "offAxisThrustDifferenceAcceleration": 0,
        "perceivedG": 1.4568742192368311,
        "perceivedG_X": -1.4079538743070563,
        "perceivedG_Y": -0.37436396528068305,
        "rcsThrust": -800000,
        "rcsThrustAngularAcceleration": -0.18131692338972066,
        "surfaceTemperature": 584.6557904701906,
        "thermalPower": 5525.41293385361,
        "thrust": 0,
        "thrustAcceleration": 0,
        "thrustVectorAcceleration": 0,
        "thrustVectorForce": 0,
        "twr": 0,
      },
      "kinematics": {
        "accelerationX": -13.829469295075294,
        "accelerationY": -13.428374932564315,
        "altitude": 15017.906990349647,
        "angleInToTheWind": -0.13084541153281315,
        "angleOfAttack": -0.13084541153281315,
        "angleOfMotion": 0.6544050671553377,
        "angularAcceleration": -0.2006548633481558,
        "angularVelocity": -0.005611073719716787,
        "distanceToPlanetCenter": 6386017.906990349,
        "downRangeDistance": 20020100.535662983,
        "downRangeDistanceNextFrame": 20020100.535662983,
        "machSpeed": 1.8345062058693324,
        "orbitalVelocityAtCurrentAltitude": 7900.486255309467,
        "pitch": 0.5235198638576154,
        "pitchRateOfChange": -0.003143045994762339,
        "pitchRecord": [
          0.523585847672481,
          0.5235596556225246,
        ],
        "speedX": 329.4681681628847,
        "speedY": 429.4926413838126,
        "totalAcceleration": 19.276293064615718,
        "trueSpeed": 541.3069395781391,
      },
      "rng": {
        "counters": {
          "ignitionDelay": 0,
          "ignitionFailure": 0,
          "turbulence": 0,
        },
        "seed": 123,
      },
      "status": {
        "dumpingFuel": false,
        "finActive": true,
        "finLocked": false,
        "forceDump": false,
        "gearDown": false,
        "landed": false,
        "onTheGround": false,
        "rcsActive": true,
        "translationModeOn": true,
      },
      "vehicle": {
        "aftFinExtension": 50,
        "frontFinExtension": 55,
        "gimbalPointingDirection": 0.5235596556225246,
        "gimbalPosition": 0,
        "propellantMass": 200000,
        "rcsRunTimeRemaining": 24.958333333333332,
        "throttle": 100,
        "throttleCurrent": 100,
        "vehicleInFlightMaxArea": 639,
        "vehicleMass": 400000,
        "vehicleMomentOfInertia": 186440383.08751577,
      },
      "warnings": {
        "coldGasLow": false,
        "fuelLow": false,
        "heatDamagedWarning": false,
        "overGLoadWarning": false,
        "overPressureWarning": false,
      },
      "world": {
        "environmentTime": 0.041666666666666664,
        "gust": 0,
        "gustVertical": 0,
        "timeSpent": 0.041666666666666664,
        "turbulenceU": 0,
        "turbulenceW1": 0,
        "turbulenceW2": 0,
        "updatedFrameCount": 5,
        "wind": 0,
      },
    },
    "stopAtHandoff": true,
  },
  "stage": "upper",
  "upperDuration": 21.866666666666667,
}

 ❯ tests/core/risk-policy-provenance.test.ts:25:43
     23|     toggleRandomFailure(s);
     24|     expect(s.failures.randomFailure).toBe(!initial);
     25|     expect(s.autopilot.boosterPrediction).toBeUndefined();
       |                                           ^
     26|     expect(s.autopilot.boosterReturnPlan).toBeUndefined();
     27|     for (const key of ['vehicle', 'engines', 'kinematics', 'forces', '…

⎯⎯⎯⎯⎯⎯⎯⎯⎯⎯⎯⎯⎯⎯⎯⎯⎯⎯⎯⎯⎯⎯⎯⎯[1/5]⎯

 FAIL  |unit| tests/core/risk-policy-provenance.test.ts > risk policy forecast provenance > drops old work and cutoff when initial ignition risk is true
AssertionError: expected { …(11) } to be undefined

- Expected:
undefined

+ Received:
{
  "attemptedTicks": [
    656,
  ],
  "done": false,
  "duration": 5.466666666666667,
  "firstDuration": 5.466666666666667,
  "iterations": 1,
  "lowerDuration": 0,
  "origin": {
    "atmosphere": {
      "airDensity": 0.1947549914940397,
      "airPressure": 12.1118192408138,
      "airTemperature": -56.5,
    },
    "autopilot": {
      "accelerationStageCompleted": false,
      "aeroDescentCompleted": false,
      "autoBoostBackOn": false,
      "autoDeorbitOn": false,
      "autoLandOn": true,
      "autoMaxThrustOn": false,
      "autoTakeOffInitialised": false,
      "autoTakeOffOn": false,
      "bellyFlopTriggerAltitude": 0,
      "boostBackAeroDeceleration": true,
      "boostBackDecelerationCheckCountdown": null,
      "boostBackDecelerationStageInitCompleted": false,
      "boostBackDirection": 0,
      "boostBackInitCompleted": false,
      "boosterFallTime": 101.74568061694355,
      "boosterFinControl": 99.993896484375,
      "boosterPhase": "align-boost",
      "boosterRangeError": 14400.871276782967,
      "decelerationStageEstDuration": 0,
      "demoAutoLandOn": false,
      "deorbitBurnCompleted": false,
      "deorbitBurnStarted": false,
      "deorbitInitCompleted": false,
      "deorbitTargetSpeed": undefined,
      "distanceToGround": undefined,
      "effectiveVerticalMaxThrust": undefined,
      "finalDescentStageCompleted": false,
      "finalDescentStageInitialised": false,
      "finalStagePessimisticAltitude": undefined,
      "fineTunePercentage": undefined,
      "flipCompleted": false,
      "flipStageInitialised": false,
      "holdingPitch": 0,
      "horizontalAccelerationByAeroBreakingCorrectionAngle": 0,
      "horizontalAdjustmentDesiredSpeed": undefined,
      "horizontalAdjustmentHorizontalSpeedLimit": 5,
      "horizontalAdjustmentStageCompleted": false,
      "horizontalAdjustmentStageInitialised": false,
      "horizontalAdjustmentTimeLeft": undefined,
      "horizontalAdjustmentVerticalSpeedLimit": -30,
      "initVehicleConfigCompleted": false,
      "landingSiteXPos": 20015086.79602057,
      "manualControlOn": false,
      "pitchControl": 0,
      "pitchHoldOn": false,
      "rcsThrustCommand": 0,
    },
    "engines": {
      "failed": [
        false,
        false,
        false,
        false,
        false,
        false,
        false,
        false,
        false,
        false,
        false,
        false,
        false,
        false,
        false,
        false,
        false,
        false,
        false,
        false,
        false,
        false,
        false,
        false,
        false,
        false,
        false,
        false,
        false,
        false,
        false,
        false,
        false,
      ],
      "ignitionCountdown": [
        null,
        null,
        null,
        null,
        null,
        null,
        null,
        null,
        null,
        null,
        null,
        null,
        null,
        null,
        null,
        null,
        null,
        null,
        null,
        null,
        null,
        null,
        null,
        null,
        null,
        null,
        null,
        null,
        null,
        null,
        null,
        null,
        null,
      ],
      "running": [
        false,
        false,
        false,
        false,
        false,
        false,
        false,
        false,
        false,
        false,
        false,
        false,
        false,
        false,
        false,
        false,
        false,
        false,
        false,
        false,
        false,
        false,
        false,
        false,
        false,
        false,
        false,
        false,
        false,
        false,
        false,
        false,
        false,
      ],
    },
    "failures": {
      "coldGasRunOut": false,
      "crashed": false,
      "flippedOver": false,
      "fuelRunOut": false,
      "heatDamaged": false,
      "inFlightBreakUp": false,
      "overGLoad": false,
      "overPressure": false,
      "randomFailure": true,
    },
    "forces": {
      "aerodynamicDrag": 1213753.120834636,
      "aerodynamicDragAcceleration": 3.03438280208659,
      "aerodynamicLift": 3420516.133628325,
      "aerodynamicLiftAcceleration": 8.551290334070814,
      "aftFinDrag": 0,
      "aftFinDragAngularAcceleration": -0,
      "aftFinEffectiveAreaFraction": 0.49253484903610867,
      "angularDragAcceleration": 0,
      "crossSectionalArea": 30.29392915961586,
      "dynamicPressure": 28.609508250474434,
      "frontFinDrag": 0,
      "frontFinDragAngularAcceleration": 0,
      "frontFinEffectiveAreaFraction": 0.49253484903610867,
      "offAxisThrustDifferenceAcceleration": 0,
      "perceivedG": 0.9252599770228486,
      "perceivedG_X": -0.8801382351095645,
      "perceivedG_Y": 0.2854167342300436,
      "rcsThrust": -800000,
      "rcsThrustAngularAcceleration": 0,
      "surfaceTemperature": 585.2624282906211,
      "thermalPower": 5548.822684002994,
      "thrust": 0,
      "thrustAcceleration": 0,
      "thrustVectorAcceleration": 0,
      "thrustVectorForce": 0,
      "twr": 0,
    },
    "kinematics": {
      "accelerationX": -8.653420241814988,
      "accelerationY": -6.958132875545841,
      "altitude": 15003.583091731376,
      "angleInToTheWind": -0.13097199172509255,
      "angleOfAttack": -0.13097199172509255,
      "angleOfMotion": 0.6545707673233914,
      "angularAcceleration": 0,
      "angularVelocity": 0,
      "distanceToPlanetCenter": 6386003.583091731,
      "downRangeDistance": 20020089.545720104,
      "downRangeDistanceNextFrame": 20020089.545720104,
      "machSpeed": 1.8366628753323224,
      "orbitalVelocityAtCurrentAltitude": 7900.495115757102,
      "pitch": 0.5235987755982988,
      "pitchRateOfChange": 0,
      "pitchRecord": [
        0.5235987755982988,
        0.5235987755982988,
      ],
      "speedX": 329.9278881318856,
      "speedY": 429.9420155447593,
      "totalAcceleration": 11.103931510740024,
      "trueSpeed": 541.9433070883485,
    },
    "rng": {
      "counters": {
        "ignitionDelay": 0,
        "ignitionFailure": 0,
        "turbulence": 0,
      },
      "seed": 123,
    },
    "status": {
      "dumpingFuel": false,
      "finActive": true,
      "finLocked": false,
      "forceDump": false,
      "gearDown": false,
      "landed": false,
      "onTheGround": false,
      "rcsActive": true,
      "translationModeOn": true,
    },
    "vehicle": {
      "aftFinExtension": 50,
      "frontFinExtension": 51,
      "gimbalPointingDirection": 0.5235987755982988,
      "gimbalPosition": 0,
      "propellantMass": 200000,
      "rcsRunTimeRemaining": 24.991666666666667,
      "throttle": 100,
      "throttleCurrent": 100,
      "vehicleInFlightMaxArea": 639,
      "vehicleMass": 400000,
      "vehicleMomentOfInertia": 186440383.08751577,
    },
    "warnings": {
      "coldGasLow": false,
      "fuelLow": false,
      "heatDamagedWarning": false,
      "overGLoadWarning": false,
      "overPressureWarning": false,
    },
    "world": {
      "environmentTime": 0.008333333333333333,
      "gust": 0,
      "gustVertical": 0,
      "timeSpent": 0.008333333333333333,
      "turbulenceU": 0,
      "turbulenceW1": 0,
      "turbulenceW2": 0,
      "updatedFrameCount": 1,
      "wind": 0,
    },
  },
  "published": undefined,
  "rollout": {
    "burnRemaining": 5.466666666666667,
    "burnTicks": 656,
    "cutoffClock": 0.041666666666666664,
    "done": false,
    "initialDraws": 0,
    "initialTime": 101.74568061694355,
    "origin": {
      "atmosphere": {
        "airDensity": 0.1947549914940397,
        "airPressure": 12.1118192408138,
        "airTemperature": -56.5,
      },
      "autopilot": {
        "accelerationStageCompleted": false,
        "aeroDescentCompleted": false,
        "autoBoostBackOn": false,
        "autoDeorbitOn": false,
        "autoLandOn": true,
        "autoMaxThrustOn": false,
        "autoTakeOffInitialised": false,
        "autoTakeOffOn": false,
        "bellyFlopTriggerAltitude": 0,
        "boostBackAeroDeceleration": true,
        "boostBackDecelerationCheckCountdown": null,
        "boostBackDecelerationStageInitCompleted": false,
        "boostBackDirection": 0,
        "boostBackInitCompleted": false,
        "boosterFallTime": 101.74568061694355,
        "boosterFinControl": 99.993896484375,
        "boosterPhase": "align-boost",
        "boosterRangeError": 14400.871276782967,
        "decelerationStageEstDuration": 0,
        "demoAutoLandOn": false,
        "deorbitBurnCompleted": false,
        "deorbitBurnStarted": false,
        "deorbitInitCompleted": false,
        "deorbitTargetSpeed": undefined,
        "distanceToGround": undefined,
        "effectiveVerticalMaxThrust": undefined,
        "finalDescentStageCompleted": false,
        "finalDescentStageInitialised": false,
        "finalStagePessimisticAltitude": undefined,
        "fineTunePercentage": undefined,
        "flipCompleted": false,
        "flipStageInitialised": false,
        "holdingPitch": 0,
        "horizontalAccelerationByAeroBreakingCorrectionAngle": 0,
        "horizontalAdjustmentDesiredSpeed": undefined,
        "horizontalAdjustmentHorizontalSpeedLimit": 5,
        "horizontalAdjustmentStageCompleted": false,
        "horizontalAdjustmentStageInitialised": false,
        "horizontalAdjustmentTimeLeft": undefined,
        "horizontalAdjustmentVerticalSpeedLimit": -30,
        "initVehicleConfigCompleted": false,
        "landingSiteXPos": 20015086.79602057,
        "manualControlOn": false,
        "pitchControl": 0,
        "pitchHoldOn": false,
        "rcsThrustCommand": 0,
      },
      "engines": {
        "failed": [
          false,
          false,
          false,
          false,
          false,
          false,
          false,
          false,
          false,
          false,
          false,
          false,
          false,
          false,
          false,
          false,
          false,
          false,
          false,
          false,
          false,
          false,
          false,
          false,
          false,
          false,
          false,
          false,
          false,
          false,
          false,
          false,
          false,
        ],
        "ignitionCountdown": [
          null,
          null,
          null,
          null,
          null,
          null,
          null,
          null,
          null,
          null,
          null,
          null,
          null,
          null,
          null,
          null,
          null,
          null,
          null,
          null,
          null,
          null,
          null,
          null,
          null,
          null,
          null,
          null,
          null,
          null,
          null,
          null,
          null,
        ],
        "running": [
          false,
          false,
          false,
          false,
          false,
          false,
          false,
          false,
          false,
          false,
          false,
          false,
          false,
          false,
          false,
          false,
          false,
          false,
          false,
          false,
          false,
          false,
          false,
          false,
          false,
          false,
          false,
          false,
          false,
          false,
          false,
          false,
          false,
        ],
      },
      "failures": {
        "coldGasRunOut": false,
        "crashed": false,
        "flippedOver": false,
        "fuelRunOut": false,
        "heatDamaged": false,
        "inFlightBreakUp": false,
        "overGLoad": false,
        "overPressure": false,
        "randomFailure": true,
      },
      "forces": {
        "aerodynamicDrag": 1213753.120834636,
        "aerodynamicDragAcceleration": 3.03438280208659,
        "aerodynamicLift": 3420516.133628325,
        "aerodynamicLiftAcceleration": 8.551290334070814,
        "aftFinDrag": 0,
        "aftFinDragAngularAcceleration": -0,
        "aftFinEffectiveAreaFraction": 0.49253484903610867,
        "angularDragAcceleration": 0,
        "crossSectionalArea": 30.29392915961586,
        "dynamicPressure": 28.609508250474434,
        "frontFinDrag": 0,
        "frontFinDragAngularAcceleration": 0,
        "frontFinEffectiveAreaFraction": 0.49253484903610867,
        "offAxisThrustDifferenceAcceleration": 0,
        "perceivedG": 0.9252599770228486,
        "perceivedG_X": -0.8801382351095645,
        "perceivedG_Y": 0.2854167342300436,
        "rcsThrust": -800000,
        "rcsThrustAngularAcceleration": 0,
        "surfaceTemperature": 585.2624282906211,
        "thermalPower": 5548.822684002994,
        "thrust": 0,
        "thrustAcceleration": 0,
        "thrustVectorAcceleration": 0,
        "thrustVectorForce": 0,
        "twr": 0,
      },
      "kinematics": {
        "accelerationX": -8.653420241814988,
        "accelerationY": -6.958132875545841,
        "altitude": 15003.583091731376,
        "angleInToTheWind": -0.13097199172509255,
        "angleOfAttack": -0.13097199172509255,
        "angleOfMotion": 0.6545707673233914,
        "angularAcceleration": 0,
        "angularVelocity": 0,
        "distanceToPlanetCenter": 6386003.583091731,
        "downRangeDistance": 20020089.545720104,
        "downRangeDistanceNextFrame": 20020089.545720104,
        "machSpeed": 1.8366628753323224,
        "orbitalVelocityAtCurrentAltitude": 7900.495115757102,
        "pitch": 0.5235987755982988,
        "pitchRateOfChange": 0,
        "pitchRecord": [
          0.5235987755982988,
          0.5235987755982988,
        ],
        "speedX": 329.9278881318856,
        "speedY": 429.9420155447593,
        "totalAcceleration": 11.103931510740024,
        "trueSpeed": 541.9433070883485,
      },
      "rng": {
        "counters": {
          "ignitionDelay": 0,
          "ignitionFailure": 0,
          "turbulence": 0,
        },
        "seed": 123,
      },
      "status": {
        "dumpingFuel": false,
        "finActive": true,
        "finLocked": false,
        "forceDump": false,
        "gearDown": false,
        "landed": false,
        "onTheGround": false,
        "rcsActive": true,
        "translationModeOn": true,
      },
      "vehicle": {
        "aftFinExtension": 50,
        "frontFinExtension": 51,
        "gimbalPointingDirection": 0.5235987755982988,
        "gimbalPosition": 0,
        "propellantMass": 200000,
        "rcsRunTimeRemaining": 24.991666666666667,
        "throttle": 100,
        "throttleCurrent": 100,
        "vehicleInFlightMaxArea": 639,
        "vehicleMass": 400000,
        "vehicleMomentOfInertia": 186440383.08751577,
      },
      "warnings": {
        "coldGasLow": false,
        "fuelLow": false,
        "heatDamagedWarning": false,
        "overGLoadWarning": false,
        "overPressureWarning": false,
      },
      "world": {
        "environmentTime": 0.008333333333333333,
        "gust": 0,
        "gustVertical": 0,
        "timeSpent": 0.008333333333333333,
        "turbulenceU": 0,
        "turbulenceW1": 0,
        "turbulenceW2": 0,
        "updatedFrameCount": 1,
        "wind": 0,
      },
    },
    "readyHandoff": true,
    "result": {
      "failed": false,
      "fuel": 200000,
      "ignitionDraws": 0,
      "pitch": 0.5235198638576154,
      "rangeError": 5028.487626347691,
      "reached": false,
      "speedX": 329.3248113270104,
      "speedY": 429.57539340889866,
      "steps": 4,
      "time": 0.03333333333333333,
    },
    "state": {
      "atmosphere": {
        "airDensity": 0.1943175498893231,
        "airPressure": 12.084614733221494,
        "airTemperature": -56.5,
      },
      "autopilot": {
        "accelerationStageCompleted": false,
        "aeroDescentCompleted": false,
        "autoBoostBackOn": false,
        "autoDeorbitOn": false,
        "autoLandOn": true,
        "autoMaxThrustOn": false,
        "autoTakeOffInitialised": false,
        "autoTakeOffOn": false,
        "bellyFlopTriggerAltitude": 0,
        "boostBackAeroDeceleration": true,
        "boostBackDecelerationCheckCountdown": null,
        "boostBackDecelerationStageInitCompleted": false,
        "boostBackDirection": 0,
        "boostBackInitCompleted": false,
        "boosterCoastPitch": 0,
        "boosterFallTime": 101.72068061694354,
        "boosterFinControl": 99.993896484375,
        "boosterForecastBurn": true,
        "boosterPhase": "align-boost",
        "boosterRangeError": 14400.871276782967,
        "decelerationStageEstDuration": 0,
        "demoAutoLandOn": false,
        "deorbitBurnCompleted": false,
        "deorbitBurnStarted": false,
        "deorbitInitCompleted": false,
        "deorbitTargetSpeed": undefined,
        "distanceToGround": undefined,
        "effectiveVerticalMaxThrust": undefined,
        "finalDescentStageCompleted": false,
        "finalDescentStageInitialised": false,
        "finalStagePessimisticAltitude": undefined,
        "fineTunePercentage": undefined,
        "flipCompleted": false,
        "flipStageInitialised": false,
        "holdingPitch": 0,
        "horizontalAccelerationByAeroBreakingCorrectionAngle": 0,
        "horizontalAdjustmentDesiredSpeed": undefined,
        "horizontalAdjustmentHorizontalSpeedLimit": 5,
        "horizontalAdjustmentStageCompleted": false,
        "horizontalAdjustmentStageInitialised": false,
        "horizontalAdjustmentTimeLeft": undefined,
        "horizontalAdjustmentVerticalSpeedLimit": -30,
        "initVehicleConfigCompleted": false,
        "landingSiteXPos": 20015086.79602057,
        "manualControlOn": false,
        "pitchControl": 0,
        "pitchHoldOn": false,
        "rcsThrustCommand": 0,
      },
      "engines": {
        "failed": [
          false,
          false,
          false,
          false,
          false,
          false,
          false,
          false,
          false,
          false,
          false,
          false,
          false,
          false,
          false,
          false,
          false,
          false,
          false,
          false,
          false,
          false,
          false,
          false,
          false,
          false,
          false,
          false,
          false,
          false,
          false,
          false,
          false,
        ],
        "ignitionCountdown": [
          null,
          null,
          null,
          null,
          null,
          null,
          null,
          null,
          null,
          null,
          null,
          null,
          null,
          null,
          null,
          null,
          null,
          null,
          null,
          null,
          null,
          null,
          null,
          null,
          null,
          null,
          null,
          null,
          null,
          null,
          null,
          null,
          null,
        ],
        "running": [
          false,
          false,
          false,
          false,
          false,
          false,
          false,
          false,
          false,
          false,
          false,
          false,
          false,
          false,
          false,
          false,
          false,
          false,
          false,
          false,
          false,
          false,
          false,
          false,
          false,
          false,
          false,
          false,
          false,
          false,
          false,
          false,
          false,
        ],
      },
      "failures": {
        "coldGasRunOut": false,
        "crashed": false,
        "flippedOver": false,
        "fuelRunOut": false,
        "heatDamaged": false,
        "inFlightBreakUp": false,
        "overGLoad": false,
        "overPressure": false,
        "randomFailure": true,
      },
      "forces": {
        "aerodynamicDrag": 4523624.462768072,
        "aerodynamicDragAcceleration": 11.30906115692018,
        "aerodynamicLift": 3402401.212123762,
        "aerodynamicLiftAcceleration": 8.506003030309405,
        "aftFinDrag": 0,
        "aftFinDragAngularAcceleration": -0,
        "aftFinEffectiveAreaFraction": 0.49253484903610867,
        "angularDragAcceleration": 3.8886105732421004e-7,
        "crossSectionalArea": 113.41703718308906,
        "dynamicPressure": 28.485523735344938,
        "frontFinDrag": 85634.09375363502,
        "frontFinDragAngularAcceleration": -0.01933832881949247,
        "frontFinEffectiveAreaFraction": 0.5279628010877232,
        "offAxisThrustDifferenceAcceleration": 0,
        "perceivedG": 1.4568742192368311,
        "perceivedG_X": -1.4079538743070563,
        "perceivedG_Y": -0.37436396528068305,
        "rcsThrust": -800000,
        "rcsThrustAngularAcceleration": -0.18131692338972066,
        "surfaceTemperature": 584.6557904701906,
        "thermalPower": 5525.41293385361,
        "thrust": 0,
        "thrustAcceleration": 0,
        "thrustVectorAcceleration": 0,
        "thrustVectorForce": 0,
        "twr": 0,
      },
      "kinematics": {
        "accelerationX": -13.829469295075294,
        "accelerationY": -13.428374932564315,
        "altitude": 15017.906990349647,
        "angleInToTheWind": -0.13084541153281315,
        "angleOfAttack": -0.13084541153281315,
        "angleOfMotion": 0.6544050671553377,
        "angularAcceleration": -0.2006548633481558,
        "angularVelocity": -0.005611073719716787,
        "distanceToPlanetCenter": 6386017.906990349,
        "downRangeDistance": 20020100.535662983,
        "downRangeDistanceNextFrame": 20020100.535662983,
        "machSpeed": 1.8345062058693324,
        "orbitalVelocityAtCurrentAltitude": 7900.486255309467,
        "pitch": 0.5235198638576154,
        "pitchRateOfChange": -0.003143045994762339,
        "pitchRecord": [
          0.523585847672481,
          0.5235596556225246,
        ],
        "speedX": 329.4681681628847,
        "speedY": 429.4926413838126,
        "totalAcceleration": 19.276293064615718,
        "trueSpeed": 541.3069395781391,
      },
      "rng": {
        "counters": {
          "ignitionDelay": 0,
          "ignitionFailure": 0,
          "turbulence": 0,
        },
        "seed": 123,
      },
      "status": {
        "dumpingFuel": false,
        "finActive": true,
        "finLocked": false,
        "forceDump": false,
        "gearDown": false,
        "landed": false,
        "onTheGround": false,
        "rcsActive": true,
        "translationModeOn": true,
      },
      "vehicle": {
        "aftFinExtension": 50,
        "frontFinExtension": 55,
        "gimbalPointingDirection": 0.5235596556225246,
        "gimbalPosition": 0,
        "propellantMass": 200000,
        "rcsRunTimeRemaining": 24.958333333333332,
        "throttle": 100,
        "throttleCurrent": 100,
        "vehicleInFlightMaxArea": 639,
        "vehicleMass": 400000,
        "vehicleMomentOfInertia": 186440383.08751577,
      },
      "warnings": {
        "coldGasLow": false,
        "fuelLow": false,
        "heatDamagedWarning": false,
        "overGLoadWarning": false,
        "overPressureWarning": false,
      },
      "world": {
        "environmentTime": 0.041666666666666664,
        "gust": 0,
        "gustVertical": 0,
        "timeSpent": 0.041666666666666664,
        "turbulenceU": 0,
        "turbulenceW1": 0,
        "turbulenceW2": 0,
        "updatedFrameCount": 5,
        "wind": 0,
      },
    },
    "stopAtHandoff": true,
  },
  "stage": "upper",
  "upperDuration": 21.866666666666667,
}

 ❯ tests/core/risk-policy-provenance.test.ts:25:43
     23|     toggleRandomFailure(s);
     24|     expect(s.failures.randomFailure).toBe(!initial);
     25|     expect(s.autopilot.boosterPrediction).toBeUndefined();
       |                                           ^
     26|     expect(s.autopilot.boosterReturnPlan).toBeUndefined();
     27|     for (const key of ['vehicle', 'engines', 'kinematics', 'forces', '…

⎯⎯⎯⎯⎯⎯⎯⎯⎯⎯⎯⎯⎯⎯⎯⎯⎯⎯⎯⎯⎯⎯⎯⎯[2/5]⎯

 FAIL  |unit| tests/ui/session.test.ts > flights > invalidates booster risk work through the actual standalone toggle
AssertionError: expected { …(11) } to be undefined

- Expected:
undefined

+ Received:
{
  "attemptedTicks": [
    656,
  ],
  "done": false,
  "duration": 5.466666666666667,
  "firstDuration": 5.466666666666667,
  "iterations": 1,
  "lowerDuration": 0,
  "origin": {
    "atmosphere": {
      "airDensity": 0.1947549914940397,
      "airPressure": 12.1118192408138,
      "airTemperature": -56.5,
    },
    "autopilot": {
      "accelerationStageCompleted": false,
      "aeroDescentCompleted": false,
      "autoBoostBackOn": false,
      "autoDeorbitOn": false,
      "autoLandOn": true,
      "autoMaxThrustOn": false,
      "autoTakeOffInitialised": false,
      "autoTakeOffOn": false,
      "bellyFlopTriggerAltitude": 0,
      "boostBackAeroDeceleration": true,
      "boostBackDecelerationCheckCountdown": null,
      "boostBackDecelerationStageInitCompleted": false,
      "boostBackDirection": 0,
      "boostBackInitCompleted": false,
      "boosterFallTime": 101.74568061694355,
      "boosterFinControl": 99.993896484375,
      "boosterPhase": "align-boost",
      "boosterRangeError": 14400.871276782967,
      "decelerationStageEstDuration": 0,
      "demoAutoLandOn": false,
      "deorbitBurnCompleted": false,
      "deorbitBurnStarted": false,
      "deorbitInitCompleted": false,
      "deorbitTargetSpeed": undefined,
      "distanceToGround": undefined,
      "effectiveVerticalMaxThrust": undefined,
      "finalDescentStageCompleted": false,
      "finalDescentStageInitialised": false,
      "finalStagePessimisticAltitude": undefined,
      "fineTunePercentage": undefined,
      "flipCompleted": false,
      "flipStageInitialised": false,
      "holdingPitch": 0,
      "horizontalAccelerationByAeroBreakingCorrectionAngle": 0,
      "horizontalAdjustmentDesiredSpeed": undefined,
      "horizontalAdjustmentHorizontalSpeedLimit": 5,
      "horizontalAdjustmentStageCompleted": false,
      "horizontalAdjustmentStageInitialised": false,
      "horizontalAdjustmentTimeLeft": undefined,
      "horizontalAdjustmentVerticalSpeedLimit": -30,
      "initVehicleConfigCompleted": false,
      "landingSiteXPos": 20015086.79602057,
      "manualControlOn": false,
      "pitchControl": 0,
      "pitchHoldOn": false,
      "rcsThrustCommand": 0,
    },
    "engines": {
      "failed": [
        false,
        false,
        false,
        false,
        false,
        false,
        false,
        false,
        false,
        false,
        false,
        false,
        false,
        false,
        false,
        false,
        false,
        false,
        false,
        false,
        false,
        false,
        false,
        false,
        false,
        false,
        false,
        false,
        false,
        false,
        false,
        false,
        false,
      ],
      "ignitionCountdown": [
        null,
        null,
        null,
        null,
        null,
        null,
        null,
        null,
        null,
        null,
        null,
        null,
        null,
        null,
        null,
        null,
        null,
        null,
        null,
        null,
        null,
        null,
        null,
        null,
        null,
        null,
        null,
        null,
        null,
        null,
        null,
        null,
        null,
      ],
      "running": [
        false,
        false,
        false,
        false,
        false,
        false,
        false,
        false,
        false,
        false,
        false,
        false,
        false,
        false,
        false,
        false,
        false,
        false,
        false,
        false,
        false,
        false,
        false,
        false,
        false,
        false,
        false,
        false,
        false,
        false,
        false,
        false,
        false,
      ],
    },
    "failures": {
      "coldGasRunOut": false,
      "crashed": false,
      "flippedOver": false,
      "fuelRunOut": false,
      "heatDamaged": false,
      "inFlightBreakUp": false,
      "overGLoad": false,
      "overPressure": false,
      "randomFailure": false,
    },
    "forces": {
      "aerodynamicDrag": 1213753.120834636,
      "aerodynamicDragAcceleration": 3.03438280208659,
      "aerodynamicLift": 3420516.133628325,
      "aerodynamicLiftAcceleration": 8.551290334070814,
      "aftFinDrag": 0,
      "aftFinDragAngularAcceleration": -0,
      "aftFinEffectiveAreaFraction": 0.49253484903610867,
      "angularDragAcceleration": 0,
      "crossSectionalArea": 30.29392915961586,
      "dynamicPressure": 28.609508250474434,
      "frontFinDrag": 0,
      "frontFinDragAngularAcceleration": 0,
      "frontFinEffectiveAreaFraction": 0.49253484903610867,
      "offAxisThrustDifferenceAcceleration": 0,
      "perceivedG": 0.9252599770228486,
      "perceivedG_X": -0.8801382351095645,
      "perceivedG_Y": 0.2854167342300436,
      "rcsThrust": -800000,
      "rcsThrustAngularAcceleration": 0,
      "surfaceTemperature": 585.2624282906211,
      "thermalPower": 5548.822684002994,
      "thrust": 0,
      "thrustAcceleration": 0,
      "thrustVectorAcceleration": 0,
      "thrustVectorForce": 0,
      "twr": 0,
    },
    "kinematics": {
      "accelerationX": -8.653420241814988,
      "accelerationY": -6.958132875545841,
      "altitude": 15003.583091731376,
      "angleInToTheWind": -0.13097199172509255,
      "angleOfAttack": -0.13097199172509255,
      "angleOfMotion": 0.6545707673233914,
      "angularAcceleration": 0,
      "angularVelocity": 0,
      "distanceToPlanetCenter": 6386003.583091731,
      "downRangeDistance": 20020089.545720104,
      "downRangeDistanceNextFrame": 20020089.545720104,
      "machSpeed": 1.8366628753323224,
      "orbitalVelocityAtCurrentAltitude": 7900.495115757102,
      "pitch": 0.5235987755982988,
      "pitchRateOfChange": 0,
      "pitchRecord": [
        0.5235987755982988,
        0.5235987755982988,
      ],
      "speedX": 329.9278881318856,
      "speedY": 429.9420155447593,
      "totalAcceleration": 11.103931510740024,
      "trueSpeed": 541.9433070883485,
    },
    "rng": {
      "counters": {
        "ignitionDelay": 0,
        "ignitionFailure": 0,
        "turbulence": 0,
      },
      "seed": 1463897163,
    },
    "status": {
      "dumpingFuel": false,
      "finActive": true,
      "finLocked": false,
      "forceDump": false,
      "gearDown": false,
      "landed": false,
      "onTheGround": false,
      "rcsActive": true,
      "translationModeOn": true,
    },
    "vehicle": {
      "aftFinExtension": 50,
      "frontFinExtension": 51,
      "gimbalPointingDirection": 0.5235987755982988,
      "gimbalPosition": 0,
      "propellantMass": 200000,
      "rcsRunTimeRemaining": 24.991666666666667,
      "throttle": 100,
      "throttleCurrent": 100,
      "vehicleInFlightMaxArea": 639,
      "vehicleMass": 400000,
      "vehicleMomentOfInertia": 186440383.08751577,
    },
    "warnings": {
      "coldGasLow": false,
      "fuelLow": false,
      "heatDamagedWarning": false,
      "overGLoadWarning": false,
      "overPressureWarning": false,
    },
    "world": {
      "environmentTime": 0.008333333333333333,
      "gust": 0,
      "gustVertical": 0,
      "timeSpent": 0.008333333333333333,
      "turbulenceU": 0,
      "turbulenceW1": 0,
      "turbulenceW2": 0,
      "updatedFrameCount": 1,
      "wind": 0,
    },
  },
  "published": undefined,
  "rollout": {
    "burnRemaining": 5.466666666666667,
    "burnTicks": 656,
    "cutoffClock": 0.041666666666666664,
    "done": false,
    "initialDraws": 0,
    "initialTime": 101.74568061694355,
    "origin": {
      "atmosphere": {
        "airDensity": 0.1947549914940397,
        "airPressure": 12.1118192408138,
        "airTemperature": -56.5,
      },
      "autopilot": {
        "accelerationStageCompleted": false,
        "aeroDescentCompleted": false,
        "autoBoostBackOn": false,
        "autoDeorbitOn": false,
        "autoLandOn": true,
        "autoMaxThrustOn": false,
        "autoTakeOffInitialised": false,
        "autoTakeOffOn": false,
        "bellyFlopTriggerAltitude": 0,
        "boostBackAeroDeceleration": true,
        "boostBackDecelerationCheckCountdown": null,
        "boostBackDecelerationStageInitCompleted": false,
        "boostBackDirection": 0,
        "boostBackInitCompleted": false,
        "boosterFallTime": 101.74568061694355,
        "boosterFinControl": 99.993896484375,
        "boosterPhase": "align-boost",
        "boosterRangeError": 14400.871276782967,
        "decelerationStageEstDuration": 0,
        "demoAutoLandOn": false,
        "deorbitBurnCompleted": false,
        "deorbitBurnStarted": false,
        "deorbitInitCompleted": false,
        "deorbitTargetSpeed": undefined,
        "distanceToGround": undefined,
        "effectiveVerticalMaxThrust": undefined,
        "finalDescentStageCompleted": false,
        "finalDescentStageInitialised": false,
        "finalStagePessimisticAltitude": undefined,
        "fineTunePercentage": undefined,
        "flipCompleted": false,
        "flipStageInitialised": false,
        "holdingPitch": 0,
        "horizontalAccelerationByAeroBreakingCorrectionAngle": 0,
        "horizontalAdjustmentDesiredSpeed": undefined,
        "horizontalAdjustmentHorizontalSpeedLimit": 5,
        "horizontalAdjustmentStageCompleted": false,
        "horizontalAdjustmentStageInitialised": false,
        "horizontalAdjustmentTimeLeft": undefined,
        "horizontalAdjustmentVerticalSpeedLimit": -30,
        "initVehicleConfigCompleted": false,
        "landingSiteXPos": 20015086.79602057,
        "manualControlOn": false,
        "pitchControl": 0,
        "pitchHoldOn": false,
        "rcsThrustCommand": 0,
      },
      "engines": {
        "failed": [
          false,
          false,
          false,
          false,
          false,
          false,
          false,
          false,
          false,
          false,
          false,
          false,
          false,
          false,
          false,
          false,
          false,
          false,
          false,
          false,
          false,
          false,
          false,
          false,
          false,
          false,
          false,
          false,
          false,
          false,
          false,
          false,
          false,
        ],
        "ignitionCountdown": [
          null,
          null,
          null,
          null,
          null,
          null,
          null,
          null,
          null,
          null,
          null,
          null,
          null,
          null,
          null,
          null,
          null,
          null,
          null,
          null,
          null,
          null,
          null,
          null,
          null,
          null,
          null,
          null,
          null,
          null,
          null,
          null,
          null,
        ],
        "running": [
          false,
          false,
          false,
          false,
          false,
          false,
          false,
          false,
          false,
          false,
          false,
          false,
          false,
          false,
          false,
          false,
          false,
          false,
          false,
          false,
          false,
          false,
          false,
          false,
          false,
          false,
          false,
          false,
          false,
          false,
          false,
          false,
          false,
        ],
      },
      "failures": {
        "coldGasRunOut": false,
        "crashed": false,
        "flippedOver": false,
        "fuelRunOut": false,
        "heatDamaged": false,
        "inFlightBreakUp": false,
        "overGLoad": false,
        "overPressure": false,
        "randomFailure": false,
      },
      "forces": {
        "aerodynamicDrag": 1213753.120834636,
        "aerodynamicDragAcceleration": 3.03438280208659,
        "aerodynamicLift": 3420516.133628325,
        "aerodynamicLiftAcceleration": 8.551290334070814,
        "aftFinDrag": 0,
        "aftFinDragAngularAcceleration": -0,
        "aftFinEffectiveAreaFraction": 0.49253484903610867,
        "angularDragAcceleration": 0,
        "crossSectionalArea": 30.29392915961586,
        "dynamicPressure": 28.609508250474434,
        "frontFinDrag": 0,
        "frontFinDragAngularAcceleration": 0,
        "frontFinEffectiveAreaFraction": 0.49253484903610867,
        "offAxisThrustDifferenceAcceleration": 0,
        "perceivedG": 0.9252599770228486,
        "perceivedG_X": -0.8801382351095645,
        "perceivedG_Y": 0.2854167342300436,
        "rcsThrust": -800000,
        "rcsThrustAngularAcceleration": 0,
        "surfaceTemperature": 585.2624282906211,
        "thermalPower": 5548.822684002994,
        "thrust": 0,
        "thrustAcceleration": 0,
        "thrustVectorAcceleration": 0,
        "thrustVectorForce": 0,
        "twr": 0,
      },
      "kinematics": {
        "accelerationX": -8.653420241814988,
        "accelerationY": -6.958132875545841,
        "altitude": 15003.583091731376,
        "angleInToTheWind": -0.13097199172509255,
        "angleOfAttack": -0.13097199172509255,
        "angleOfMotion": 0.6545707673233914,
        "angularAcceleration": 0,
        "angularVelocity": 0,
        "distanceToPlanetCenter": 6386003.583091731,
        "downRangeDistance": 20020089.545720104,
        "downRangeDistanceNextFrame": 20020089.545720104,
        "machSpeed": 1.8366628753323224,
        "orbitalVelocityAtCurrentAltitude": 7900.495115757102,
        "pitch": 0.5235987755982988,
        "pitchRateOfChange": 0,
        "pitchRecord": [
          0.5235987755982988,
          0.5235987755982988,
        ],
        "speedX": 329.9278881318856,
        "speedY": 429.9420155447593,
        "totalAcceleration": 11.103931510740024,
        "trueSpeed": 541.9433070883485,
      },
      "rng": {
        "counters": {
          "ignitionDelay": 0,
          "ignitionFailure": 0,
          "turbulence": 0,
        },
        "seed": 1463897163,
      },
      "status": {
        "dumpingFuel": false,
        "finActive": true,
        "finLocked": false,
        "forceDump": false,
        "gearDown": false,
        "landed": false,
        "onTheGround": false,
        "rcsActive": true,
        "translationModeOn": true,
      },
      "vehicle": {
        "aftFinExtension": 50,
        "frontFinExtension": 51,
        "gimbalPointingDirection": 0.5235987755982988,
        "gimbalPosition": 0,
        "propellantMass": 200000,
        "rcsRunTimeRemaining": 24.991666666666667,
        "throttle": 100,
        "throttleCurrent": 100,
        "vehicleInFlightMaxArea": 639,
        "vehicleMass": 400000,
        "vehicleMomentOfInertia": 186440383.08751577,
      },
      "warnings": {
        "coldGasLow": false,
        "fuelLow": false,
        "heatDamagedWarning": false,
        "overGLoadWarning": false,
        "overPressureWarning": false,
      },
      "world": {
        "environmentTime": 0.008333333333333333,
        "gust": 0,
        "gustVertical": 0,
        "timeSpent": 0.008333333333333333,
        "turbulenceU": 0,
        "turbulenceW1": 0,
        "turbulenceW2": 0,
        "updatedFrameCount": 1,
        "wind": 0,
      },
    },
    "readyHandoff": true,
    "result": {
      "failed": false,
      "fuel": 200000,
      "ignitionDraws": 0,
      "pitch": 0.5235198638576154,
      "rangeError": 5028.487626347691,
      "reached": false,
      "speedX": 329.3248113270104,
      "speedY": 429.57539340889866,
      "steps": 4,
      "time": 0.03333333333333333,
    },
    "state": {
      "atmosphere": {
        "airDensity": 0.1943175498893231,
        "airPressure": 12.084614733221494,
        "airTemperature": -56.5,
      },
      "autopilot": {
        "accelerationStageCompleted": false,
        "aeroDescentCompleted": false,
        "autoBoostBackOn": false,
        "autoDeorbitOn": false,
        "autoLandOn": true,
        "autoMaxThrustOn": false,
        "autoTakeOffInitialised": false,
        "autoTakeOffOn": false,
        "bellyFlopTriggerAltitude": 0,
        "boostBackAeroDeceleration": true,
        "boostBackDecelerationCheckCountdown": null,
        "boostBackDecelerationStageInitCompleted": false,
        "boostBackDirection": 0,
        "boostBackInitCompleted": false,
        "boosterCoastPitch": 0,
        "boosterFallTime": 101.72068061694354,
        "boosterFinControl": 99.993896484375,
        "boosterForecastBurn": true,
        "boosterPhase": "align-boost",
        "boosterRangeError": 14400.871276782967,
        "decelerationStageEstDuration": 0,
        "demoAutoLandOn": false,
        "deorbitBurnCompleted": false,
        "deorbitBurnStarted": false,
        "deorbitInitCompleted": false,
        "deorbitTargetSpeed": undefined,
        "distanceToGround": undefined,
        "effectiveVerticalMaxThrust": undefined,
        "finalDescentStageCompleted": false,
        "finalDescentStageInitialised": false,
        "finalStagePessimisticAltitude": undefined,
        "fineTunePercentage": undefined,
        "flipCompleted": false,
        "flipStageInitialised": false,
        "holdingPitch": 0,
        "horizontalAccelerationByAeroBreakingCorrectionAngle": 0,
        "horizontalAdjustmentDesiredSpeed": undefined,
        "horizontalAdjustmentHorizontalSpeedLimit": 5,
        "horizontalAdjustmentStageCompleted": false,
        "horizontalAdjustmentStageInitialised": false,
        "horizontalAdjustmentTimeLeft": undefined,
        "horizontalAdjustmentVerticalSpeedLimit": -30,
        "initVehicleConfigCompleted": false,
        "landingSiteXPos": 20015086.79602057,
        "manualControlOn": false,
        "pitchControl": 0,
        "pitchHoldOn": false,
        "rcsThrustCommand": 0,
      },
      "engines": {
        "failed": [
          false,
          false,
          false,
          false,
          false,
          false,
          false,
          false,
          false,
          false,
          false,
          false,
          false,
          false,
          false,
          false,
          false,
          false,
          false,
          false,
          false,
          false,
          false,
          false,
          false,
          false,
          false,
          false,
          false,
          false,
          false,
          false,
          false,
        ],
        "ignitionCountdown": [
          null,
          null,
          null,
          null,
          null,
          null,
          null,
          null,
          null,
          null,
          null,
          null,
          null,
          null,
          null,
          null,
          null,
          null,
          null,
          null,
          null,
          null,
          null,
          null,
          null,
          null,
          null,
          null,
          null,
          null,
          null,
          null,
          null,
        ],
        "running": [
          false,
          false,
          false,
          false,
          false,
          false,
          false,
          false,
          false,
          false,
          false,
          false,
          false,
          false,
          false,
          false,
          false,
          false,
          false,
          false,
          false,
          false,
          false,
          false,
          false,
          false,
          false,
          false,
          false,
          false,
          false,
          false,
          false,
        ],
      },
      "failures": {
        "coldGasRunOut": false,
        "crashed": false,
        "flippedOver": false,
        "fuelRunOut": false,
        "heatDamaged": false,
        "inFlightBreakUp": false,
        "overGLoad": false,
        "overPressure": false,
        "randomFailure": false,
      },
      "forces": {
        "aerodynamicDrag": 4523624.462768072,
        "aerodynamicDragAcceleration": 11.30906115692018,
        "aerodynamicLift": 3402401.212123762,
        "aerodynamicLiftAcceleration": 8.506003030309405,
        "aftFinDrag": 0,
        "aftFinDragAngularAcceleration": -0,
        "aftFinEffectiveAreaFraction": 0.49253484903610867,
        "angularDragAcceleration": 3.8886105732421004e-7,
        "crossSectionalArea": 113.41703718308906,
        "dynamicPressure": 28.485523735344938,
        "frontFinDrag": 85634.09375363502,
        "frontFinDragAngularAcceleration": -0.01933832881949247,
        "frontFinEffectiveAreaFraction": 0.5279628010877232,
        "offAxisThrustDifferenceAcceleration": 0,
        "perceivedG": 1.4568742192368311,
        "perceivedG_X": -1.4079538743070563,
        "perceivedG_Y": -0.37436396528068305,
        "rcsThrust": -800000,
        "rcsThrustAngularAcceleration": -0.18131692338972066,
        "surfaceTemperature": 584.6557904701906,
        "thermalPower": 5525.41293385361,
        "thrust": 0,
        "thrustAcceleration": 0,
        "thrustVectorAcceleration": 0,
        "thrustVectorForce": 0,
        "twr": 0,
      },
      "kinematics": {
        "accelerationX": -13.829469295075294,
        "accelerationY": -13.428374932564315,
        "altitude": 15017.906990349647,
        "angleInToTheWind": -0.13084541153281315,
        "angleOfAttack": -0.13084541153281315,
        "angleOfMotion": 0.6544050671553377,
        "angularAcceleration": -0.2006548633481558,
        "angularVelocity": -0.005611073719716787,
        "distanceToPlanetCenter": 6386017.906990349,
        "downRangeDistance": 20020100.535662983,
        "downRangeDistanceNextFrame": 20020100.535662983,
        "machSpeed": 1.8345062058693324,
        "orbitalVelocityAtCurrentAltitude": 7900.486255309467,
        "pitch": 0.5235198638576154,
        "pitchRateOfChange": -0.003143045994762339,
        "pitchRecord": [
          0.523585847672481,
          0.5235596556225246,
        ],
        "speedX": 329.4681681628847,
        "speedY": 429.4926413838126,
        "totalAcceleration": 19.276293064615718,
        "trueSpeed": 541.3069395781391,
      },
      "rng": {
        "counters": {
          "ignitionDelay": 0,
          "ignitionFailure": 0,
          "turbulence": 0,
        },
        "seed": 1463897163,
      },
      "status": {
        "dumpingFuel": false,
        "finActive": true,
        "finLocked": false,
        "forceDump": false,
        "gearDown": false,
        "landed": false,
        "onTheGround": false,
        "rcsActive": true,
        "translationModeOn": true,
      },
      "vehicle": {
        "aftFinExtension": 50,
        "frontFinExtension": 55,
        "gimbalPointingDirection": 0.5235596556225246,
        "gimbalPosition": 0,
        "propellantMass": 200000,
        "rcsRunTimeRemaining": 24.958333333333332,
        "throttle": 100,
        "throttleCurrent": 100,
        "vehicleInFlightMaxArea": 639,
        "vehicleMass": 400000,
        "vehicleMomentOfInertia": 186440383.08751577,
      },
      "warnings": {
        "coldGasLow": false,
        "fuelLow": false,
        "heatDamagedWarning": false,
        "overGLoadWarning": false,
        "overPressureWarning": false,
      },
      "world": {
        "environmentTime": 0.041666666666666664,
        "gust": 0,
        "gustVertical": 0,
        "timeSpent": 0.041666666666666664,
        "turbulenceU": 0,
        "turbulenceW1": 0,
        "turbulenceW2": 0,
        "updatedFrameCount": 5,
        "wind": 0,
      },
    },
    "stopAtHandoff": true,
  },
  "stage": "upper",
  "upperDuration": 21.866666666666667,
}

 ❯ tests/ui/session.test.ts:138:51
    136|       session.toggleRandomFailure();
    137|       expect(booster.failures.randomFailure).toBe(!initial);
    138|       expect(booster.autopilot.boosterPrediction).toBeUndefined();
       |                                                   ^
    139|       expect(booster.autopilot.boosterReturnPlan).toBeUndefined();
    140|       expect({ engines: booster.engines, fuel: booster.vehicle.propell…

⎯⎯⎯⎯⎯⎯⎯⎯⎯⎯⎯⎯⎯⎯⎯⎯⎯⎯⎯⎯⎯⎯⎯⎯[3/5]⎯

 FAIL  |unit| tests/ui/session.test.ts > flights > invalidates booster risk work through the actual selected-booster toggle
 FAIL  |unit| tests/ui/session.test.ts > flights > invalidates booster risk work through the actual selected-ship toggle
AssertionError: expected { …(11) } to be undefined

- Expected:
undefined

+ Received:
{
  "attemptedTicks": [
    3176,
  ],
  "done": false,
  "duration": 26.466666666666665,
  "firstDuration": 26.466666666666665,
  "iterations": 1,
  "lowerDuration": 0,
  "origin": {
    "atmosphere": {
      "airDensity": 0.0000683916634651322,
      "airPressure": 0.004237813754760198,
      "airTemperature": -57.287794931764324,
    },
    "autopilot": {
      "accelerationStageCompleted": false,
      "aeroDescentCompleted": false,
      "autoBoostBackOn": false,
      "autoDeorbitOn": false,
      "autoLandOn": true,
      "autoMaxThrustOn": false,
      "autoTakeOffInitialised": false,
      "autoTakeOffOn": false,
      "bellyFlopTriggerAltitude": 0,
      "boostBackAeroDeceleration": true,
      "boostBackDecelerationCheckCountdown": null,
      "boostBackDecelerationStageInitCompleted": false,
      "boostBackDirection": 0,
      "boostBackInitCompleted": false,
      "boosterFallTime": 308.88533304659126,
      "boosterFinControl": 99.993896484375,
      "boosterPhase": "align-boost",
      "boosterRangeError": 366917.7594026805,
      "decelerationStageEstDuration": 0,
      "demoAutoLandOn": false,
      "deorbitBurnCompleted": false,
      "deorbitBurnStarted": false,
      "deorbitInitCompleted": false,
      "deorbitTargetSpeed": undefined,
      "distanceToGround": undefined,
      "effectiveVerticalMaxThrust": undefined,
      "finalDescentStageCompleted": false,
      "finalDescentStageInitialised": false,
      "finalStagePessimisticAltitude": undefined,
      "fineTunePercentage": undefined,
      "flipCompleted": false,
      "flipStageInitialised": false,
      "holdingPitch": 0,
      "horizontalAccelerationByAeroBreakingCorrectionAngle": 0,
      "horizontalAdjustmentDesiredSpeed": undefined,
      "horizontalAdjustmentHorizontalSpeedLimit": 5,
      "horizontalAdjustmentStageCompleted": false,
      "horizontalAdjustmentStageInitialised": false,
      "horizontalAdjustmentTimeLeft": undefined,
      "horizontalAdjustmentVerticalSpeedLimit": -30,
      "initVehicleConfigCompleted": false,
      "landingSiteXPos": 20015086.79602057,
      "manualControlOn": false,
      "pitchControl": 0,
      "pitchHoldOn": false,
      "rcsThrustCommand": 0,
    },
    "engines": {
      "failed": [
        false,
        false,
        false,
        false,
        false,
        false,
        false,
        false,
        false,
        false,
        false,
        false,
        false,
        false,
        false,
        false,
        false,
        false,
        false,
        false,
        false,
        false,
        false,
        false,
        false,
        false,
        false,
        false,
        false,
        false,
        false,
        false,
        false,
      ],
      "ignitionCountdown": [
        null,
        null,
        null,
        null,
        null,
        null,
        null,
        null,
        null,
        null,
        null,
        null,
        null,
        null,
        null,
        null,
        null,
        null,
        null,
        null,
        null,
        null,
        null,
        null,
        null,
        null,
        null,
        null,
        null,
        null,
        null,
        null,
        null,
      ],
      "running": [
        false,
        false,
        false,
        false,
        false,
        false,
        false,
        false,
        false,
        false,
        false,
        false,
        false,
        false,
        false,
        false,
        false,
        false,
        false,
        false,
        false,
        false,
        false,
        false,
        false,
        false,
        false,
        false,
        false,
        false,
        false,
        false,
        false,
      ],
    },
    "failures": {
      "coldGasRunOut": false,
      "crashed": false,
      "flippedOver": false,
      "fuelRunOut": false,
      "heatDamaged": false,
      "inFlightBreakUp": false,
      "overGLoad": false,
      "overPressure": false,
      "randomFailure": false,
    },
    "forces": {
      "aerodynamicDrag": 5449.190953852131,
      "aerodynamicDragAcceleration": 0.0077929108899722765,
      "aerodynamicLift": 381.268771031514,
      "aerodynamicLiftAcceleration": 0.0005452540721990008,
      "aftFinDrag": 0,
      "aftFinDragAngularAcceleration": -0,
      "aftFinEffectiveAreaFraction": 0.49253484903610867,
      "angularDragAcceleration": -3.961661437624711e-14,
      "crossSectionalArea": 33.34569907011593,
      "dynamicPressure": 0.08684154182686585,
      "frontFinDrag": 0,
      "frontFinDragAngularAcceleration": 0,
      "frontFinEffectiveAreaFraction": 0.49253484903610867,
      "offAxisThrustDifferenceAcceleration": 0,
      "perceivedG": 1.055380594905737,
      "perceivedG_X": 0.7463194842622365,
      "perceivedG_Y": 0.7462140627957484,
      "rcsThrust": -800000,
      "rcsThrustAngularAcceleration": 0,
      "surfaceTemperature": 493.05005973274984,
      "thermalPower": 2743.7095112023785,
      "thrust": 7242506.01183895,
      "thrustAcceleration": 10.357538292992071,
      "thrustVectorAcceleration": 0,
      "thrustVectorForce": 0,
      "twr": 1.0561372787796544,
    },
    "kinematics": {
      "accelerationX": 7.121799408790818,
      "accelerationY": -2.0869880345137477,
      "altitude": 71368.57913065607,
      "angleInToTheWind": -0.004809510651152427,
      "angleOfAttack": -0.004809510651152427,
      "angleOfMotion": 0.7903346101737098,
      "angularAcceleration": -3.961661437624711e-14,
      "angularVelocity": 0.00009906318215879004,
      "distanceToPlanetCenter": 6442368.579130656,
      "downRangeDistance": 20061462.187314447,
      "downRangeDistanceNextFrame": 20061462.187314447,
      "machSpeed": 5.4106814753375385,
      "orbitalVelocityAtCurrentAltitude": 7865.85803512416,
      "pitch": 0.7855259250490754,
      "pitchRateOfChange": 0.00009911888072977604,
      "pitchRecord": [
        0.7855242735318846,
        0.7855250995225573,
      ],
      "speedX": 1132.4479840460076,
      "speedY": 1121.2461202907452,
      "totalAcceleration": 7.421290041175914,
      "trueSpeed": 1593.6220690103771,
    },
    "rng": {
      "counters": {
        "ignitionDelay": 3,
        "ignitionFailure": 3,
        "turbulence": 0,
      },
      "seed": 123,
    },
    "status": {
      "dumpingFuel": false,
      "finActive": true,
      "finLocked": false,
      "forceDump": false,
      "gearDown": false,
      "landed": false,
      "onTheGround": false,
      "rcsActive": true,
      "translationModeOn": true,
    },
    "vehicle": {
      "aftFinExtension": 50,
      "frontFinExtension": 51,
      "gimbalPointingDirection": 0.7855250995225573,
      "gimbalPosition": 0,
      "propellantMass": 499249.7451580018,
      "rcsRunTimeRemaining": 24.991666666666667,
      "throttle": 100,
      "throttleCurrent": 100,
      "vehicleInFlightMaxArea": 639,
      "vehicleMass": 699249.7451580018,
      "vehicleMomentOfInertia": 267625756.64434147,
    },
    "warnings": {
      "coldGasLow": false,
      "fuelLow": false,
      "heatDamagedWarning": false,
      "overGLoadWarning": false,
      "overPressureWarning": false,
    },
    "world": {
      "environmentTime": 1.2166666666666648,
      "gust": 0,
      "gustVertical": 0,
      "timeSpent": 1.2166666666666648,
      "turbulenceU": 0,
      "turbulenceW1": 0,
      "turbulenceW2": 0,
      "updatedFrameCount": 146,
      "wind": 0,
    },
  },
  "published": undefined,
  "rollout": {
    "burnRemaining": 26.466666666666665,
    "burnTicks": 3176,
    "cutoffClock": 1.249999999999998,
    "done": false,
    "initialDraws": 3,
    "initialTime": 308.88533304659126,
    "origin": {
      "atmosphere": {
        "airDensity": 0.0000683916634651322,
        "airPressure": 0.004237813754760198,
        "airTemperature": -57.287794931764324,
      },
      "autopilot": {
        "accelerationStageCompleted": false,
        "aeroDescentCompleted": false,
        "autoBoostBackOn": false,
        "autoDeorbitOn": false,
        "autoLandOn": true,
        "autoMaxThrustOn": false,
        "autoTakeOffInitialised": false,
        "autoTakeOffOn": false,
        "bellyFlopTriggerAltitude": 0,
        "boostBackAeroDeceleration": true,
        "boostBackDecelerationCheckCountdown": null,
        "boostBackDecelerationStageInitCompleted": false,
        "boostBackDirection": 0,
        "boostBackInitCompleted": false,
        "boosterFallTime": 308.88533304659126,
        "boosterFinControl": 99.993896484375,
        "boosterPhase": "align-boost",
        "boosterRangeError": 366917.7594026805,
        "decelerationStageEstDuration": 0,
        "demoAutoLandOn": false,
        "deorbitBurnCompleted": false,
        "deorbitBurnStarted": false,
        "deorbitInitCompleted": false,
        "deorbitTargetSpeed": undefined,
        "distanceToGround": undefined,
        "effectiveVerticalMaxThrust": undefined,
        "finalDescentStageCompleted": false,
        "finalDescentStageInitialised": false,
        "finalStagePessimisticAltitude": undefined,
        "fineTunePercentage": undefined,
        "flipCompleted": false,
        "flipStageInitialised": false,
        "holdingPitch": 0,
        "horizontalAccelerationByAeroBreakingCorrectionAngle": 0,
        "horizontalAdjustmentDesiredSpeed": undefined,
        "horizontalAdjustmentHorizontalSpeedLimit": 5,
        "horizontalAdjustmentStageCompleted": false,
        "horizontalAdjustmentStageInitialised": false,
        "horizontalAdjustmentTimeLeft": undefined,
        "horizontalAdjustmentVerticalSpeedLimit": -30,
        "initVehicleConfigCompleted": false,
        "landingSiteXPos": 20015086.79602057,
        "manualControlOn": false,
        "pitchControl": 0,
        "pitchHoldOn": false,
        "rcsThrustCommand": 0,
      },
      "engines": {
        "failed": [
          false,
          false,
          false,
          false,
          false,
          false,
          false,
          false,
          false,
          false,
          false,
          false,
          false,
          false,
          false,
          false,
          false,
          false,
          false,
          false,
          false,
          false,
          false,
          false,
          false,
          false,
          false,
          false,
          false,
          false,
          false,
          false,
          false,
        ],
        "ignitionCountdown": [
          null,
          null,
          null,
          null,
          null,
          null,
          null,
          null,
          null,
          null,
          null,
          null,
          null,
          null,
          null,
          null,
          null,
          null,
          null,
          null,
          null,
          null,
          null,
          null,
          null,
          null,
          null,
          null,
          null,
          null,
          null,
          null,
          null,
        ],
        "running": [
          false,
          false,
          false,
          false,
          false,
          false,
          false,
          false,
          false,
          false,
          false,
          false,
          false,
          false,
          false,
          false,
          false,
          false,
          false,
          false,
          false,
          false,
          false,
          false,
          false,
          false,
          false,
          false,
          false,
          false,
          false,
          false,
          false,
        ],
      },
      "failures": {
        "coldGasRunOut": false,
        "crashed": false,
        "flippedOver": false,
        "fuelRunOut": false,
        "heatDamaged": false,
        "inFlightBreakUp": false,
        "overGLoad": false,
        "overPressure": false,
        "randomFailure": false,
      },
      "forces": {
        "aerodynamicDrag": 5449.190953852131,
        "aerodynamicDragAcceleration": 0.0077929108899722765,
        "aerodynamicLift": 381.268771031514,
        "aerodynamicLiftAcceleration": 0.0005452540721990008,
        "aftFinDrag": 0,
        "aftFinDragAngularAcceleration": -0,
        "aftFinEffectiveAreaFraction": 0.49253484903610867,
        "angularDragAcceleration": -3.961661437624711e-14,
        "crossSectionalArea": 33.34569907011593,
        "dynamicPressure": 0.08684154182686585,
        "frontFinDrag": 0,
        "frontFinDragAngularAcceleration": 0,
        "frontFinEffectiveAreaFraction": 0.49253484903610867,
        "offAxisThrustDifferenceAcceleration": 0,
        "perceivedG": 1.055380594905737,
        "perceivedG_X": 0.7463194842622365,
        "perceivedG_Y": 0.7462140627957484,
        "rcsThrust": -800000,
        "rcsThrustAngularAcceleration": 0,
        "surfaceTemperature": 493.05005973274984,
        "thermalPower": 2743.7095112023785,
        "thrust": 7242506.01183895,
        "thrustAcceleration": 10.357538292992071,
        "thrustVectorAcceleration": 0,
        "thrustVectorForce": 0,
        "twr": 1.0561372787796544,
      },
      "kinematics": {
        "accelerationX": 7.121799408790818,
        "accelerationY": -2.0869880345137477,
        "altitude": 71368.57913065607,
        "angleInToTheWind": -0.004809510651152427,
        "angleOfAttack": -0.004809510651152427,
        "angleOfMotion": 0.7903346101737098,
        "angularAcceleration": -3.961661437624711e-14,
        "angularVelocity": 0.00009906318215879004,
        "distanceToPlanetCenter": 6442368.579130656,
        "downRangeDistance": 20061462.187314447,
        "downRangeDistanceNextFrame": 20061462.187314447,
        "machSpeed": 5.4106814753375385,
        "orbitalVelocityAtCurrentAltitude": 7865.85803512416,
        "pitch": 0.7855259250490754,
        "pitchRateOfChange": 0.00009911888072977604,
        "pitchRecord": [
          0.7855242735318846,
          0.7855250995225573,
        ],
        "speedX": 1132.4479840460076,
        "speedY": 1121.2461202907452,
        "totalAcceleration": 7.421290041175914,
        "trueSpeed": 1593.6220690103771,
      },
      "rng": {
        "counters": {
          "ignitionDelay": 3,
          "ignitionFailure": 3,
          "turbulence": 0,
        },
        "seed": 123,
      },
      "status": {
        "dumpingFuel": false,
        "finActive": true,
        "finLocked": false,
        "forceDump": false,
        "gearDown": false,
        "landed": false,
        "onTheGround": false,
        "rcsActive": true,
        "translationModeOn": true,
      },
      "vehicle": {
        "aftFinExtension": 50,
        "frontFinExtension": 51,
        "gimbalPointingDirection": 0.7855250995225573,
        "gimbalPosition": 0,
        "propellantMass": 499249.7451580018,
        "rcsRunTimeRemaining": 24.991666666666667,
        "throttle": 100,
        "throttleCurrent": 100,
        "vehicleInFlightMaxArea": 639,
        "vehicleMass": 699249.7451580018,
        "vehicleMomentOfInertia": 267625756.64434147,
      },
      "warnings": {
        "coldGasLow": false,
        "fuelLow": false,
        "heatDamagedWarning": false,
        "overGLoadWarning": false,
        "overPressureWarning": false,
      },
      "world": {
        "environmentTime": 1.2166666666666648,
        "gust": 0,
        "gustVertical": 0,
        "timeSpent": 1.2166666666666648,
        "turbulenceU": 0,
        "turbulenceW1": 0,
        "turbulenceW2": 0,
        "updatedFrameCount": 146,
        "wind": 0,
      },
    },
    "readyHandoff": true,
    "result": {
      "failed": false,
      "fuel": 499249.7451580018,
      "ignitionDraws": 0,
      "pitch": 0.7854716781568671,
      "rangeError": 46433.99999189004,
      "reached": false,
      "speedX": 1132.314532397778,
      "speedY": 1121.059161876133,
      "steps": 4,
      "time": 0.03333333333333333,
    },
    "state": {
      "atmosphere": {
        "airDensity": 0.00006802938004060904,
        "airPressure": 0.0042133669296426255,
        "airTemperature": -57.390126441102296,
      },
      "autopilot": {
        "accelerationStageCompleted": false,
        "aeroDescentCompleted": false,
        "autoBoostBackOn": false,
        "autoDeorbitOn": false,
        "autoLandOn": true,
        "autoMaxThrustOn": false,
        "autoTakeOffInitialised": false,
        "autoTakeOffOn": false,
        "bellyFlopTriggerAltitude": 0,
        "boostBackAeroDeceleration": true,
        "boostBackDecelerationCheckCountdown": null,
        "boostBackDecelerationStageInitCompleted": false,
        "boostBackDirection": 0,
        "boostBackInitCompleted": false,
        "boosterCoastPitch": 0,
        "boosterFallTime": 308.8603330465913,
        "boosterFinControl": 99.993896484375,
        "boosterForecastBurn": true,
        "boosterPhase": "align-boost",
        "boosterRangeError": 366917.7594026805,
        "decelerationStageEstDuration": 0,
        "demoAutoLandOn": false,
        "deorbitBurnCompleted": false,
        "deorbitBurnStarted": false,
        "deorbitInitCompleted": false,
        "deorbitTargetSpeed": undefined,
        "distanceToGround": undefined,
        "effectiveVerticalMaxThrust": undefined,
        "finalDescentStageCompleted": false,
        "finalDescentStageInitialised": false,
        "finalStagePessimisticAltitude": undefined,
        "fineTunePercentage": undefined,
        "flipCompleted": false,
        "flipStageInitialised": false,
        "holdingPitch": 0,
        "horizontalAccelerationByAeroBreakingCorrectionAngle": 0,
        "horizontalAdjustmentDesiredSpeed": undefined,
        "horizontalAdjustmentHorizontalSpeedLimit": 5,
        "horizontalAdjustmentStageCompleted": false,
        "horizontalAdjustmentStageInitialised": false,
        "horizontalAdjustmentTimeLeft": undefined,
        "horizontalAdjustmentVerticalSpeedLimit": -30,
        "initVehicleConfigCompleted": false,
        "landingSiteXPos": 20015086.79602057,
        "manualControlOn": false,
        "pitchControl": 0,
        "pitchHoldOn": false,
        "rcsThrustCommand": 0,
      },
      "engines": {
        "failed": [
          false,
          false,
          false,
          false,
          false,
          false,
          false,
          false,
          false,
          false,
          false,
          false,
          false,
          false,
          false,
          false,
          false,
          false,
          false,
          false,
          false,
          false,
          false,
          false,
          false,
          false,
          false,
          false,
          false,
          false,
          false,
          false,
          false,
        ],
        "ignitionCountdown": [
          null,
          null,
          null,
          null,
          null,
          null,
          null,
          null,
          null,
          null,
          null,
          null,
          null,
          null,
          null,
          null,
          null,
          null,
          null,
          null,
          null,
          null,
          null,
          null,
          null,
          null,
          null,
          null,
          null,
          null,
          null,
          null,
          null,
        ],
        "running": [
          false,
          false,
          false,
          false,
          false,
          false,
          false,
          false,
          false,
          false,
          false,
          false,
          false,
          false,
          false,
          false,
          false,
          false,
          false,
          false,
          false,
          false,
          false,
          false,
          false,
          false,
          false,
          false,
          false,
          false,
          false,
          false,
          false,
        ],
      },
      "failures": {
        "coldGasRunOut": false,
        "crashed": false,
        "flippedOver": false,
        "fuelRunOut": false,
        "heatDamaged": false,
        "inFlightBreakUp": false,
        "overGLoad": false,
        "overPressure": false,
        "randomFailure": false,
      },
      "forces": {
        "aerodynamicDrag": 5432.733204581397,
        "aerodynamicDragAcceleration": 0.007769374593556444,
        "aerodynamicLift": 389.727478239465,
        "aerodynamicLiftAcceleration": 0.000557350904935121,
        "aftFinDrag": 0,
        "aftFinDragAngularAcceleration": -0,
        "aftFinEffectiveAreaFraction": 0.49253484903610867,
        "angularDragAcceleration": 6.203973377947634e-11,
        "crossSectionalArea": 33.425941966846565,
        "dynamicPressure": 0.08636641392245843,
        "frontFinDrag": 259.771556526888,
        "frontFinDragAngularAcceleration": -0.00004485057709158983,
        "frontFinEffectiveAreaFraction": 0.5279628010877232,
        "offAxisThrustDifferenceAcceleration": 0,
        "perceivedG": 0.0007993177952055319,
        "perceivedG_X": -0.0006306825214834342,
        "perceivedG_Y": -0.0004910687271935876,
        "rcsThrust": -800000,
        "rcsThrustAngularAcceleration": -0.13809882235793527,
        "surfaceTemperature": 492.69047193294296,
        "thermalPower": 2735.6075156658444,
        "thrust": 0,
        "thrustAcceleration": 0,
        "thrustVectorAcceleration": 0,
        "thrustVectorForce": 0,
        "twr": 0,
      },
      "kinematics": {
        "accelerationX": -1.7367468107743305,
        "accelerationY": -7.876148343691757,
        "altitude": 71405.94941256737,
        "angleInToTheWind": -0.004943258500831105,
        "angleOfAttack": -0.004943258500831105,
        "angleOfMotion": 0.7904428864093541,
        "angularAcceleration": -0.13814367287298712,
        "angularVelocity": -0.003929568835678054,
        "distanceToPlanetCenter": 6442405.949412568,
        "downRangeDistance": 20061499.93482898,
        "downRangeDistanceNextFrame": 20061499.93482898,
        "machSpeed": 5.411197610030536,
        "orbitalVelocityAtCurrentAltitude": 7865.835221461,
        "pitch": 0.7854716781568671,
        "pitchRateOfChange": -0.0022028656607497865,
        "pitchRecord": [
          0.7855179851223626,
          0.785499627908523,
        ],
        "speedX": 1132.3964958023337,
        "speedY": 1120.9771864196516,
        "totalAcceleration": 8.065358157984877,
        "trueSpeed": 1593.3962709190464,
      },
      "rng": {
        "counters": {
          "ignitionDelay": 3,
          "ignitionFailure": 3,
          "turbulence": 0,
        },
        "seed": 123,
      },
      "status": {
        "dumpingFuel": false,
        "finActive": true,
        "finLocked": false,
        "forceDump": false,
        "gearDown": false,
        "landed": false,
        "onTheGround": false,
        "rcsActive": true,
        "translationModeOn": true,
      },
      "vehicle": {
        "aftFinExtension": 50,
        "frontFinExtension": 55,
        "gimbalPointingDirection": 0.785499627908523,
        "gimbalPosition": 0,
        "propellantMass": 499249.7451580018,
        "rcsRunTimeRemaining": 24.958333333333332,
        "throttle": 100,
        "throttleCurrent": 100,
        "vehicleInFlightMaxArea": 639,
        "vehicleMass": 699249.7451580018,
        "vehicleMomentOfInertia": 267625756.64434147,
      },
      "warnings": {
        "coldGasLow": false,
        "fuelLow": false,
        "heatDamagedWarning": false,
        "overGLoadWarning": false,
        "overPressureWarning": false,
      },
      "world": {
        "environmentTime": 1.249999999999998,
        "gust": 0,
        "gustVertical": 0,
        "timeSpent": 1.249999999999998,
        "turbulenceU": 0,
        "turbulenceW1": 0,
        "turbulenceW2": 0,
        "updatedFrameCount": 150,
        "wind": 0,
      },
    },
    "stopAtHandoff": true,
  },
  "stage": "upper",
  "upperDuration": 54.6,
}

 ❯ tests/ui/session.test.ts:138:51
    136|       session.toggleRandomFailure();
    137|       expect(booster.failures.randomFailure).toBe(!initial);
    138|       expect(booster.autopilot.boosterPrediction).toBeUndefined();
       |                                                   ^
    139|       expect(booster.autopilot.boosterReturnPlan).toBeUndefined();
    140|       expect({ engines: booster.engines, fuel: booster.vehicle.propell…

⎯⎯⎯⎯⎯⎯⎯⎯⎯⎯⎯⎯⎯⎯⎯⎯⎯⎯⎯⎯⎯⎯⎯⎯[4/5]⎯


 Test Files  2 failed (2)
      Tests  5 failed | 15 passed (20)
   Start at  02:39:14
   Duration  1.16s (transform 353ms, setup 0ms, import 637ms, tests 60ms, environment 514ms)

