[WebServer] (node:7880) Warning: The 'NO_COLOR' env is ignored due to the 'FORCE_COLOR' env being set.
[WebServer] (Use `node --trace-warnings ...` to show where the warning was created)

Running 5 tests using 3 workers

(node:7882) Warning: The 'NO_COLOR' env is ignored due to the 'FORCE_COLOR' env being set.
(Use `node --trace-warnings ...` to show where the warning was created)
(node:7883) Warning: The 'NO_COLOR' env is ignored due to the 'FORCE_COLOR' env being set.
(Use `node --trace-warnings ...` to show where the warning was created)
(node:7881) Warning: The 'NO_COLOR' env is ignored due to the 'FORCE_COLOR' env being set.
(Use `node --trace-warnings ...` to show where the warning was created)
[post-composite] fire {
  directMinimum: 0,
  bloomMinimum: -59,
  bloomVsDirectMinimum: -137,
  directChanged: 3415
}
  ✘  3 [chromium] › tests/e2e/post-compositing.spec.ts:26:1 › bloom adds light without darkening additive exhaust @mobile (1.3s)
[post-composite] fire-then-smoke {
  directMinimum: -24,
  bloomMinimum: -56,
  bloomVsDirectMinimum: -40,
  directChanged: 19200
}
  ✘  1 [chromium] › tests/e2e/post-compositing.spec.ts:44:3 › bloom retains mixed fire-then-smoke compositing @mobile (1.5s)
  ✘  2 [chromium] › tests/e2e/post-compositing.spec.ts:52:1 › additive bloom survives a real WebGL context restoration @mobile (1.6s)
(node:7899) Warning: The 'NO_COLOR' env is ignored due to the 'FORCE_COLOR' env being set.
(Use `node --trace-warnings ...` to show where the warning was created)
(node:7900) Warning: The 'NO_COLOR' env is ignored due to the 'FORCE_COLOR' env being set.
(Use `node --trace-warnings ...` to show where the warning was created)
[post-composite] smoke {
  directMinimum: -10,
  bloomMinimum: -11,
  bloomVsDirectMinimum: -4,
  directChanged: 5589
}
  ✓  4 [chromium] › tests/e2e/post-compositing.spec.ts:35:1 › bloom preserves normal smoke occlusion @mobile (917ms)
[post-composite] smoke-then-fire {
  directMinimum: -16,
  bloomMinimum: -79,
  bloomVsDirectMinimum: -79,
  directChanged: 12800
}
  ✘  5 [chromium] › tests/e2e/post-compositing.spec.ts:44:3 › bloom retains mixed smoke-then-fire compositing @mobile (1.1s)


  1) [chromium] › tests/e2e/post-compositing.spec.ts:26:1 › bloom adds light without darkening additive exhaust @mobile 

    Error: bloomed additive fire never subtracts background light

    expect(received).toBeGreaterThanOrEqual(expected)

    Expected: >= -1
    Received:    -59

      29 |   expect(report.directChanged, 'real particles reached the real WebGL canvas').toBeGreaterThan(100);
      30 |   expect(report.directMinimum, 'direct additive fire never subtracts background light').toBeGreaterThanOrEqual(-1);
    > 31 |   expect(report.bloomMinimum, 'bloomed additive fire never subtracts background light').toBeGreaterThanOrEqual(-1);
         |                                                                                         ^
      32 |   expect(report.bloomVsDirectMinimum, 'bloom never removes direct additive light').toBeGreaterThanOrEqual(-1);
      33 | });
      34 |
        at /Users/stevewang/dev/StarShipSimulator-realism/tests/e2e/post-compositing.spec.ts:31:89

    attachment #1: screenshot (image/png) ──────────────────────────────────────────────────────────
    test-results/post-compositing-bloom-add-898a2-ing-additive-exhaust-mobile-chromium/test-failed-1.png
    ────────────────────────────────────────────────────────────────────────────────────────────────

    Error Context: test-results/post-compositing-bloom-add-898a2-ing-additive-exhaust-mobile-chromium/error-context.md

  2) [chromium] › tests/e2e/post-compositing.spec.ts:44:3 › bloom retains mixed fire-then-smoke compositing @mobile 

    Error: bloom never subtracts light in either mixed draw order

    expect(received).toBeGreaterThanOrEqual(expected)

    Expected: >= -1
    Received:    -40

      46 |     console.log('[post-composite]', kind, report);
      47 |     expect(report.directChanged).toBeGreaterThan(100);
    > 48 |     expect(report.bloomVsDirectMinimum, 'bloom never subtracts light in either mixed draw order').toBeGreaterThanOrEqual(-1);
         |                                                                                                   ^
      49 |   });
      50 | }
      51 |
        at /Users/stevewang/dev/StarShipSimulator-realism/tests/e2e/post-compositing.spec.ts:48:99

    attachment #1: screenshot (image/png) ──────────────────────────────────────────────────────────
    test-results/post-compositing-bloom-ret-b2dff-en-smoke-compositing-mobile-chromium/test-failed-1.png
    ────────────────────────────────────────────────────────────────────────────────────────────────

    Error Context: test-results/post-compositing-bloom-ret-b2dff-en-smoke-compositing-mobile-chromium/error-context.md

  3) [chromium] › tests/e2e/post-compositing.spec.ts:44:3 › bloom retains mixed smoke-then-fire compositing @mobile 

    Error: bloom never subtracts light in either mixed draw order

    expect(received).toBeGreaterThanOrEqual(expected)

    Expected: >= -1
    Received:    -79

      46 |     console.log('[post-composite]', kind, report);
      47 |     expect(report.directChanged).toBeGreaterThan(100);
    > 48 |     expect(report.bloomVsDirectMinimum, 'bloom never subtracts light in either mixed draw order').toBeGreaterThanOrEqual(-1);
         |                                                                                                   ^
      49 |   });
      50 | }
      51 |
        at /Users/stevewang/dev/StarShipSimulator-realism/tests/e2e/post-compositing.spec.ts:48:99

    attachment #1: screenshot (image/png) ──────────────────────────────────────────────────────────
    test-results/post-compositing-bloom-ret-add73-hen-fire-compositing-mobile-chromium/test-failed-1.png
    ────────────────────────────────────────────────────────────────────────────────────────────────

    Error Context: test-results/post-compositing-bloom-ret-add73-hen-fire-compositing-mobile-chromium/error-context.md

  4) [chromium] › tests/e2e/post-compositing.spec.ts:52:1 › additive bloom survives a real WebGL context restoration @mobile 

    Error: expect(received).toBeGreaterThanOrEqual(expected)

    Expected: >= -1
    Received:    -59

      52 | test('additive bloom survives a real WebGL context restoration @mobile', async ({ page }) => {
      53 |   const report = await render(page, 'fire', true);
    > 54 |   expect(report.bloomMinimum).toBeGreaterThanOrEqual(-1);
         |                               ^
      55 | });
      56 |
        at /Users/stevewang/dev/StarShipSimulator-realism/tests/e2e/post-compositing.spec.ts:54:31

    attachment #1: screenshot (image/png) ──────────────────────────────────────────────────────────
    test-results/post-compositing-additive--719ee--context-restoration-mobile-chromium/test-failed-1.png
    ────────────────────────────────────────────────────────────────────────────────────────────────

    Error Context: test-results/post-compositing-additive--719ee--context-restoration-mobile-chromium/error-context.md

  4 failed
    [chromium] › tests/e2e/post-compositing.spec.ts:26:1 › bloom adds light without darkening additive exhaust @mobile 
    [chromium] › tests/e2e/post-compositing.spec.ts:44:3 › bloom retains mixed fire-then-smoke compositing @mobile 
    [chromium] › tests/e2e/post-compositing.spec.ts:44:3 › bloom retains mixed smoke-then-fire compositing @mobile 
    [chromium] › tests/e2e/post-compositing.spec.ts:52:1 › additive bloom survives a real WebGL context restoration @mobile 
  1 passed (5.1s)
