[WebServer] (node:7434) Warning: The 'NO_COLOR' env is ignored due to the 'FORCE_COLOR' env being set.
[WebServer] (Use `node --trace-warnings ...` to show where the warning was created)

Running 2 tests using 2 workers

(node:7435) Warning: The 'NO_COLOR' env is ignored due to the 'FORCE_COLOR' env being set.
(Use `node --trace-warnings ...` to show where the warning was created)
(node:7436) Warning: The 'NO_COLOR' env is ignored due to the 'FORCE_COLOR' env being set.
(Use `node --trace-warnings ...` to show where the warning was created)
[post-composite] smoke {
  directMinimum: -10,
  bloomMinimum: -11,
  bloomVsDirectMinimum: -4,
  directChanged: 5589
}
[post-composite] fire {
  directMinimum: 0,
  bloomMinimum: -59,
  bloomVsDirectMinimum: -137,
  directChanged: 3415
}
  ✓  2 [chromium] › tests/e2e/post-compositing.spec.ts:35:1 › bloom preserves normal smoke occlusion @mobile (1.1s)
  ✘  1 [chromium] › tests/e2e/post-compositing.spec.ts:26:1 › bloom adds light without darkening additive exhaust @mobile (1.1s)


  1) [chromium] › tests/e2e/post-compositing.spec.ts:26:1 › bloom adds light without darkening additive exhaust @mobile 

    Error: bloomed additive fire never subtracts background light

    expect(received).toBeGreaterThanOrEqual(expected)

    Expected: >= -1
    Received:    -59

      29 |   expect(report.directChanged, 'real particles reached the real WebGL canvas').toBeGreaterThan(100);
      30 |   expect(report.directMinimum, 'direct additive fire never subtracts background light').toBeGreaterThanOrEqual(-1);
    > 31 |   expect(report.bloomMinimum, 'bloomed additive fire never subtracts background light').toBeGreaterThanOrEqual(-1);
         |                                                                                         ^
      32 |   expect(report.bloomVsDirectMinimum, 'bloom never removes direct additive light').toBeGreaterThanOrEqual(-1);
      33 | });
      34 |
        at /Users/stevewang/dev/StarShipSimulator-realism/tests/e2e/post-compositing.spec.ts:31:89

    attachment #1: screenshot (image/png) ──────────────────────────────────────────────────────────
    test-results/post-compositing-bloom-add-898a2-ing-additive-exhaust-mobile-chromium/test-failed-1.png
    ────────────────────────────────────────────────────────────────────────────────────────────────

    Error Context: test-results/post-compositing-bloom-add-898a2-ing-additive-exhaust-mobile-chromium/error-context.md

  1 failed
    [chromium] › tests/e2e/post-compositing.spec.ts:26:1 › bloom adds light without darkening additive exhaust @mobile 
  1 passed (3.3s)
