{
  "stage": "validate",
  "done": false,
  "selected": {
    "originTime": 0,
    "burnDuration": 0,
    "shutdownAt": 0,
    "coastPitch": 0,
    "forecast": {
      "reached": true,
      "rangeError": -0.00003400993847820629,
      "time": 1.3000000000000005,
      "fuel": 200000,
      "speedX": -0.000005989446076688763,
      "speedY": -62.54832458327446,
      "pitch": -9.712743708938717e-9,
      "steps": 26,
      "ignitionDraws": 0,
      "failed": false,
      "handoff": {
        "x": -0.0000028014183044433594,
        "height": 336.3345565093395,
        "vx": -0.000005989446076688763,
        "vy": -62.54832458327446,
        "time": 10.421170764097242,
        "lateralFeasible": true
      }
    }
  },
  "result": {
    "reached": false,
    "rangeError": 0.1215125061571598,
    "time": 3.0999999999999917,
    "fuel": 195275.73904179246,
    "speedX": 0.03425160447476266,
    "speedY": -53.98415749425297,
    "pitch": -0.001225844250149844,
    "steps": 372,
    "ignitionDraws": 3,
    "failed": false
  },
  "state": {
    "k": {
      "altitude": 230.55471197600866,
      "downRangeDistance": 20015086.953695472,
      "downRangeDistanceNextFrame": 20015086.953695472,
      "distanceToPlanetCenter": 6371230.554711976,
      "orbitalVelocityAtCurrentAltitude": 7909.649286156278,
      "trueSpeed": 53.984164465561946,
      "speedX": 0.041708100921822,
      "speedY": -53.98414835374509,
      "machSpeed": 0.15905468536509415,
      "accelerationX": -0.02425784632243621,
      "accelerationY": 7.490678962193286,
      "totalAcceleration": 7.490718240446191,
      "pitch": -0.001225844250149844,
      "pitchRateOfChange": -0.0002559248710797164,
      "pitchRecord": [
        -0.0012215964145298626,
        -0.0012237291217888603
      ],
      "angularVelocity": -0.00025276278133828993,
      "angularAcceleration": 0.00025262927514113436,
      "angleOfMotion": 3.14081720677233,
      "angleOfAttack": 3.1411443712854674,
      "angleInToTheWind": 0.0004482823043256978
    },
    "a": {
      "manualControlOn": false,
      "rcsThrustCommand": 0,
      "pitchControl": 0.11019061541746715,
      "holdingPitch": 0,
      "pitchHoldOn": false,
      "autoBoostBackOn": false,
      "boostBackInitCompleted": false,
      "boostBackAeroDeceleration": true,
      "boostBackDecelerationStageInitCompleted": false,
      "boostBackDecelerationCheckCountdown": null,
      "accelerationStageCompleted": false,
      "boostBackDirection": 0,
      "decelerationStageEstDuration": 0,
      "autoDeorbitOn": false,
      "deorbitInitCompleted": false,
      "deorbitBurnStarted": false,
      "deorbitBurnCompleted": false,
      "autoLandOn": true,
      "initVehicleConfigCompleted": false,
      "landingSiteXPos": 20015086.79602057,
      "aeroDescentCompleted": false,
      "bellyFlopTriggerAltitude": 0,
      "flipStageInitialised": false,
      "flipCompleted": false,
      "horizontalAdjustmentStageCompleted": false,
      "horizontalAdjustmentStageInitialised": false,
      "finalDescentStageInitialised": false,
      "finalDescentStageCompleted": false,
      "autoMaxThrustOn": false,
      "autoTakeOffOn": false,
      "autoTakeOffInitialised": false,
      "horizontalAdjustmentVerticalSpeedLimit": -30,
      "horizontalAdjustmentHorizontalSpeedLimit": 5,
      "demoAutoLandOn": false,
      "horizontalAccelerationByAeroBreakingCorrectionAngle": 0,
      "boosterPhase": "terminal",
      "boosterFallTime": 7.658333333333342,
      "boosterCoastPitch": 0,
      "boosterFinControl": 0,
      "boosterArrivalTime": 7.321170764097346
    },
    "status": {
      "onTheGround": false,
      "landed": false,
      "rcsActive": true,
      "finActive": false,
      "finLocked": false,
      "gearDown": false,
      "dumpingFuel": false,
      "forceDump": false,
      "translationModeOn": true
    },
    "failures": {
      "crashed": false,
      "inFlightBreakUp": false,
      "coldGasRunOut": false,
      "fuelRunOut": false,
      "heatDamaged": false,
      "overPressure": false,
      "overGLoad": false,
      "flippedOver": false,
      "randomFailure": false
    },
    "fuel": 195275.73904179246
  }
}
