
> starship-simulator-v2@0.1.0 gate
> npm run lint && npm run build && npm run test && npm run coverage && E2E_SKIP_BUILD=1 npm run test:e2e && E2E_SKIP_BUILD=1 npm run test:deploy


> starship-simulator-v2@0.1.0 lint
> eslint .


/Users/stevewang/dev/StarShipSimulator-realism/src/ui/shell/BlackBox/BlackBox.tsx
  54:6  warning  React Hook useMemo has an unnecessary dependency: 'selectedVehicle'. Either exclude it or remove the dependency array  react-hooks/exhaustive-deps

✖ 1 problem (0 errors, 1 warning)


> starship-simulator-v2@0.1.0 build
> tsc -b tsconfig.kit.json && tsc --noEmit -p tsconfig.json && node scripts/check-design-contract.mjs && node scripts/check-ui-contract.mjs && vite build && node scripts/build-sw.mjs dist && node scripts/check-budget.mjs && node scripts/check-entry-graph.mjs dist

design contract: ok (11 rules, self-test passed)
copy contract: ok (9 rules, self-test passed)
vite v8.2.2 building client environment for production...
transforming...
✓ 2519 modules transformed.
rendering chunks...
computing gzip size...
dist/index.html                                     2.35 kB │ gzip:   0.95 kB
dist/assets/InterTight-SemiBold-DJfiTN08.woff2     11.10 kB
dist/assets/Inter-Regular-BVdEcXjD.woff2           12.00 kB
dist/assets/Inter-SemiBold-DlULF7c_.woff2          12.46 kB
dist/assets/JetBrainsMono-Medium-CMl9fZ9Q.woff2    16.54 kB
dist/assets/charts-BBZhrHKM.css                     0.69 kB │ gzip:   0.35 kB
dist/assets/plots-D2GbP0iN.css                      1.17 kB │ gzip:   0.46 kB
dist/assets/uPlot-CnsZ1jie.css                      1.64 kB │ gzip:   0.69 kB
dist/assets/index-BH3TJ3oC.css                     63.66 kB │ gzip:  11.61 kB
dist/assets/webworkerAll-Cxc2QNpv.js                0.05 kB │ gzip:   0.06 kB
dist/assets/getTextureBatchBindGroup-Bt6AC8uX.js    0.40 kB │ gzip:   0.31 kB │ map:     1.78 kB
dist/assets/CanvasPool-ccaPBm8-.js                  0.80 kB │ gzip:   0.45 kB │ map:     3.51 kB
dist/assets/Cache-DGqfkvRQ.js                       1.14 kB │ gzip:   0.59 kB │ map:     4.85 kB
dist/assets/constants-B7VGlLR-.js                   1.59 kB │ gzip:   0.90 kB │ map:    35.45 kB
dist/assets/plots-u0LUi821.js                       4.63 kB │ gzip:   2.28 kB │ map:    24.91 kB
dist/assets/canvasUtils-BVPkC6ub.js                 6.06 kB │ gzip:   2.06 kB │ map:    21.91 kB
dist/assets/Debrief-DanP_zQk.js                     6.44 kB │ gzip:   2.53 kB │ map:    19.41 kB
dist/assets/BlackBox-KD6afmoJ.js                    9.98 kB │ gzip:   4.22 kB │ map:    37.57 kB
dist/assets/BufferResource-CZg6dyUf.js             11.13 kB │ gzip:   2.89 kB │ map:    26.53 kB
dist/assets/init-DnH_wx8r.js                       15.66 kB │ gzip:   4.92 kB │ map:    54.96 kB
dist/assets/state-BM-IUJFh.js                      19.18 kB │ gzip:   7.23 kB │ map:   149.00 kB
dist/assets/GCManagedHash-DqPcw2Gj.js              19.37 kB │ gzip:   6.32 kB │ map:    67.25 kB
dist/assets/Menu-Cs3YHYeI.js                       23.02 kB │ gzip:   7.73 kB │ map:    72.88 kB
dist/assets/Button-s_Cybpy_.js                     36.83 kB │ gzip:  12.30 kB │ map:   175.21 kB
dist/assets/Filter-C-jCSOcL.js                     38.97 kB │ gzip:  11.18 kB │ map:   182.95 kB
dist/assets/Dialog-BZ6DbFyE.js                     39.90 kB │ gzip:  13.65 kB │ map:   184.47 kB
dist/assets/browserAll-DVjxBdmF.js                 42.72 kB │ gzip:  11.20 kB │ map:   156.94 kB
dist/assets/uPlot.esm-C4ecZUO0.js                  51.04 kB │ gzip:  22.28 kB │ map:   252.56 kB
dist/assets/RenderTargetSystem-CGVbkJQT.js         57.47 kB │ gzip:  16.21 kB │ map:   213.58 kB
dist/assets/GraphicsContext-DLmAmwc0.js            61.32 kB │ gzip:  20.55 kB │ map:   346.25 kB
dist/assets/Geometry-coEMng49.js                   65.52 kB │ gzip:  21.50 kB │ map:   326.26 kB
dist/assets/index-DWsP6E1J.js                     655.08 kB │ gzip: 203.52 kB │ map: 3,035.14 kB

✓ built in 774ms
[plugin builtin:vite-reporter] 
(!) Some chunks are larger than 500 kB after minification. Consider:
- Using dynamic import() to code-split the application
- Use build.rolldownOptions.output.codeSplitting to improve chunking: https://rolldown.rs/reference/OutputOptions.codeSplitting
- Adjust chunk size limit for this warning via build.chunkSizeWarningLimit.
service worker: 44 assets precached, version 1d54d86aae7a
  assets/index-DWsP6E1J.js                           196.6 kB gzip
  assets/Geometry-coEMng49.js                         20.7 kB gzip
  assets/Button-s_Cybpy_.js                           11.9 kB gzip
  assets/constants-B7VGlLR-.js                         0.9 kB gzip
  assets/state-BM-IUJFh.js                             7.0 kB gzip
  assets/Filter-C-jCSOcL.js                           10.8 kB gzip
  assets/canvasUtils-BVPkC6ub.js                       2.0 kB gzip
  assets/Cache-DGqfkvRQ.js                             0.6 kB gzip
  assets/GCManagedHash-DqPcw2Gj.js                     6.2 kB gzip
  assets/RenderTargetSystem-CGVbkJQT.js               15.7 kB gzip
  assets/getTextureBatchBindGroup-Bt6AC8uX.js          0.3 kB gzip
  assets/GraphicsContext-DLmAmwc0.js                  19.9 kB gzip
  assets/CanvasPool-ccaPBm8-.js                        0.4 kB gzip
  assets/BufferResource-CZg6dyUf.js                    2.8 kB gzip
  TOTAL first-load JS                                295.8 kB gzip
  BUDGET                                             300.0 kB gzip
  (lazy chunks, not counted: BlackBox-KD6afmoJ.js, Debrief-DanP_zQk.js, Dialog-BZ6DbFyE.js, Menu-Cs3YHYeI.js, browserAll-DVjxBdmF.js, init-DnH_wx8r.js, plots-u0LUi821.js, uPlot.esm-C4ecZUO0.js, webworkerAll-Cxc2QNpv.js)
  assets/index-BH3TJ3oC.css                           11.2 kB gzip (css)
  Inter-Regular-BVdEcXjD.woff2                        11.7 kB raw
  Inter-SemiBold-DlULF7c_.woff2                       12.2 kB raw
  InterTight-SemiBold-DJfiTN08.woff2                  10.8 kB raw
  JetBrainsMono-Medium-CMl9fZ9Q.woff2                 16.2 kB raw
  TOTAL fonts                                         50.9 kB raw
  FONT BUDGET                                         80.0 kB raw
  TOTAL audio                                          0.0 kB raw
  AUDIO BUDGET                                       250.0 kB raw

budget: OK — 295.8 kB of 300.0 kB JS
budget: OK — 50.9 kB of 80.0 kB fonts
budget: OK — 0.0 kB of 250.0 kB audio
entry graph: ok (14 first-load files, no uPlot or GSAP)

> starship-simulator-v2@0.1.0 test
> vitest run


 RUN  v4.1.11 /Users/stevewang/dev/StarShipSimulator-realism

(node:71577) Warning: `--localstorage-file` was provided without a valid path
(Use `node --trace-warnings ...` to show where the warning was created)
(node:71578) Warning: `--localstorage-file` was provided without a valid path
(Use `node --trace-warnings ...` to show where the warning was created)
Not implemented: HTMLCanvasElement's getContext() method: without installing the canvas npm package
(node:71576) Warning: `--localstorage-file` was provided without a valid path
(Use `node --trace-warnings ...` to show where the warning was created)
Not implemented: HTMLCanvasElement's getContext() method: without installing the canvas npm package
Not implemented: HTMLCanvasElement's getContext() method: without installing the canvas npm package
Not implemented: HTMLCanvasElement's getContext() method: without installing the canvas npm package
Not implemented: HTMLCanvasElement's getContext() method: without installing the canvas npm package
Not implemented: HTMLCanvasElement's getContext() method: without installing the canvas npm package
Not implemented: HTMLCanvasElement's getContext() method: without installing the canvas npm package
Not implemented: HTMLCanvasElement's getContext() method: without installing the canvas npm package
Not implemented: HTMLCanvasElement's getContext() method: without installing the canvas npm package
Not implemented: HTMLCanvasElement's getContext() method: without installing the canvas npm package
Not implemented: HTMLCanvasElement's getContext() method: without installing the canvas npm package
Not implemented: HTMLCanvasElement's getContext() method: without installing the canvas npm package
Not implemented: HTMLCanvasElement's getContext() method: without installing the canvas npm package
(node:71580) Warning: `--localstorage-file` was provided without a valid path
(Use `node --trace-warnings ...` to show where the warning was created)
(node:71579) Warning: `--localstorage-file` was provided without a valid path
(Use `node --trace-warnings ...` to show where the warning was created)
(node:71593) Warning: `--localstorage-file` was provided without a valid path
(Use `node --trace-warnings ...` to show where the warning was created)
(node:71594) Warning: `--localstorage-file` was provided without a valid path
(Use `node --trace-warnings ...` to show where the warning was created)
(node:71595) Warning: `--localstorage-file` was provided without a valid path
(Use `node --trace-warnings ...` to show where the warning was created)
(node:71596) Warning: `--localstorage-file` was provided without a valid path
(Use `node --trace-warnings ...` to show where the warning was created)
(node:71597) Warning: `--localstorage-file` was provided without a valid path
(Use `node --trace-warnings ...` to show where the warning was created)
(node:71598) Warning: `--localstorage-file` was provided without a valid path
(Use `node --trace-warnings ...` to show where the warning was created)
(node:71599) Warning: `--localstorage-file` was provided without a valid path
(Use `node --trace-warnings ...` to show where the warning was created)
(node:71600) Warning: `--localstorage-file` was provided without a valid path
(Use `node --trace-warnings ...` to show where the warning was created)
(node:71601) Warning: `--localstorage-file` was provided without a valid path
(Use `node --trace-warnings ...` to show where the warning was created)
(node:71602) Warning: `--localstorage-file` was provided without a valid path
(Use `node --trace-warnings ...` to show where the warning was created)
(node:71603) Warning: `--localstorage-file` was provided without a valid path
(Use `node --trace-warnings ...` to show where the warning was created)
(node:71604) Warning: `--localstorage-file` was provided without a valid path
(Use `node --trace-warnings ...` to show where the warning was created)
(node:71605) Warning: `--localstorage-file` was provided without a valid path
(Use `node --trace-warnings ...` to show where the warning was created)
(node:71608) Warning: `--localstorage-file` was provided without a valid path
(Use `node --trace-warnings ...` to show where the warning was created)
(node:71607) Warning: `--localstorage-file` was provided without a valid path
(Use `node --trace-warnings ...` to show where the warning was created)
(node:71606) Warning: `--localstorage-file` was provided without a valid path
(Use `node --trace-warnings ...` to show where the warning was created)
(node:71613) Warning: `--localstorage-file` was provided without a valid path
(Use `node --trace-warnings ...` to show where the warning was created)
(node:71612) Warning: `--localstorage-file` was provided without a valid path
(Use `node --trace-warnings ...` to show where the warning was created)
(node:71619) Warning: `--localstorage-file` was provided without a valid path
(Use `node --trace-warnings ...` to show where the warning was created)
(node:71620) Warning: `--localstorage-file` was provided without a valid path
(Use `node --trace-warnings ...` to show where the warning was created)
(node:71621) Warning: `--localstorage-file` was provided without a valid path
(Use `node --trace-warnings ...` to show where the warning was created)
(node:71622) Warning: `--localstorage-file` was provided without a valid path
(Use `node --trace-warnings ...` to show where the warning was created)
(node:71624) Warning: `--localstorage-file` was provided without a valid path
(Use `node --trace-warnings ...` to show where the warning was created)
(node:71626) Warning: `--localstorage-file` was provided without a valid path
(Use `node --trace-warnings ...` to show where the warning was created)
Not implemented: HTMLCanvasElement's getContext() method: without installing the canvas npm package
Not implemented: HTMLCanvasElement's getContext() method: without installing the canvas npm package
Not implemented: HTMLCanvasElement's getContext() method: without installing the canvas npm package
Not implemented: HTMLCanvasElement's getContext() method: without installing the canvas npm package
Not implemented: HTMLCanvasElement's getContext() method: without installing the canvas npm package
Not implemented: HTMLCanvasElement's getContext() method: without installing the canvas npm package
Not implemented: HTMLCanvasElement's getContext() method: without installing the canvas npm package
(node:71763) Warning: `--localstorage-file` was provided without a valid path
(Use `node --trace-warnings ...` to show where the warning was created)
Not implemented: HTMLCanvasElement's getContext() method: without installing the canvas npm package
Not implemented: HTMLCanvasElement's getContext() method: without installing the canvas npm package
Not implemented: HTMLCanvasElement's getContext() method: without installing the canvas npm package
(node:71778) Warning: `--localstorage-file` was provided without a valid path
(Use `node --trace-warnings ...` to show where the warning was created)
Not implemented: HTMLCanvasElement's getContext() method: without installing the canvas npm package
Not implemented: HTMLCanvasElement's getContext() method: without installing the canvas npm package
Not implemented: HTMLCanvasElement's getContext() method: without installing the canvas npm package

 Test Files  193 passed (193)
      Tests  2270 passed (2270)
   Start at  04:15:58
   Duration  80.23s (transform 5.65s, setup 2.01s, import 40.82s, tests 289.66s, environment 25.94s)


> starship-simulator-v2@0.1.0 coverage
> vitest run --coverage --testTimeout=120000


 RUN  v4.1.11 /Users/stevewang/dev/StarShipSimulator-realism
      Coverage enabled with v8

(node:71892) Warning: `--localstorage-file` was provided without a valid path
(Use `node --trace-warnings ...` to show where the warning was created)
(node:71895) Warning: `--localstorage-file` was provided without a valid path
(Use `node --trace-warnings ...` to show where the warning was created)
(node:71891) Warning: `--localstorage-file` was provided without a valid path
(Use `node --trace-warnings ...` to show where the warning was created)
Not implemented: HTMLCanvasElement's getContext() method: without installing the canvas npm package
Not implemented: HTMLCanvasElement's getContext() method: without installing the canvas npm package
Not implemented: HTMLCanvasElement's getContext() method: without installing the canvas npm package
Not implemented: HTMLCanvasElement's getContext() method: without installing the canvas npm package
Not implemented: HTMLCanvasElement's getContext() method: without installing the canvas npm package
Not implemented: HTMLCanvasElement's getContext() method: without installing the canvas npm package
Not implemented: HTMLCanvasElement's getContext() method: without installing the canvas npm package
Not implemented: HTMLCanvasElement's getContext() method: without installing the canvas npm package
Not implemented: HTMLCanvasElement's getContext() method: without installing the canvas npm package
Not implemented: HTMLCanvasElement's getContext() method: without installing the canvas npm package
Not implemented: HTMLCanvasElement's getContext() method: without installing the canvas npm package
Not implemented: HTMLCanvasElement's getContext() method: without installing the canvas npm package
(node:71893) Warning: `--localstorage-file` was provided without a valid path
(Use `node --trace-warnings ...` to show where the warning was created)
Not implemented: HTMLCanvasElement's getContext() method: without installing the canvas npm package
(node:71894) Warning: `--localstorage-file` was provided without a valid path
(Use `node --trace-warnings ...` to show where the warning was created)
(node:71896) Warning: `--localstorage-file` was provided without a valid path
(Use `node --trace-warnings ...` to show where the warning was created)
(node:71897) Warning: `--localstorage-file` was provided without a valid path
(Use `node --trace-warnings ...` to show where the warning was created)
(node:71898) Warning: `--localstorage-file` was provided without a valid path
(Use `node --trace-warnings ...` to show where the warning was created)
(node:71899) Warning: `--localstorage-file` was provided without a valid path
(Use `node --trace-warnings ...` to show where the warning was created)
(node:71900) Warning: `--localstorage-file` was provided without a valid path
(Use `node --trace-warnings ...` to show where the warning was created)
(node:71901) Warning: `--localstorage-file` was provided without a valid path
(Use `node --trace-warnings ...` to show where the warning was created)
(node:71902) Warning: `--localstorage-file` was provided without a valid path
(Use `node --trace-warnings ...` to show where the warning was created)
(node:71903) Warning: `--localstorage-file` was provided without a valid path
(Use `node --trace-warnings ...` to show where the warning was created)
(node:71904) Warning: `--localstorage-file` was provided without a valid path
(Use `node --trace-warnings ...` to show where the warning was created)
(node:71905) Warning: `--localstorage-file` was provided without a valid path
(Use `node --trace-warnings ...` to show where the warning was created)
(node:71907) Warning: `--localstorage-file` was provided without a valid path
(Use `node --trace-warnings ...` to show where the warning was created)
(node:71906) Warning: `--localstorage-file` was provided without a valid path
(Use `node --trace-warnings ...` to show where the warning was created)
(node:71908) Warning: `--localstorage-file` was provided without a valid path
(Use `node --trace-warnings ...` to show where the warning was created)
(node:71909) Warning: `--localstorage-file` was provided without a valid path
(Use `node --trace-warnings ...` to show where the warning was created)
(node:71911) Warning: `--localstorage-file` was provided without a valid path
(Use `node --trace-warnings ...` to show where the warning was created)
(node:71910) Warning: `--localstorage-file` was provided without a valid path
(Use `node --trace-warnings ...` to show where the warning was created)
(node:71912) Warning: `--localstorage-file` was provided without a valid path
(Use `node --trace-warnings ...` to show where the warning was created)
(node:71913) Warning: `--localstorage-file` was provided without a valid path
(Use `node --trace-warnings ...` to show where the warning was created)
(node:71914) Warning: `--localstorage-file` was provided without a valid path
(Use `node --trace-warnings ...` to show where the warning was created)
(node:71915) Warning: `--localstorage-file` was provided without a valid path
(Use `node --trace-warnings ...` to show where the warning was created)
(node:71916) Warning: `--localstorage-file` was provided without a valid path
(Use `node --trace-warnings ...` to show where the warning was created)
(node:71917) Warning: `--localstorage-file` was provided without a valid path
(Use `node --trace-warnings ...` to show where the warning was created)
(node:71918) Warning: `--localstorage-file` was provided without a valid path
(Use `node --trace-warnings ...` to show where the warning was created)
(node:71919) Warning: `--localstorage-file` was provided without a valid path
(Use `node --trace-warnings ...` to show where the warning was created)
Not implemented: HTMLCanvasElement's getContext() method: without installing the canvas npm package
Not implemented: HTMLCanvasElement's getContext() method: without installing the canvas npm package
Not implemented: HTMLCanvasElement's getContext() method: without installing the canvas npm package
Not implemented: HTMLCanvasElement's getContext() method: without installing the canvas npm package
Not implemented: HTMLCanvasElement's getContext() method: without installing the canvas npm package
Not implemented: HTMLCanvasElement's getContext() method: without installing the canvas npm package
Not implemented: HTMLCanvasElement's getContext() method: without installing the canvas npm package
Not implemented: HTMLCanvasElement's getContext() method: without installing the canvas npm package
Not implemented: HTMLCanvasElement's getContext() method: without installing the canvas npm package
(node:72272) Warning: `--localstorage-file` was provided without a valid path
(Use `node --trace-warnings ...` to show where the warning was created)
Not implemented: HTMLCanvasElement's getContext() method: without installing the canvas npm package
Not implemented: HTMLCanvasElement's getContext() method: without installing the canvas npm package
(node:72293) Warning: `--localstorage-file` was provided without a valid path
(Use `node --trace-warnings ...` to show where the warning was created)
Not implemented: HTMLCanvasElement's getContext() method: without installing the canvas npm package
Not implemented: HTMLCanvasElement's getContext() method: without installing the canvas npm package

 Test Files  193 passed (193)
      Tests  2270 passed (2270)
   Start at  04:17:19
   Duration  210.64s (transform 5.95s, setup 2.30s, import 70.33s, tests 894.95s, environment 27.31s)

 % Coverage report from v8
-------------------|---------|----------|---------|---------|-------------------
File               | % Stmts | % Branch | % Funcs | % Lines | Uncovered Line #s 
-------------------|---------|----------|---------|---------|-------------------
All files          |   99.63 |    99.03 |     100 |   99.86 |                   
 core              |     100 |    98.98 |     100 |     100 |                   
  mission.ts       |     100 |     97.5 |     100 |     100 | 161               
 core/autopilot    |   99.81 |    99.31 |     100 |     100 |                   
  booster.ts       |   99.51 |    98.67 |     100 |     100 | 125,277           
  index.ts         |     100 |     99.6 |     100 |     100 | 447               
 core/control      |   99.01 |    98.41 |     100 |   99.55 |                   
  ...prediction.ts |    96.5 |    95.67 |     100 |   98.14 | 149-150           
  commands.ts      |     100 |    95.23 |     100 |     100 | 54                
  ...ce-physics.ts |   98.05 |    96.77 |     100 |   99.26 | 307               
-------------------|---------|----------|---------|---------|-------------------

=============================== Coverage summary ===============================
Statements   : 99.63% ( 2484/2493 )
Branches     : 99.03% ( 1434/1448 )
Functions    : 100% ( 300/300 )
Lines        : 99.86% ( 2174/2177 )
================================================================================

> starship-simulator-v2@0.1.0 test:e2e
> playwright test --project=chromium --grep @smoke

[WebServer] (node:72428) Warning: The 'NO_COLOR' env is ignored due to the 'FORCE_COLOR' env being set.
[WebServer] (Use `node --trace-warnings ...` to show where the warning was created)

Running 13 tests using 3 workers

(node:72433) Warning: The 'NO_COLOR' env is ignored due to the 'FORCE_COLOR' env being set.
(Use `node --trace-warnings ...` to show where the warning was created)
(node:72432) Warning: The 'NO_COLOR' env is ignored due to the 'FORCE_COLOR' env being set.
(Use `node --trace-warnings ...` to show where the warning was created)
(node:72434) Warning: The 'NO_COLOR' env is ignored due to the 'FORCE_COLOR' env being set.
(Use `node --trace-warnings ...` to show where the warning was created)
  ✓   3 [chromium] › tests/e2e/blackbox.spec.ts:55:1 › it draws the nine plots of the flight @smoke (6.0s)
  ✓   4 [chromium] › tests/e2e/menu.spec.ts:17:1 › the menu opens, offers every preset, and closes @smoke (1.1s)
  ✓   5 [chromium] › tests/e2e/menu.spec.ts:58:1 › Configure starts the new flight and closes the menu @smoke (1.1s)
  ✓   6 [chromium] › tests/e2e/offline.spec.ts:45:1 › the whole app loads with the network off @mobile @smoke (783ms)
  ✓   2 [chromium] › tests/e2e/intro.spec.ts:14:1 › the intro plays end to end and lands @smoke (9.3s)
  ✓   7 [chromium] › tests/e2e/parity.spec.ts:18:1 › every 2021 flight control is present @smoke (797ms)
  ✓   9 [chromium] › tests/e2e/smoke.spec.ts:13:1 › page loads with no console errors and no failed requests @mobile @smoke (608ms)
  ✓   8 [chromium] › tests/e2e/render.spec.ts:11:1 › every art asset loads @smoke (1.2s)
  ✓  10 [chromium] › tests/e2e/smoke.spec.ts:45:1 › loads no third-party origins @mobile @smoke (447ms)
  ✓  11 [chromium] › tests/e2e/smoke.spec.ts:61:1 › canvas mounts @mobile @smoke (860ms)
  ✓  12 [chromium] › tests/e2e/smoke.spec.ts:85:1 › the simulation runs behind the canvas @mobile @smoke (892ms)
  ✓   1 [chromium] › tests/e2e/controls.spec.ts:68:1 › lighting the Raptors changes the flight @mobile @smoke (16.3s)
[witness-plume] fire pixels below the ship: engines off 0, engines lit 577
  ✓  13 [chromium] › tests/e2e/witness-plume.spec.ts:85:1 › engines lit draw fire below the ship, and engines off do not @smoke (5.3s)

  13 passed (19.0s)

> starship-simulator-v2@0.1.0 test:deploy
> playwright test --config playwright.subpath.config.ts

[WebServer] (node:72499) Warning: The 'NO_COLOR' env is ignored due to the 'FORCE_COLOR' env being set.
[WebServer] (Use `node --trace-warnings ...` to show where the warning was created)

Running 5 tests using 1 worker

(node:72500) Warning: The 'NO_COLOR' env is ignored due to the 'FORCE_COLOR' env being set.
(Use `node --trace-warnings ...` to show where the warning was created)
  ✓  1 tests/deploy/subpath.spec.ts:11:1 › the app loads and flies from a subdirectory (564ms)
  ✓  2 tests/deploy/subpath.spec.ts:36:1 › every asset is requested under the subpath (701ms)
  ✓  3 tests/deploy/subpath.spec.ts:59:1 › the service worker registers at the subpath scope and precaches it (292ms)
  ✓  4 tests/deploy/subpath.spec.ts:82:1 › the install manifest stays under the subpath, and its icon is served (162ms)
  ✓  5 tests/deploy/subpath.spec.ts:100:1 › it still works offline from a subdirectory (488ms)

  5 passed (3.1s)
real 324.06
user 1457.10
sys 52.75
           835158016  maximum resident set size
                   0  average shared memory size
                   0  average unshared data size
                   0  average unshared stack size
             4298109  page reclaims
               61924  page faults
                   0  swaps
                   0  block input operations
                   0  block output operations
               68431  messages sent
               46100  messages received
                 386  signals received
               33877  voluntary context switches
             2107651  involuntary context switches
          1337766306  instructions retired
           459773422  cycles elapsed
            26348400  peak memory footprint
