
> starship-simulator-v2@0.1.0 test:deploy
> playwright test --config playwright.subpath.config.ts


Running 5 tests using 1 worker

(node:62751) Warning: The 'NO_COLOR' env is ignored due to the 'FORCE_COLOR' env being set.
(Use `node --trace-warnings ...` to show where the warning was created)
  ✓  1 tests/deploy/subpath.spec.ts:11:1 › the app loads and flies from a subdirectory (3.3s)
  ✓  2 tests/deploy/subpath.spec.ts:36:1 › every asset is requested under the subpath (777ms)
  ✓  3 tests/deploy/subpath.spec.ts:59:1 › the service worker registers at the subpath scope and precaches it (2.1s)
  ✘  4 tests/deploy/subpath.spec.ts:82:1 › the install manifest stays under the subpath, and its icon is served (277ms)
(node:62777) Warning: The 'NO_COLOR' env is ignored due to the 'FORCE_COLOR' env being set.
(Use `node --trace-warnings ...` to show where the warning was created)
  ✓  5 tests/deploy/subpath.spec.ts:100:1 › it still works offline from a subdirectory (2.3s)


  1) tests/deploy/subpath.spec.ts:82:1 › the install manifest stays under the subpath, and its icon is served 

    Error: apiRequestContext.get: unable to get local issuer certificate
    Call log:
      - → GET https://steveisnthere.github.io/StarShipSimulator/manifest.webmanifest
        - user-agent: Mozilla/5.0 (Windows NT 10.0; Win64; x64) AppleWebKit/537.36 (KHTML, like Gecko) Chrome/151.0.7922.34 Safari/537.36
        - accept: */*
        - accept-encoding: gzip,deflate,br


      87 |   const href = await page.locator('link[rel="manifest"]').getAttribute('href');
      88 |   const manifestUrl = new URL(href!, page.url()).href;
    > 89 |   const manifest = await (await page.request.get(manifestUrl)).json();
         |                                              ^
      90 |   const resolve = (u: string) => new URL(u, manifestUrl).pathname;
      91 |   expect(resolve(manifest.start_url)).toBe('/StarShipSimulator/');
      92 |   expect(resolve(manifest.scope)).toBe('/StarShipSimulator/');
        at /Users/stevewang/dev/StarShipSimulator/tests/deploy/subpath.spec.ts:89:46

    Error Context: test-results/subpath-the-install-manife-864f7-path-and-its-icon-is-served/error-context.md

  1 failed
    tests/deploy/subpath.spec.ts:82:1 › the install manifest stays under the subpath, and its icon is served 
  4 passed (10.2s)
