
 RUN  v4.1.11 /Users/stevewang/dev/StarShipSimulator-realism

 ❯ |unit| tests/core/booster-prediction.test.ts (18 tests | 1 failed) 92ms
     × does not mutate a prediction shared by a cloned previous frame and deterministically publishes a completed result 63ms
 ❯ |unit| tests/core/booster-planning-latency.test.ts (2 tests | 1 failed) 2616ms
     × publishes a source-matched physically caught future cutoff for booster-sep 2191ms

⎯⎯⎯⎯⎯⎯⎯ Failed Tests 2 ⎯⎯⎯⎯⎯⎯⎯

 FAIL  |unit| tests/core/booster-planning-latency.test.ts > paid return planning at production receipt/work timing > publishes a source-matched physically caught future cutoff for booster-sep
AssertionError: expected undefined to be defined
 ❯ tests/core/booster-planning-latency.test.ts:28:44
     26|     expect(s.kinematics).toEqual(kinematics);expect(s.vehicle.propella…
     27|     expect(s.rng.counters).toEqual(rng);
     28|     expect(j.done).toBe(true);expect(plan).toBeDefined();
       |                                            ^
     29|     expect(plan!.originTime).toBe(j.origin.world.environmentTime);
     30|     expect(plan!.shutdownAt).toBeGreaterThan(s.world.environmentTime);

⎯⎯⎯⎯⎯⎯⎯⎯⎯⎯⎯⎯⎯⎯⎯⎯⎯⎯⎯⎯⎯⎯⎯⎯[1/2]⎯

 FAIL  |unit| tests/core/booster-prediction.test.ts > bounded deterministic booster prediction > does not mutate a prediction shared by a cloned previous frame and deterministically publishes a completed result
AssertionError: expected undefined to be defined
 ❯ tests/core/booster-prediction.test.ts:228:20
    226|       advanceBoosterPrediction(b,1/120,advanceMechanics,runBoosterPoli…
    227|     const result=b.autopilot.boosterPrediction?.published;
    228|     expect(result).toBeDefined();expect(result!.forecast.reached).toBe…
       |                    ^
    229|     expect(result!.forecast.fuel).toBeLessThan(a.vehicle.propellantMas…
    230|     expect(b.rng).toEqual(a.rng);

⎯⎯⎯⎯⎯⎯⎯⎯⎯⎯⎯⎯⎯⎯⎯⎯⎯⎯⎯⎯⎯⎯⎯⎯[2/2]⎯


 Test Files  2 failed | 3 passed (5)
      Tests  2 failed | 65 passed (67)
   Start at  21:59:34
   Duration  6.56s (transform 481ms, setup 0ms, import 707ms, tests 9.26s, environment 1ms)

