
 RUN  v4.1.11 /Users/stevewang/dev/StarShipSimulator-realism

 ❯ |unit| tests/core/booster-prediction.test.ts (18 tests | 1 failed) 113ms
     × does not mutate a prediction shared by a cloned previous frame and deterministically publishes a completed result 76ms
 ❯ |unit| tests/core/booster-planning-latency.test.ts (2 tests | 2 failed) 3831ms
     × publishes a source-matched physically caught future cutoff for booster-sep 3029ms
     × publishes a source-matched physically caught future cutoff for rtls 802ms

⎯⎯⎯⎯⎯⎯⎯ Failed Tests 3 ⎯⎯⎯⎯⎯⎯⎯

 FAIL  |unit| tests/core/booster-planning-latency.test.ts > paid return planning at production receipt/work timing > publishes a source-matched physically caught future cutoff for booster-sep
 FAIL  |unit| tests/core/booster-planning-latency.test.ts > paid return planning at production receipt/work timing > publishes a source-matched physically caught future cutoff for rtls
AssertionError: expected undefined to be defined
 ❯ tests/core/booster-planning-latency.test.ts:28:44
     26|     expect(s.kinematics).toEqual(kinematics);expect(s.vehicle.propella…
     27|     expect(s.rng.counters).toEqual(rng);
     28|     expect(j.done).toBe(true);expect(plan).toBeDefined();
       |                                            ^
     29|     expect(plan!.originTime).toBe(j.origin.world.environmentTime);
     30|     expect(plan!.shutdownAt).toBeGreaterThan(s.world.environmentTime);

⎯⎯⎯⎯⎯⎯⎯⎯⎯⎯⎯⎯⎯⎯⎯⎯⎯⎯⎯⎯⎯⎯⎯⎯[1/3]⎯

 FAIL  |unit| tests/core/booster-prediction.test.ts > bounded deterministic booster prediction > does not mutate a prediction shared by a cloned previous frame and deterministically publishes a completed result
AssertionError: expected undefined to be defined
 ❯ tests/core/booster-prediction.test.ts:228:20
    226|       advanceBoosterPrediction(b,1/120,advanceMechanics,runBoosterPoli…
    227|     const result=b.autopilot.boosterPrediction?.published;
    228|     expect(result).toBeDefined();expect(result!.forecast.reached).toBe…
       |                    ^
    229|     expect(result!.forecast.fuel).toBeLessThan(a.vehicle.propellantMas…
    230|     expect(b.rng).toEqual(a.rng);

⎯⎯⎯⎯⎯⎯⎯⎯⎯⎯⎯⎯⎯⎯⎯⎯⎯⎯⎯⎯⎯⎯⎯⎯[2/3]⎯


 Test Files  2 failed | 3 passed (5)
      Tests  3 failed | 64 passed (67)
   Start at  22:06:31
   Duration  7.37s (transform 456ms, setup 0ms, import 694ms, tests 11.29s, environment 0ms)

