
 RUN  v4.1.11 /Users/stevewang/dev/StarShipSimulator-realism

 ❯ |unit| tests/core/booster-prediction.test.ts (17 tests | 1 failed) 98ms
     × does not mutate a prediction shared by a cloned previous frame and deterministically publishes a completed result 63ms
 ❯ |unit| tests/core/booster-terminal-envelope.test.ts (9 tests | 1 failed) 212ms
     × physically catches the recorded paid ready input booster-sep with upright, bounded point motion 110ms
 ❯ |unit| tests/core/booster-planning-latency.test.ts (2 tests | 2 failed) 4526ms
     × publishes a source-matched physically caught future cutoff for booster-sep 3823ms
     × publishes a source-matched physically caught future cutoff for rtls 703ms

⎯⎯⎯⎯⎯⎯⎯ Failed Tests 4 ⎯⎯⎯⎯⎯⎯⎯

 FAIL  |unit| tests/core/booster-planning-latency.test.ts > paid return planning at production receipt/work timing > publishes a source-matched physically caught future cutoff for booster-sep
 FAIL  |unit| tests/core/booster-planning-latency.test.ts > paid return planning at production receipt/work timing > publishes a source-matched physically caught future cutoff for rtls
AssertionError: expected undefined to be defined
 ❯ tests/core/booster-planning-latency.test.ts:28:44
     26|     expect(s.kinematics).toEqual(kinematics);expect(s.vehicle.propella…
     27|     expect(s.rng.counters).toEqual(rng);
     28|     expect(j.done).toBe(true);expect(plan).toBeDefined();
       |                                            ^
     29|     expect(plan!.originTime).toBe(j.origin.world.environmentTime);
     30|     expect(plan!.shutdownAt).toBeGreaterThan(s.world.environmentTime);

⎯⎯⎯⎯⎯⎯⎯⎯⎯⎯⎯⎯⎯⎯⎯⎯⎯⎯⎯⎯⎯⎯⎯⎯[1/4]⎯

 FAIL  |unit| tests/core/booster-prediction.test.ts > bounded deterministic booster prediction > does not mutate a prediction shared by a cloned previous frame and deterministically publishes a completed result
AssertionError: expected undefined to be defined
 ❯ tests/core/booster-prediction.test.ts:215:20
    213|       advanceBoosterPrediction(b,1/120,advanceMechanics,runBoosterPoli…
    214|     const result=b.autopilot.boosterPrediction?.published;
    215|     expect(result).toBeDefined();expect(result!.forecast.reached).toBe…
       |                    ^
    216|     expect(result!.forecast.fuel).toBeLessThan(a.vehicle.propellantMas…
    217|     expect(b.rng).toEqual(a.rng);

⎯⎯⎯⎯⎯⎯⎯⎯⎯⎯⎯⎯⎯⎯⎯⎯⎯⎯⎯⎯⎯⎯⎯⎯[2/4]⎯

 FAIL  |unit| tests/core/booster-terminal-envelope.test.ts > physical terminal catch envelope > physically catches the recorded paid ready input booster-sep with upright, bounded point motion
AssertionError: expected false to be true // Object.is equality

- Expected
+ Received

- true
+ false

 ❯ tests/core/booster-terminal-envelope.test.ts:86:29
     84|       previous=s;s=advanceMechanics(s,1/120,runBoosterPolicy,SUPER_HEA…
     85|     }
     86|     expect(s.status.landed).toBe(true);expect(s.status.onTheGround).to…
       |                             ^
     87|     expect(s.vehicle.propellantMass).toBeGreaterThan(0);
     88|     expect(Object.values(s.failures).some(Boolean)).toBe(false);

⎯⎯⎯⎯⎯⎯⎯⎯⎯⎯⎯⎯⎯⎯⎯⎯⎯⎯⎯⎯⎯⎯⎯⎯[3/4]⎯


 Test Files  3 failed (3)
      Tests  4 failed | 24 passed (28)
   Start at  21:47:35
   Duration  4.81s (transform 302ms, setup 0ms, import 429ms, tests 4.84s, environment 0ms)

