
 RUN  v4.1.11 /Users/stevewang/dev/StarShipSimulator-realism

 ❯ |unit| tests/core/booster-prediction.test.ts (16 tests | 1 failed) 78ms
     × does not mutate a prediction shared by a cloned previous frame and deterministically publishes a completed result 53ms
 ❯ |unit| tests/core/booster-planning-latency.test.ts (2 tests | 2 failed) 4797ms
     × publishes a source-matched physically caught future cutoff for booster-sep 3611ms
     × publishes a source-matched physically caught future cutoff for rtls 1185ms

⎯⎯⎯⎯⎯⎯⎯ Failed Tests 3 ⎯⎯⎯⎯⎯⎯⎯

 FAIL  |unit| tests/core/booster-planning-latency.test.ts > paid return planning at production receipt/work timing > publishes a source-matched physically caught future cutoff for booster-sep
 FAIL  |unit| tests/core/booster-planning-latency.test.ts > paid return planning at production receipt/work timing > publishes a source-matched physically caught future cutoff for rtls
AssertionError: expected undefined to be defined
 ❯ tests/core/booster-planning-latency.test.ts:28:44
     26|     expect(s.kinematics).toEqual(kinematics);expect(s.vehicle.propella…
     27|     expect(s.rng.counters).toEqual(rng);
     28|     expect(j.done).toBe(true);expect(plan).toBeDefined();
       |                                            ^
     29|     expect(plan!.originTime).toBe(j.origin.world.environmentTime);
     30|     expect(plan!.shutdownAt).toBeGreaterThan(s.world.environmentTime);

⎯⎯⎯⎯⎯⎯⎯⎯⎯⎯⎯⎯⎯⎯⎯⎯⎯⎯⎯⎯⎯⎯⎯⎯[1/3]⎯

 FAIL  |unit| tests/core/booster-prediction.test.ts > bounded deterministic booster prediction > does not mutate a prediction shared by a cloned previous frame and deterministically publishes a completed result
AssertionError: expected undefined to be defined
 ❯ tests/core/booster-prediction.test.ts:195:20
    193|       advanceBoosterPrediction(b,1/120,advanceMechanics,runBoosterPoli…
    194|     const result=b.autopilot.boosterPrediction?.published;
    195|     expect(result).toBeDefined();expect(result!.forecast.reached).toBe…
       |                    ^
    196|     expect(result!.forecast.fuel).toBeLessThan(a.vehicle.propellantMas…
    197|     expect(b.rng).toEqual(a.rng);

⎯⎯⎯⎯⎯⎯⎯⎯⎯⎯⎯⎯⎯⎯⎯⎯⎯⎯⎯⎯⎯⎯⎯⎯[2/3]⎯


 Test Files  2 failed | 2 passed (4)
      Tests  3 failed | 51 passed (54)
   Start at  21:38:32
   Duration  7.68s (transform 373ms, setup 0ms, import 553ms, tests 12.28s, environment 0ms)

