
 RUN  v4.1.11 /Users/stevewang/dev/StarShipSimulator-realism

 ❯ |unit| tests/core/booster-command.test.ts (13 tests | 1 failed | 12 skipped) 10ms
     × reserves startup distance for cold centres but not already delivered landing thrust 10ms

⎯⎯⎯⎯⎯⎯⎯ Failed Tests 1 ⎯⎯⎯⎯⎯⎯⎯

 FAIL  |unit| tests/core/booster-command.test.ts > booster continuous entry handoff > reserves startup distance for cold centres but not already delivered landing thrust
AssertionError: expected 'entry' to be 'terminal' // Object.is equality

Expected: "terminal"
Received: "entry"

 ❯ tests/core/booster-command.test.ts:82:46
     80|     expect(s.autopilot.boosterPhase).toBe('entry');
     81|     expect(unlit.autopilot.boosterPhase).toBe('terminal');
     82|     expect(throttled.autopilot.boosterPhase).toBe('terminal');
       |                                              ^
     83|     expect(s.engines.running.slice(0,3)).toEqual([true,true,true]);
     84|   });

⎯⎯⎯⎯⎯⎯⎯⎯⎯⎯⎯⎯⎯⎯⎯⎯⎯⎯⎯⎯⎯⎯⎯⎯[1/1]⎯


 Test Files  1 failed (1)
      Tests  1 failed | 12 skipped (13)
   Start at  22:05:44
   Duration  228ms (transform 94ms, setup 0ms, import 115ms, tests 10ms, environment 0ms)

