
 RUN  v4.1.11 /Users/stevewang/dev/StarShipSimulator-realism

 ❯ |unit| tests/core/booster-prediction.test.ts (17 tests | 1 failed) 66ms
     × does not mutate a prediction shared by a cloned previous frame and deterministically publishes a completed result 40ms
 ❯ |unit| tests/core/booster-planning-latency.test.ts (2 tests | 2 failed) 5108ms
     × publishes a source-matched physically caught future cutoff for booster-sep 4268ms
     × publishes a source-matched physically caught future cutoff for rtls 840ms

⎯⎯⎯⎯⎯⎯⎯ Failed Tests 3 ⎯⎯⎯⎯⎯⎯⎯

 FAIL  |unit| tests/core/booster-planning-latency.test.ts > paid return planning at production receipt/work timing > publishes a source-matched physically caught future cutoff for booster-sep
 FAIL  |unit| tests/core/booster-planning-latency.test.ts > paid return planning at production receipt/work timing > publishes a source-matched physically caught future cutoff for rtls
AssertionError: expected undefined to be defined
 ❯ tests/core/booster-planning-latency.test.ts:28:44
     26|     expect(s.kinematics).toEqual(kinematics);expect(s.vehicle.propella…
     27|     expect(s.rng.counters).toEqual(rng);
     28|     expect(j.done).toBe(true);expect(plan).toBeDefined();
       |                                            ^
     29|     expect(plan!.originTime).toBe(j.origin.world.environmentTime);
     30|     expect(plan!.shutdownAt).toBeGreaterThan(s.world.environmentTime);

⎯⎯⎯⎯⎯⎯⎯⎯⎯⎯⎯⎯⎯⎯⎯⎯⎯⎯⎯⎯⎯⎯⎯⎯[1/3]⎯

 FAIL  |unit| tests/core/booster-prediction.test.ts > bounded deterministic booster prediction > does not mutate a prediction shared by a cloned previous frame and deterministically publishes a completed result
AssertionError: expected undefined to be defined
 ❯ tests/core/booster-prediction.test.ts:215:20
    213|       advanceBoosterPrediction(b,1/120,advanceMechanics,runBoosterPoli…
    214|     const result=b.autopilot.boosterPrediction?.published;
    215|     expect(result).toBeDefined();expect(result!.forecast.reached).toBe…
       |                    ^
    216|     expect(result!.forecast.fuel).toBeLessThan(a.vehicle.propellantMas…
    217|     expect(b.rng).toEqual(a.rng);

⎯⎯⎯⎯⎯⎯⎯⎯⎯⎯⎯⎯⎯⎯⎯⎯⎯⎯⎯⎯⎯⎯⎯⎯[2/3]⎯


 Test Files  2 failed | 3 passed (5)
      Tests  3 failed | 58 passed (61)
   Start at  21:46:21
   Duration  7.57s (transform 456ms, setup 0ms, import 686ms, tests 12.46s, environment 0ms)

