
> starship-simulator-v2@0.1.0 coverage
> vitest run --coverage --testTimeout=120000


 RUN  v4.1.11 /Users/stevewang/dev/StarShipSimulator-realism
      Coverage enabled with v8

(node:56570) Warning: `--localstorage-file` was provided without a valid path
(Use `node --trace-warnings ...` to show where the warning was created)
(node:56571) Warning: `--localstorage-file` was provided without a valid path
(Use `node --trace-warnings ...` to show where the warning was created)
(node:56568) Warning: `--localstorage-file` was provided without a valid path
(Use `node --trace-warnings ...` to show where the warning was created)
(node:56567) Warning: `--localstorage-file` was provided without a valid path
(Use `node --trace-warnings ...` to show where the warning was created)
(node:56569) Warning: `--localstorage-file` was provided without a valid path
(Use `node --trace-warnings ...` to show where the warning was created)
(node:56574) Warning: `--localstorage-file` was provided without a valid path
(Use `node --trace-warnings ...` to show where the warning was created)
(node:56575) Warning: `--localstorage-file` was provided without a valid path
(Use `node --trace-warnings ...` to show where the warning was created)
(node:56576) Warning: `--localstorage-file` was provided without a valid path
(Use `node --trace-warnings ...` to show where the warning was created)
(node:56577) Warning: `--localstorage-file` was provided without a valid path
(Use `node --trace-warnings ...` to show where the warning was created)
(node:56578) Warning: `--localstorage-file` was provided without a valid path
(Use `node --trace-warnings ...` to show where the warning was created)
(node:56579) Warning: `--localstorage-file` was provided without a valid path
(Use `node --trace-warnings ...` to show where the warning was created)
(node:56581) Warning: `--localstorage-file` was provided without a valid path
(Use `node --trace-warnings ...` to show where the warning was created)
(node:56583) Warning: `--localstorage-file` was provided without a valid path
(Use `node --trace-warnings ...` to show where the warning was created)
(node:56584) Warning: `--localstorage-file` was provided without a valid path
(Use `node --trace-warnings ...` to show where the warning was created)
(node:56585) Warning: `--localstorage-file` was provided without a valid path
(Use `node --trace-warnings ...` to show where the warning was created)
Not implemented: HTMLCanvasElement's getContext() method: without installing the canvas npm package
Not implemented: HTMLCanvasElement's getContext() method: without installing the canvas npm package
Not implemented: HTMLCanvasElement's getContext() method: without installing the canvas npm package
Not implemented: HTMLCanvasElement's getContext() method: without installing the canvas npm package
Not implemented: HTMLCanvasElement's getContext() method: without installing the canvas npm package
Not implemented: HTMLCanvasElement's getContext() method: without installing the canvas npm package
Not implemented: HTMLCanvasElement's getContext() method: without installing the canvas npm package
Not implemented: HTMLCanvasElement's getContext() method: without installing the canvas npm package
Not implemented: HTMLCanvasElement's getContext() method: without installing the canvas npm package
Not implemented: HTMLCanvasElement's getContext() method: without installing the canvas npm package
Not implemented: HTMLCanvasElement's getContext() method: without installing the canvas npm package
Not implemented: HTMLCanvasElement's getContext() method: without installing the canvas npm package
Not implemented: HTMLCanvasElement's getContext() method: without installing the canvas npm package
(node:56586) Warning: `--localstorage-file` was provided without a valid path
(Use `node --trace-warnings ...` to show where the warning was created)
(node:56587) Warning: `--localstorage-file` was provided without a valid path
(Use `node --trace-warnings ...` to show where the warning was created)
(node:56589) Warning: `--localstorage-file` was provided without a valid path
(Use `node --trace-warnings ...` to show where the warning was created)
(node:56588) Warning: `--localstorage-file` was provided without a valid path
(Use `node --trace-warnings ...` to show where the warning was created)
(node:56590) Warning: `--localstorage-file` was provided without a valid path
(Use `node --trace-warnings ...` to show where the warning was created)
(node:56591) Warning: `--localstorage-file` was provided without a valid path
(Use `node --trace-warnings ...` to show where the warning was created)
(node:56592) Warning: `--localstorage-file` was provided without a valid path
(Use `node --trace-warnings ...` to show where the warning was created)
(node:56594) Warning: `--localstorage-file` was provided without a valid path
(Use `node --trace-warnings ...` to show where the warning was created)
(node:56593) Warning: `--localstorage-file` was provided without a valid path
(Use `node --trace-warnings ...` to show where the warning was created)
(node:56595) Warning: `--localstorage-file` was provided without a valid path
(Use `node --trace-warnings ...` to show where the warning was created)
(node:56596) Warning: `--localstorage-file` was provided without a valid path
(Use `node --trace-warnings ...` to show where the warning was created)
(node:56597) Warning: `--localstorage-file` was provided without a valid path
(Use `node --trace-warnings ...` to show where the warning was created)
(node:56598) Warning: `--localstorage-file` was provided without a valid path
(Use `node --trace-warnings ...` to show where the warning was created)
(node:56599) Warning: `--localstorage-file` was provided without a valid path
(Use `node --trace-warnings ...` to show where the warning was created)
Not implemented: HTMLCanvasElement's getContext() method: without installing the canvas npm package
Not implemented: HTMLCanvasElement's getContext() method: without installing the canvas npm package
Not implemented: HTMLCanvasElement's getContext() method: without installing the canvas npm package
Not implemented: HTMLCanvasElement's getContext() method: without installing the canvas npm package
Not implemented: HTMLCanvasElement's getContext() method: without installing the canvas npm package
Not implemented: HTMLCanvasElement's getContext() method: without installing the canvas npm package
(node:57134) Warning: `--localstorage-file` was provided without a valid path
(Use `node --trace-warnings ...` to show where the warning was created)
Not implemented: HTMLCanvasElement's getContext() method: without installing the canvas npm package
Not implemented: HTMLCanvasElement's getContext() method: without installing the canvas npm package
(node:57136) Warning: `--localstorage-file` was provided without a valid path
(Use `node --trace-warnings ...` to show where the warning was created)
Not implemented: HTMLCanvasElement's getContext() method: without installing the canvas npm package
Not implemented: HTMLCanvasElement's getContext() method: without installing the canvas npm package
Not implemented: HTMLCanvasElement's getContext() method: without installing the canvas npm package

 Test Files  183 passed (183)
      Tests  2186 passed (2186)
   Start at  01:04:02
   Duration  206.28s (transform 5.69s, setup 2.04s, import 68.52s, tests 883.58s, environment 24.02s)

 % Coverage report from v8
-------------------|---------|----------|---------|---------|-------------------
File               | % Stmts | % Branch | % Funcs | % Lines | Uncovered Line #s 
-------------------|---------|----------|---------|---------|-------------------
All files          |   98.39 |     95.8 |   99.31 |    99.1 |                   
 core              |     100 |    98.79 |     100 |     100 |                   
  mission.ts       |     100 |    97.43 |     100 |     100 | 153               
 core/autopilot    |   97.29 |    93.57 |     100 |   98.52 |                   
  ...-utilities.ts |     100 |    83.33 |     100 |     100 | 21-27             
  booster.ts       |   93.23 |    85.43 |     100 |    95.8 | ...24,188-189,255 
  index.ts         |   99.67 |     99.2 |     100 |     100 | 105,447           
 core/control      |   97.03 |    95.38 |   97.95 |   98.22 |                   
  actuation.ts     |   97.95 |      100 |   88.88 |   97.82 | 200               
  ...r-forecast.ts |   95.65 |    98.59 |     100 |   96.93 | 184-186           
  ...prediction.ts |   92.95 |    88.75 |     100 |   97.19 | 146-147,168       
  ...eturn-plan.ts |   95.23 |       96 |     100 |   95.23 | 44                
  commands.ts      |   95.23 |    95.23 |   94.73 |   94.28 | 132-133           
  ...ce-physics.ts |   98.05 |    91.93 |     100 |   99.26 | 307               
  primitives.ts    |   99.33 |    99.05 |     100 |   99.31 | 246               
 core/physics      |     100 |    99.29 |     100 |     100 |                   
  engines.ts       |     100 |    98.61 |     100 |     100 | 310               
  step-dynamics.ts |     100 |    98.52 |     100 |     100 | 102               
-------------------|---------|----------|---------|---------|-------------------

=============================== Coverage summary ===============================
Statements   : 98.39% ( 2393/2432 )
Branches     : 95.8% ( 1370/1430 )
Functions    : 99.31% ( 292/294 )
Lines        : 99.1% ( 2106/2125 )
================================================================================
ERROR: Coverage for statements (98.39%) does not meet global threshold (99%)
ERROR: Coverage for branches (95.8%) does not meet global threshold (99%)
ERROR: Coverage for branches (99.29%) does not meet "src/core/physics/**" threshold (100%)
ERROR: Coverage for lines (98.52%) does not meet "src/core/autopilot/**" threshold (99%)
ERROR: Coverage for statements (97.29%) does not meet "src/core/autopilot/**" threshold (99%)
ERROR: Coverage for branches (93.57%) does not meet "src/core/autopilot/**" threshold (95%)
