
 RUN  v4.1.11 /Users/stevewang/dev/StarShipSimulator-realism

 ❯ |unit| tests/proofs/ship-vehicle.test.ts (3 tests | 2 failed) 43ms
     × uses the supplied dry COM and mass instead of Ship constants 3ms
     × uses alternate capacity, tank geometry and station arms 0ms

⎯⎯⎯⎯⎯⎯⎯ Failed Tests 2 ⎯⎯⎯⎯⎯⎯⎯

 FAIL  |unit| tests/proofs/ship-vehicle.test.ts > explicit vehicle mass layout > uses the supplied dry COM and mass instead of Ship constants
AssertionError: expected 21.8 to be 30 // Object.is equality

- Expected
+ Received

- 30
+ 21.8

 ❯ tests/proofs/ship-vehicle.test.ts:20:45
     18|   it('uses the supplied dry COM and mass instead of Ship constants', (…
     19|     const alternate = { ...SHIP, dryMass: 240_000, dryCentreOfMass: 30…
     20|     expect(mass.centreOfMass(0, alternate)).toBe(30);
       |                                             ^
     21|     const cylinder = 240_000 * ((9 / 2) ** 2 / 4 + 50 ** 2 / 12);
     22|     expect(mass.momentOfInertia(0, alternate)).toBe(cylinder);

⎯⎯⎯⎯⎯⎯⎯⎯⎯⎯⎯⎯⎯⎯⎯⎯⎯⎯⎯⎯⎯⎯⎯⎯[1/2]⎯

 FAIL  |unit| tests/proofs/ship-vehicle.test.ts > explicit vehicle mass layout > uses alternate capacity, tank geometry and station arms
AssertionError: expected 0.25 to be 0.5 // Object.is equality

- Expected
+ Received

- 0.5
+ 0.25

 ❯ tests/proofs/ship-vehicle.test.ts:32:51
     30|       aftFinStation: 2, frontFinStation: 48, rcsStation: 40, height: 6…
     31|     };
     32|     expect(mass.fillFraction(300_000, alternate)).toBe(0.5);
       |                                                   ^
     33|     const propCom = (3.6 / 4.6) * 10.5 + (1 - 3.6 / 4.6) * 19.5;
     34|     expect(mass.propellantCentreOfMass(300_000, alternate)).toBe(propC…

⎯⎯⎯⎯⎯⎯⎯⎯⎯⎯⎯⎯⎯⎯⎯⎯⎯⎯⎯⎯⎯⎯⎯⎯[2/2]⎯


 Test Files  1 failed (1)
      Tests  2 failed | 1 passed (3)
   Start at  15:56:42
   Duration  189ms (transform 33ms, setup 0ms, import 41ms, tests 43ms, environment 0ms)

