
 RUN  v4.1.11 /Users/stevewang/dev/StarShipSimulator-realism

 ❯ |unit| tests/view/particles.test.ts (48 tests | 2 failed) 1028ms
     × core and bell keep the same steady plume across render batches at pressure 80000 30ms
     × core and bell keep the same steady plume across render batches at pressure 0 26ms

⎯⎯⎯⎯⎯⎯⎯ Failed Tests 2 ⎯⎯⎯⎯⎯⎯⎯

 FAIL  |unit| tests/view/particles.test.ts > combined plume cadence > core and bell keep the same steady plume across render batches at pressure 80000
AssertionError: emitter 0, particle 45, x: expected 4 to be less than 0.001
 ❯ tests/view/particles.test.ts:157:132
    155|       for (let i = 0; i < fine[emitter]!.length; i++) {
    156|         for (const field of ['x', 'y', 'alpha', 'width'] as const) {
    157|           expect(Math.abs(coarse[emitter]![i]![field] - fine[emitter]!…
       |                                                                                                                                    ^
    158|         }
    159|       }

⎯⎯⎯⎯⎯⎯⎯⎯⎯⎯⎯⎯⎯⎯⎯⎯⎯⎯⎯⎯⎯⎯⎯⎯[1/2]⎯

 FAIL  |unit| tests/view/particles.test.ts > combined plume cadence > core and bell keep the same steady plume across render batches at pressure 0
AssertionError: emitter 0, particle 11, x: expected 4 to be less than 0.001
 ❯ tests/view/particles.test.ts:157:132
    155|       for (let i = 0; i < fine[emitter]!.length; i++) {
    156|         for (const field of ['x', 'y', 'alpha', 'width'] as const) {
    157|           expect(Math.abs(coarse[emitter]![i]![field] - fine[emitter]!…
       |                                                                                                                                    ^
    158|         }
    159|       }

⎯⎯⎯⎯⎯⎯⎯⎯⎯⎯⎯⎯⎯⎯⎯⎯⎯⎯⎯⎯⎯⎯⎯⎯[2/2]⎯


 Test Files  1 failed | 1 passed (2)
      Tests  2 failed | 59 passed (61)
   Start at  10:33:45
   Duration  1.44s (transform 155ms, setup 0ms, import 420ms, tests 2.15s, environment 0ms)

