[WebServer] (node:13390) Warning: The 'NO_COLOR' env is ignored due to the 'FORCE_COLOR' env being set.
[WebServer] (Use `node --trace-warnings ...` to show where the warning was created)

Running 1 test using 1 worker

(node:13393) Warning: The 'NO_COLOR' env is ignored due to the 'FORCE_COLOR' env being set.
(Use `node --trace-warnings ...` to show where the warning was created)
  ✘  1 [chromium] › tests/e2e/emissive-bell.spec.ts:5:1 › scene resets, pauses and hides continuous gas with its particle detail @mobile (6.1s)


  1) [chromium] › tests/e2e/emissive-bell.spec.ts:5:1 › scene resets, pauses and hides continuous gas with its particle detail @mobile 

    Error: expect(received).toBe(expected) // Object.is equality

    Expected: 3
    Received: undefined

      19 |   await painted();
      20 |   const presentation = () => page.evaluate(() => (window as unknown as { __simDebug: SimDebug }).__simDebug.presentation());
    > 21 |   expect((await presentation()).bell?.visibleMounts).toBe(3);
         |                                                      ^
      22 |   const first = await page.locator('canvas').first().screenshot();
      23 |   await painted();
      24 |   expect(await page.locator('canvas').first().screenshot()).toEqual(first);
        at /Users/stevewang/dev/StarShipSimulator-realism/tests/e2e/emissive-bell.spec.ts:21:54

    attachment #1: screenshot (image/png) ──────────────────────────────────────────────────────────
    test-results/emissive-bell-scene-resets-9bf8e--its-particle-detail-mobile-chromium/test-failed-1.png
    ────────────────────────────────────────────────────────────────────────────────────────────────

    Error Context: test-results/emissive-bell-scene-resets-9bf8e--its-particle-detail-mobile-chromium/error-context.md

  1 failed
    [chromium] › tests/e2e/emissive-bell.spec.ts:5:1 › scene resets, pauses and hides continuous gas with its particle detail @mobile 
