
> starship-simulator-v2@0.1.0 gate
> npm run lint && npm run build && npm run test && npm run coverage && E2E_SKIP_BUILD=1 npm run test:e2e && E2E_SKIP_BUILD=1 npm run test:deploy


> starship-simulator-v2@0.1.0 lint
> eslint .


/Users/stevewang/dev/StarShipSimulator-realism/src/ui/shell/BlackBox/BlackBox.tsx
  54:6  warning  React Hook useMemo has an unnecessary dependency: 'selectedVehicle'. Either exclude it or remove the dependency array  react-hooks/exhaustive-deps

✖ 1 problem (0 errors, 1 warning)


> starship-simulator-v2@0.1.0 build
> tsc -b tsconfig.kit.json && tsc --noEmit -p tsconfig.json && node scripts/check-design-contract.mjs && node scripts/check-ui-contract.mjs && vite build && node scripts/build-sw.mjs dist && node scripts/check-budget.mjs && node scripts/check-entry-graph.mjs dist

design contract: ok (11 rules, self-test passed)
copy contract: ok (9 rules, self-test passed)
vite v8.2.2 building client environment for production...
transforming...
✓ 2519 modules transformed.
rendering chunks...
computing gzip size...
dist/index.html                                     2.35 kB │ gzip:   0.95 kB
dist/assets/InterTight-SemiBold-DJfiTN08.woff2     11.10 kB
dist/assets/Inter-Regular-BVdEcXjD.woff2           12.00 kB
dist/assets/Inter-SemiBold-DlULF7c_.woff2          12.46 kB
dist/assets/JetBrainsMono-Medium-CMl9fZ9Q.woff2    16.54 kB
dist/assets/charts-BBZhrHKM.css                     0.69 kB │ gzip:   0.35 kB
dist/assets/plots-D2GbP0iN.css                      1.17 kB │ gzip:   0.46 kB
dist/assets/uPlot-CnsZ1jie.css                      1.64 kB │ gzip:   0.69 kB
dist/assets/index-BH3TJ3oC.css                     63.66 kB │ gzip:  11.61 kB
dist/assets/webworkerAll-Cxc2QNpv.js                0.05 kB │ gzip:   0.06 kB
dist/assets/getTextureBatchBindGroup-Bt6AC8uX.js    0.40 kB │ gzip:   0.31 kB │ map:     1.78 kB
dist/assets/CanvasPool-ccaPBm8-.js                  0.80 kB │ gzip:   0.45 kB │ map:     3.51 kB
dist/assets/Cache-DGqfkvRQ.js                       1.14 kB │ gzip:   0.59 kB │ map:     4.85 kB
dist/assets/constants-B7VGlLR-.js                   1.59 kB │ gzip:   0.90 kB │ map:    35.45 kB
dist/assets/plots-u0LUi821.js                       4.63 kB │ gzip:   2.28 kB │ map:    24.91 kB
dist/assets/canvasUtils-BVPkC6ub.js                 6.06 kB │ gzip:   2.06 kB │ map:    21.91 kB
dist/assets/Debrief-DanP_zQk.js                     6.44 kB │ gzip:   2.53 kB │ map:    19.41 kB
dist/assets/BlackBox-KD6afmoJ.js                    9.98 kB │ gzip:   4.22 kB │ map:    37.57 kB
dist/assets/BufferResource-CZg6dyUf.js             11.13 kB │ gzip:   2.89 kB │ map:    26.53 kB
dist/assets/init-DnH_wx8r.js                       15.66 kB │ gzip:   4.92 kB │ map:    54.96 kB
dist/assets/state-BM-IUJFh.js                      19.18 kB │ gzip:   7.23 kB │ map:   149.00 kB
dist/assets/GCManagedHash-DqPcw2Gj.js              19.37 kB │ gzip:   6.32 kB │ map:    67.25 kB
dist/assets/Menu-Cs3YHYeI.js                       23.02 kB │ gzip:   7.73 kB │ map:    72.88 kB
dist/assets/Button-s_Cybpy_.js                     36.83 kB │ gzip:  12.30 kB │ map:   175.21 kB
dist/assets/Filter-C-jCSOcL.js                     38.97 kB │ gzip:  11.18 kB │ map:   182.95 kB
dist/assets/Dialog-BZ6DbFyE.js                     39.90 kB │ gzip:  13.65 kB │ map:   184.47 kB
dist/assets/browserAll-DVjxBdmF.js                 42.72 kB │ gzip:  11.20 kB │ map:   156.94 kB
dist/assets/uPlot.esm-C4ecZUO0.js                  51.04 kB │ gzip:  22.28 kB │ map:   252.56 kB
dist/assets/RenderTargetSystem-CGVbkJQT.js         57.47 kB │ gzip:  16.21 kB │ map:   213.58 kB
dist/assets/GraphicsContext-DLmAmwc0.js            61.32 kB │ gzip:  20.55 kB │ map:   346.25 kB
dist/assets/Geometry-coEMng49.js                   65.52 kB │ gzip:  21.50 kB │ map:   326.26 kB
dist/assets/index-DWsP6E1J.js                     655.08 kB │ gzip: 203.52 kB │ map: 3,035.14 kB

✓ built in 797ms
service worker: 44 assets precached, version 1d54d86aae7a
  assets/index-DWsP6E1J.js                           196.6 kB gzip
  assets/Geometry-coEMng49.js                         20.7 kB gzip
  assets/Button-s_Cybpy_.js                           11.9 kB gzip
  assets/constants-B7VGlLR-.js                         0.9 kB gzip
  assets/state-BM-IUJFh.js                             7.0 kB gzip
  assets/Filter-C-jCSOcL.js                           10.8 kB gzip
  assets/canvasUtils-BVPkC6ub.js                       2.0 kB gzip
  assets/Cache-DGqfkvRQ.js                             0.6 kB gzip
  assets/GCManagedHash-DqPcw2Gj.js                     6.2 kB gzip
  assets/RenderTargetSystem-CGVbkJQT.js               15.7 kB gzip
  assets/getTextureBatchBindGroup-Bt6AC8uX.js          0.3 kB gzip
  assets/GraphicsContext-DLmAmwc0.js                  19.9 kB gzip
  assets/CanvasPool-ccaPBm8-.js                        0.4 kB gzip
  assets/BufferResource-CZg6dyUf.js                    2.8 kB gzip
  TOTAL first-load JS                                295.8 kB gzip
  BUDGET                                             300.0 kB gzip
  (lazy chunks, not counted: BlackBox-KD6afmoJ.js, Debrief-DanP_zQk.js, Dialog-BZ6DbFyE.js, Menu-Cs3YHYeI.js, browserAll-DVjxBdmF.js, init-DnH_wx8r.js, plots-u0LUi821.js, uPlot.esm-C4ecZUO0.js, webworkerAll-Cxc2QNpv.js)
  assets/index-BH3TJ3oC.css                           11.2 kB gzip (css)
  Inter-Regular-BVdEcXjD.woff2                        11.7 kB raw
  Inter-SemiBold-DlULF7c_.woff2                       12.2 kB raw
  InterTight-SemiBold-DJfiTN08.woff2                  10.8 kB raw
  JetBrainsMono-Medium-CMl9fZ9Q.woff2                 16.2 kB raw
  TOTAL fonts                                         50.9 kB raw
  FONT BUDGET                                         80.0 kB raw
  TOTAL audio                                          0.0 kB raw
  AUDIO BUDGET                                       250.0 kB raw

budget: OK — 295.8 kB of 300.0 kB JS
budget: OK — 50.9 kB of 80.0 kB fonts
budget: OK — 0.0 kB of 250.0 kB audio
entry graph: ok (14 first-load files, no uPlot or GSAP)

> starship-simulator-v2@0.1.0 test
> vitest run


 RUN  v4.1.11 /Users/stevewang/dev/StarShipSimulator-realism


 Test Files  193 passed (193)
      Tests  2270 passed (2270)
   Start at  05:20:19
   Duration  74.27s (transform 7.60s, setup 2.35s, import 47.72s, tests 319.31s, environment 29.74s)


> starship-simulator-v2@0.1.0 coverage
> vitest run --coverage --testTimeout=120000 --reporter=default --reporter=json --outputFile.json=coverage/test-results.json


 RUN  v4.1.11 /Users/stevewang/dev/StarShipSimulator-realism
      Coverage enabled with v8

 ✓ |kit| src/ui/kit/BrickField/BrickField.test.tsx (15 tests) 373ms
 ✓ |kit| src/ui/kit/Dialog/Dialog.test.tsx (2 tests) 350ms
   ✓ uses the safe viewport shell and keeps one scroll owner  320ms
 ✓ |kit| src/ui/kit/LoadingState/LoadingState.test.tsx (4 tests) 371ms
 ✓ |kit| src/ui/kit/input/GamepadNavProvider.test.tsx (7 tests) 554ms
 ✓ |kit| src/ui/kit/ConfirmDialog/ConfirmDialog.test.tsx (7 tests) 549ms
 ✓ |kit| src/ui/kit/Toggle/Toggle.test.tsx (1 test) 164ms
 ✓ |kit| src/ui/kit/Tile/Tile.test.tsx (1 test) 190ms
 ✓ |kit| src/ui/kit/LoadingState/LoadingState.accessibility.test.tsx (1 test) 238ms
 ✓ |kit| src/ui/kit/NumberField/NumberField.test.tsx (6 tests) 328ms
 ✓ |kit| src/ui/kit/FieldStatus/FieldStatus.test.tsx (2 tests) 219ms
 ✓ |kit| src/ui/kit/motion/useChipPanelMorph.test.tsx (7 tests) 2343ms
   ✓ mounts at once, hands the frame to the shell and settles after the expansion  486ms
   ✓ ends open and consistent after a rapid open, close, open  494ms
   ✓ ends closed and unmounted after a rapid close, open, close  711ms
   ✓ kills the motion when unmounted mid-flight  325ms
 ✓ |kit| src/ui/kit/FormRow/FormRow.test.tsx (2 tests) 211ms
 ✓ |kit| src/ui/kit/TabStrip/TabStrip.test.tsx (1 test) 172ms
 ✓ |kit| src/ui/kit/BrickField/brickMotion.test.ts (8 tests) 265ms
 ✓ |kit| src/ui/kit/ConnectedMedia/ConnectedMedia.test.tsx (3 tests) 175ms
 ✓ |kit| src/ui/kit/motion/effects.test.ts (7 tests) 208ms
 ✓ |kit| src/ui/kit/SliderRow/SliderRow.test.tsx (2 tests) 215ms
 ✓ |kit| src/ui/kit/TransitionView/TransitionView.test.tsx (4 tests) 82ms
 ✓ |kit| src/ui/kit/input/InputOwnershipProvider.test.tsx (3 tests) 223ms
 ✓ |kit| src/ui/kit/InputLegend/InputLegend.test.tsx (2 tests) 84ms
 ✓ |kit| src/ui/kit/Button/Button.test.tsx (1 test) 216ms
 ✓ |kit| src/ui/kit/motion/useMotionTimeline.test.tsx (3 tests) 40ms
 ✓ |kit| src/ui/kit/motion/useReducedMotion.test.tsx (1 test) 25ms
 ✓ |kit| src/ui/kit/BrickField/gpuTimer.test.ts (3 tests) 12ms
 ✓ |kit| src/ui/kit/internal/utils.test.ts (1 test) 9ms
 ✓ |kit| src/ui/kit/input/ownership.test.ts (16 tests) 10ms
 ✓ |kit| src/ui/kit/styles/motion.test.ts (1 test) 6ms
 ✓ |kit| src/ui/kit/BrickField/renderer.test.ts (3 tests) 8ms
 ✓ |kit| src/ui/kit/public-api.test.ts (1 test) 5ms
 ✓ |unit| tests/golden/booster-replay.test.ts (3 tests) 66818ms
     ✓ 'booster-sep-catch' replays all physical state/control leaves through an airborne catch  52512ms
     ✓ 'rtls-catch' replays all physical state/control leaves through an airborne catch  14276ms
 ✓ |unit| tests/flies-every-scenario.test.ts (17 tests) 69801ms
     ✓ launch-pad flies  1324ms
     ✓ booster-sep flies  896ms
     ✓ rtls flies  458ms
     ✓ circularize flies  944ms
     ✓ deorbit flies  946ms
     ✓ booster-sep: auto-land landed  46670ms
     ✓ rtls: auto-land landed  8298ms
     ✓ before-flip: auto-land landed  1084ms
     ✓ reentry: auto-land landed  4301ms
     ✓ reentry: survives the heat it now actually meets  4487ms
stdout | tests/view/perf.test.ts > particle pool headroom, with the velocity streaks added > reports peak usage across all seven scenarios against the 576 baseline
launch-pad-takeoff: peak 750 · booster-sep-boostback: peak 492 · rtls-boostback: peak 536 · reentry-autoland: peak 631 · before-flip-autoland: peak 639 · landing-burn-autoland: peak 644 · landing-burn-headwind: peak 648 · intro-demo: peak 651
   worst 750 of 4000 (81% free), at launch-pad-takeoff; baseline before M7.5 was 576

 ✓ |unit| tests/view/perf.test.ts (8 tests) 90434ms
     ✓ the particle pool is fixed for the life of the system  5998ms
     ✓ the M6.7 and M7.5 effects do not grow it either  17995ms
     ✓ reports peak usage across all seven scenarios against the 576 baseline  54608ms
     ✓ the shock-banded core does not grow the pool either  11338ms
 ✓ |unit| tests/app/view-clock.test.ts (56 tests) 94805ms
     ✓ launch-pad-takeoff, with frames dropping  300ms
     ✓ booster-sep-boostback, with frames dropping  474ms
     ✓ rtls-boostback, with frames dropping  322ms
     ✓ reentry-autoland, with frames dropping  4705ms
     ✓ before-flip-autoland, with frames dropping  1142ms
     ✓ booster-sep-boostback, at 9x warp  348ms
     ✓ reentry-autoland, at 9x warp  4504ms
     ✓ before-flip-autoland, at 9x warp  1150ms
     ✓ booster-sep-boostback, at 1/9 speed  306ms
     ✓ reentry-autoland, at 1/9 speed  4514ms
     ✓ before-flip-autoland, at 1/9 speed  1115ms
     ✓ launch-pad-takeoff lands the camera on the same metre with a 400 ms stall every two seconds  388ms
     ✓ launch-pad-takeoff lands the camera on the same metre with 9x time warp  398ms
     ✓ launch-pad-takeoff lands the camera on the same metre with 1/9 slow motion  406ms
     ✓ booster-sep-boostback lands the camera on the same metre with a 400 ms stall every two seconds  519ms
     ✓ booster-sep-boostback lands the camera on the same metre with 9x time warp  515ms
     ✓ booster-sep-boostback lands the camera on the same metre with 1/9 slow motion  545ms
     ✓ rtls-boostback lands the camera on the same metre with a 400 ms stall every two seconds  530ms
     ✓ rtls-boostback lands the camera on the same metre with 9x time warp  503ms
     ✓ rtls-boostback lands the camera on the same metre with 1/9 slow motion  548ms
     ✓ reentry-autoland lands the camera on the same metre with a 400 ms stall every two seconds  8757ms
     ✓ reentry-autoland lands the camera on the same metre with 9x time warp  8502ms
     ✓ reentry-autoland lands the camera on the same metre with 1/9 slow motion  9493ms
     ✓ before-flip-autoland lands the camera on the same metre with a 400 ms stall every two seconds  2380ms
     ✓ before-flip-autoland lands the camera on the same metre with 9x time warp  2334ms
     ✓ before-flip-autoland lands the camera on the same metre with 1/9 slow motion  2186ms
     ✓ the wall clock loses the vehicle when frames drop  6835ms
     ✓ the wall clock loses it at 9x warp, failing the other way round  6434ms
     ✓ and simulated time once per FRAME is better, but still not enough  6810ms
     ✓ all three agree when nothing goes wrong, which is why this survived  14121ms
 ✓ |unit| tests/core/booster-guidance.test.ts (4 tests) 97249ms
     ✓ booster-sep: autopilot catches the actual33-engine booster within900s  48231ms
     ✓ rtls: autopilot catches the actual33-engine booster within900s  8657ms
     ✓ cannot fabricate a catch when every engine is failed  40358ms
 ✓ |unit| tests/golden/replay.test.ts (17 tests) 16999ms
     ✓ replays field for field, sample for sample  722ms
     ✓ replays field for field, sample for sample  822ms
     ✓ replays field for field, sample for sample  788ms
     ✓ replays field for field, sample for sample  7445ms
     ✓ replays field for field, sample for sample  1502ms
     ✓ replays field for field, sample for sample  305ms
     ✓ round-trip through the serialiser preserves every value exactly  4341ms
 ✓ |unit| tests/core/orbit-demo.test.ts (31 tests) 87997ms
     ✓ a 150 km orbit holds for a full 88-minute lap  7921ms
     ✓ and 100 km still does not — which is why the presets are at 150  3157ms
     ✓ is deterministic — the same flight twice  9705ms
     ✓ from a different starting longitude — half a lap further round  16794ms
     ✓ 100 tonnes lighter at ignition  10200ms
     ✓ with an engine already failed, so the burn is a third longer  10367ms
     ✓ from 120 km, below the presets  10234ms
     ✓ from 300 km it still lands, but the envelope is showing  10246ms
     ✓ spends the coast turning around, because RCS is slow  4728ms
     ✓ does not fire until the ground track is right  4525ms
 ✓ |unit| tests/core/orbit.test.ts (18 tests) 49851ms
     ✓ altitude holds within a kilometre over a full lap  8424ms
     ✓ speed holds within a metre per second over a full lap  8503ms
     ✓ never dips into the atmosphere or climbs away  8401ms
     ✓ completes a full revolution of downrange distance  8495ms
     ✓ specific orbital energy drifts by less than one part in a thousand  1006ms
     ✓ specific angular momentum is conserved as the vehicle climbs  539ms
     ✓ an elliptical orbit comes back down again  14290ms
 ✓ |unit| tests/core/booster-forecast.test.ts (25 tests) 54556ms
     ✓ reuses only the identical alignment prefix for booster-sep, with bit-exact paid forecasts  16712ms
     ✓ reuses only the identical alignment prefix for rtls, with bit-exact paid forecasts  8256ms
     ✓ reuses exact paid startup for booster-sep without lending its impulse to shorter burns  18823ms
     ✓ reuses exact paid startup for rtls without lending its impulse to shorter burns  8551ms
     ✓ rejects alignment reuse after changing source, mechanics, policy, model, coast or timestep  1346ms
 ✓ |unit| tests/core/camera.test.ts (105 tests) 30945ms
     ✓ rtls-boostback  309ms
     ✓ reentry-autoland  4684ms
     ✓ before-flip-autoland  1176ms
     ✓ launch-pad-takeoff in pad  319ms
     ✓ launch-pad-takeoff in chase  305ms
     ✓ booster-sep-boostback in pad  367ms
     ✓ booster-sep-boostback in chase  371ms
     ✓ booster-sep-boostback in onboard  354ms
     ✓ rtls-boostback in pad  445ms
     ✓ rtls-boostback in chase  379ms
     ✓ rtls-boostback in onboard  381ms
     ✓ reentry-autoland in pad  5052ms
     ✓ reentry-autoland in chase  5056ms
     ✓ reentry-autoland in onboard  5304ms
     ✓ before-flip-autoland in pad  1313ms
     ✓ before-flip-autoland in chase  1219ms
     ✓ before-flip-autoland in onboard  1210ms
 ✓ |unit| tests/hud/trajectory.test.ts (39 tests) 12234ms
     ✓ launch-pad-takeoff  632ms
     ✓ booster-sep-boostback  747ms
     ✓ rtls-boostback  846ms
     ✓ reentry-autoland  7716ms
     ✓ before-flip-autoland  1324ms
stdout | tests/view/motion-cues.test.ts > at the speeds the seven scenarios actually reach > reports where the streaks are silent and where they blow
launch-pad-takeoff: peak 646 m/s -> streak 0.18, silent 33% of the flight
booster-sep-boostback: peak 1599 m/s -> streak 0.88, silent 0% of the flight
rtls-boostback: peak 542 m/s -> streak 0.12, silent 45% of the flight
reentry-autoland: peak 7300 m/s -> streak 1.00, silent 52% of the flight
before-flip-autoland: peak 70 m/s -> streak 0.00, silent 100% of the flight
landing-burn-autoland: peak 38 m/s -> streak 0.00, silent 100% of the flight
landing-burn-headwind: peak 37 m/s -> streak 0.00, silent 100% of the flight
intro-demo: peak 51 m/s -> streak 0.00, silent 100% of the flight

stdout | tests/view/motion-cues.test.ts > the flight-path marker > launch-pad-takeoff: the marker never disagrees with the state vector
launch-pad-takeoff: nose and flight path diverge by up to 4°

stdout | tests/view/motion-cues.test.ts > the flight-path marker > booster-sep-boostback: the marker never disagrees with the state vector
booster-sep-boostback: nose and flight path diverge by up to 134°

stdout | tests/view/motion-cues.test.ts > the flight-path marker > rtls-boostback: the marker never disagrees with the state vector
rtls-boostback: nose and flight path diverge by up to 179°

 ✓ |unit| tests/hud/debrief.test.ts (52 tests) 47637ms
     ✓ booster-sep-boostback  333ms
     ✓ reentry-autoland  4841ms
     ✓ before-flip-autoland  1366ms
     ✓ booster-sep-boostback  315ms
     ✓ rtls-boostback  319ms
     ✓ reentry-autoland  4535ms
     ✓ before-flip-autoland  1215ms
     ✓ launch-pad-takeoff  409ms
     ✓ booster-sep-boostback  557ms
     ✓ rtls-boostback  521ms
     ✓ reentry-autoland  8886ms
     ✓ before-flip-autoland  2334ms
     ✓ launch-pad-takeoff  371ms
     ✓ booster-sep-boostback  507ms
     ✓ rtls-boostback  515ms
     ✓ reentry-autoland  8883ms
     ✓ before-flip-autoland  2330ms
     ✓ reentry-autoland  4616ms
     ✓ before-flip-autoland  1187ms
 ✓ |unit| tests/core/angular-momentum.test.ts (8 tests) 25701ms
     ✓ to better than a part in ten thousand over a hundred minutes  9389ms
     ✓ and the orbit reaches the apogee the energy says it should  9782ms
     ✓ the simulation agrees to within a kilometre in five thousand  933ms
     ✓ and the guidance's conic predicts the ground arc the simulation flies  901ms
     ✓ and CONVERGES — which is how a model error tells itself from an integrator one  4689ms
stdout | tests/view/motion-cues.test.ts > the flight-path marker > reentry-autoland: the marker never disagrees with the state vector
reentry-autoland: nose and flight path diverge by up to 180°

 ✓ |unit| tests/core/verlet.test.ts (8 tests) 21519ms
     ✓ halving dt quarters the error — the ratio is 4, where Euler gave 2  2993ms
     ✓ and is millimetres at 15 Hz, where Euler was 796 metres  3220ms
     ✓ to a part in 10^10 or better at every rate the simulation runs at  6672ms
     ✓ altitude drift is a centimetre, and does not depend on dt  7032ms
     ✓ and in true vacuum, at 800 km, energy and altitude do not move at all  1582ms
stdout | tests/view/motion-cues.test.ts > the flight-path marker > before-flip-autoland: the marker never disagrees with the state vector
before-flip-autoland: nose and flight path diverge by up to 180°

stdout | tests/view/motion-cues.test.ts > the flight-path marker > landing-burn-autoland: the marker never disagrees with the state vector
landing-burn-autoland: nose and flight path diverge by up to 180°

stdout | tests/view/motion-cues.test.ts > the flight-path marker > landing-burn-headwind: the marker never disagrees with the state vector
landing-burn-headwind: nose and flight path diverge by up to 180°

stdout | tests/view/motion-cues.test.ts > the flight-path marker > intro-demo: the marker never disagrees with the state vector
intro-demo: nose and flight path diverge by up to 180°

stdout | tests/core/booster-planning-latency.test.ts > paid return planning at production receipt/work timing > publishes a source-matched physically caught future cutoff for booster-sep
{"id":"booster-sep","receipt":21.683333333332744,"shutdown":35.93333333333194,"iterations":3,"paidFutureSteps":10399,"remainingFuel":88943.63014687921}

 ✓ |unit| tests/view/motion-cues.test.ts (19 tests) 19357ms
     ✓ reports where the streaks are silent and where they blow  6952ms
     ✓ reentry-autoland: the marker never disagrees with the state vector  4882ms
     ✓ before-flip-autoland: the marker never disagrees with the state vector  1399ms
     ✓ the divergence is real on at least one scenario, or this draws nothing  4916ms
stdout | tests/hud/prediction.test.ts > the claim, tested against itself > a genuinely unpowered fall lands near where it was predicted to
unpowered drop · fell 0.2 km · predicted -0.00 km in 3.4 s · actual 0.00 km in 3.4 s · error 0.00 km

stdout | tests/hud/prediction.test.ts > the claim, tested against itself > reports how wrong it is from high altitude, where the model is weakest
from 40 km unpowered · predicted 11.9 km in 95 s · actual 20.2 km in 101 s · error 8.3 km

 ✓ |unit| tests/view/distant-earth.test.ts (26 tests) 7271ms
     ✓ rtls-boostback stays readable  305ms
     ✓ reentry-autoland stays readable  4756ms
     ✓ before-flip-autoland stays readable  1233ms
stdout | tests/audio/transients.test.ts > the latch fires once per event > launch-pad-takeoff
launch-pad-takeoff: ignition x3

stdout | tests/hud/prediction.test.ts > the error against seven real flights > before-flip-autoland converges as the ground approaches
before-flip-autoland: touchdown at 0.00 km · at 1.0 km up, error 0.10 km · at 28 m up, error 0 m

stdout | tests/audio/transients.test.ts > the latch fires once per event > booster-sep-boostback
booster-sep-boostback: ignition x3

stdout | tests/hud/prediction.test.ts > the error against seven real flights > landing-burn-autoland converges as the ground approaches
landing-burn-autoland: touchdown at 0.00 km · at 0.2 km up, error 0.00 km · at 26 m up, error 0 m

stdout | tests/hud/prediction.test.ts > the error against seven real flights > intro-demo converges as the ground approaches
intro-demo: touchdown at 0.00 km · at 0.2 km up, error 0.00 km · at 25 m up, error 0 m

 ✓ |unit| tests/hud/prediction.test.ts (13 tests) 11222ms
     ✓ never returns a non-finite number to a caller  9925ms
     ✓ before-flip-autoland converges as the ground approaches  1040ms
stdout | tests/audio/transients.test.ts > the latch fires once per event > rtls-boostback
rtls-boostback: ignition x6, shutdown x6

stdout | tests/core/booster-planning-latency.test.ts > paid return planning at production receipt/work timing > publishes a source-matched physically caught future cutoff for rtls
{"id":"rtls","receipt":12.783333333333248,"shutdown":13.641666666666532,"iterations":3,"paidFutureSteps":6131,"remainingFuel":90846.3345830032}

 ✓ |unit| tests/core/booster-planning-latency.test.ts (2 tests) 17126ms
     ✓ publishes a source-matched physically caught future cutoff for booster-sep  12908ms
     ✓ publishes a source-matched physically caught future cutoff for rtls  4215ms
 ✓ |unit| tests/view/atmosphere-look.test.ts (22 tests) 3039ms
     ✓ rises monotonically between the two  2966ms
 ✓ |unit| tests/hud/timeline.test.ts (29 tests) 13681ms
     ✓ 'booster-sep-boostback' fires its events in order, flown live  388ms
     ✓ 'reentry-autoland' fires its events in order, flown live  4856ms
     ✓ 'before-flip-autoland' fires its events in order, flown live  1128ms
     ✓ 'reentry-autoland' derives the same events from the fixture bytes  400ms
     ✓ reports touchdown and loss as alternatives, never both  465ms
     ✓ a state exactly at the entry interface counts as crossing it  5049ms
 ✓ |unit| tests/core/deorbit-range.test.ts (6 tests) 31886ms
     ✓ engine 0 out  10381ms
     ✓ engine 1 out  10645ms
     ✓ engine 2 out  10855ms
stdout | tests/audio/transients.test.ts > the latch fires once per event > reentry-autoland
reentry-autoland: ignition x3, shutdown x3, touchdown x1

stdout | tests/audio/transients.test.ts > the latch fires once per event > before-flip-autoland
before-flip-autoland: ignition x3, shutdown x3, touchdown x1

stdout | tests/audio/transients.test.ts > the latch fires once per event > landing-burn-autoland
landing-burn-autoland: ignition x3, shutdown x3, touchdown x1

stdout | tests/audio/transients.test.ts > the latch fires once per event > landing-burn-headwind
landing-burn-headwind: ignition x3, shutdown x3, touchdown x1

stdout | tests/audio/transients.test.ts > the latch fires once per event > intro-demo
intro-demo: ignition x3, shutdown x3, touchdown x1

 ✓ |unit| tests/audio/transients.test.ts (16 tests) 7390ms
     ✓ rtls-boostback  325ms
     ✓ reentry-autoland  5011ms
     ✓ before-flip-autoland  1143ms
stdout | tests/audio/params.test.ts > at the throttles and engine counts the seven scenarios reach > reports the range each flight actually visits
launch-pad-takeoff: engine level 0.00–1.00, up to 3 lit
booster-sep-boostback: engine level 0.00–1.00, up to 3 lit
rtls-boostback: engine level 0.00–1.00, up to 3 lit
reentry-autoland: engine level 0.00–0.73, up to 3 lit
before-flip-autoland: engine level 0.00–0.73, up to 3 lit
landing-burn-autoland: engine level 0.00–0.74, up to 3 lit
landing-burn-headwind: engine level 0.00–0.73, up to 3 lit
intro-demo: engine level 0.00–0.86, up to 3 lit

 ✓ |unit| tests/audio/params.test.ts (19 tests) 7149ms
     ✓ reports the range each flight actually visits  7129ms
 ✓ |unit| tests/view/plume.test.ts (13 tests) 7202ms
     ✓ reports the range each flight puts the plume through  7146ms
 ✓ |unit| tests/proofs/trig-collapse.test.ts (23 tests) 5160ms
     ✓ 'horizontalDrag = -sin(x)'  489ms
     ✓ 'verticalDrag = -cos(x)'  698ms
     ✓ 'horizontalLift = -cos(x)'  685ms
     ✓ 'verticalLift = sin(x)'  753ms
     ✓ 'horizontalThrust = sin(x)'  803ms
     ✓ 'verticalThrust = cos(x)'  749ms
     ✓ records the measured maxima, so unblocking M1.9 starts from numbers  482ms
stdout | tests/audio/warnings.test.ts > ear and eye read the same thresholds > stays quiet through all seven, and reports how much margin they had
launch-pad-takeoff: nominal (heat 0.02, Q 0.53 of limit)
booster-sep-boostback: nominal (heat 0.01, Q 0.00 of limit)
rtls-boostback: nominal (heat 0.02, Q 0.57 of limit)
reentry-autoland: nominal (heat 0.64, Q 0.17 of limit)
before-flip-autoland: nominal (heat 0.00, Q 0.06 of limit)
landing-burn-autoland: nominal (heat 0.00, Q 0.02 of limit)
landing-burn-headwind: nominal (heat 0.00, Q 0.02 of limit)
intro-demo: nominal (heat 0.00, Q 0.03 of limit)

 ✓ |unit| tests/audio/warnings.test.ts (11 tests) 7125ms
     ✓ stays quiet through all seven, and reports how much margin they had  7086ms
 ✓ |unit| tests/lint-walls/walls.test.ts (14 tests) 1458ms
     ✓ wall 1: no view/ ui/ hud/ app/ PIXI or React imports  1211ms
 ✓ |unit| tests/ui/shell/Menu.test.tsx (22 tests) 2235ms
 ✓ |unit| tests/core/invariants.test.ts (4 tests) 3118ms
     ✓ every number stays finite, or is a sentinel it started as  888ms
     ✓ mass never increases, and propellant never goes negative  1259ms
     ✓ with the engines off and no wind, orbital energy never rises beyond integrator error  811ms
 ✓ |unit| tests/reference/bands.test.ts (6 tests) 5072ms
     ✓ every probe returns a number  5063ms
 ✓ |unit| tests/view/particles.test.ts (50 tests) 12243ms
     ✓ emitting does not add a single child  466ms
     ✓ THE LEAK: ten thousand engine shutdowns add nothing  10527ms
     ✓ a recycled slot can be used again, indefinitely  385ms
 ✓ |unit| tests/reference/registry-completeness.test.ts (2 tests) 5207ms
     ✓ retains every required quantity with its conditions and measurement  5204ms
 ✓ |unit| tests/core/rotating-frame-step.test.ts (2 tests) 2942ms
     ✓ a circular inertial orbit stays circular when flown at its ground-relative speed  1639ms
     ✓ a body at the synchronous radius with no ground speed stays over the same point  1301ms
 ✓ |unit| tests/core/rcs-dead-zone.test.ts (7 tests) 2662ms
     ✓ and then HOLDS it, rather than carrying on rotating  1467ms
     ✓ the thrusters fire below saturation, not only at the cap  753ms
 ✓ |unit| tests/core/random-failure-diff.test.ts (10 tests) 3121ms
     ✓ before-flip is deterministic and identical across runs  1485ms
 ✓ |unit| tests/core/engine-out-landings.test.ts (4 tests) 2575ms
     ✓ before-flip-autoland/one-out: landed  1175ms
     ✓ before-flip-autoland/two-out: landed  1308ms
 ✓ |unit| tests/core/autopilot.test.ts (13 tests) 4049ms
     ✓ computes a belly-flop trigger altitude and ends the aero descent below it  3463ms
 ✓ |unit| tests/core/domain-edges.test.ts (28 tests) 999ms
     ✓ and getAttackAngles really does wrap into [-pi, pi]  636ms
 ✓ |unit| tests/ui/shell/Controls.test.tsx (17 tests) 1121ms
 ✓ |unit| tests/core/booster-catch-preference.test.ts (10 tests) 1924ms
 ✓ |unit| tests/core/rng.test.ts (15 tests) 786ms
     ✓ stays in [0, 1)  668ms
 ✓ |unit| tests/view/clouds.test.ts (18 tests) 2800ms
     ✓ is continuous and monotonic through the crossing  736ms
     ✓ builds its puffs once and transforms them thereafter  322ms
     ✓ keeps its scroll offset bounded over a long flight  1678ms
 ✓ |unit| tests/proofs/ship-step.test.ts (6 tests) 2061ms
     ✓ preserves every field across engine, atmosphere, attitude, fuel and dt boundaries  2046ms
stdout | tests/audio/vacuum.test.ts > the two fades differ, and that IS the milestone > reaches the floor by 50 km, over the real atmosphere model
above 50 km · at 70 km: aero 2.21e-3, engine air 0.2490

 ✓ |unit| tests/proofs/ship-engines.test.ts (4 tests) 706ms
     ✓ preserves fuel-paid fraction, dry mass and dump transitions across the domain  615ms
stdout | tests/audio/vacuum.test.ts > the two fades differ, and that IS the milestone > the airflow is loud where the flight is fast and low
launch: peak airflow 0.689 at 5.5 km

 ✓ |unit| tests/core/guidance-physics.test.ts (26 tests) 2441ms
     ✓ rises with descent speed and with mass on one engine, the ladder's usual plan (property)  695ms
     ✓ a vertical drop from 40 km  328ms
     ✓ re-entering from 70 km  442ms
stdout | tests/audio/vacuum.test.ts > the re-entry golden, rendered as it climbs out > the level falls as the air does
70 km -> RMS 0.00023 · 109 km -> RMS 0.02862 · 134 km -> RMS 0.02841

stdout | tests/audio/vacuum.test.ts > the re-entry golden, rendered as it climbs out > the same vehicle is measurably louder in air than in vacuum
same vehicle · in air RMS 0.13151 · in vacuum RMS 0.02820

 ✓ |unit| tests/audio/vacuum.test.ts (11 tests) 1484ms
     ✓ reaches the floor by 50 km, over the real atmosphere model  865ms
     ✓ the level falls as the air does  334ms
 ✓ |unit| tests/ui/shell/Hud.test.tsx (9 tests) 910ms
 ✓ |unit| tests/ui/blackbox.test.ts (22 tests) 583ms
     ✓ round-trips every sample of a real flight, bit for bit  536ms
 ✓ |unit| tests/hud/binder.test.ts (9 tests) 2042ms
     ✓ a real flight writes a small fraction of what an undiffed binder would  1989ms
 ✓ |unit| tests/budget.test.ts (11 tests) 583ms
 ✓ |unit| tests/ui/shell/BlackBox.test.tsx (12 tests) 696ms
 ✓ |unit| tests/ui/shell/BlackBoxPlots.test.ts (4 tests) 769ms
     ✓ draws one cell per plot, keyed by the recorder ids  330ms
 ✓ |unit| tests/core/scenarios.test.ts (51 tests) 1665ms
 ✓ |unit| tests/core/loop.test.ts (24 tests) 1531ms
     ✓ 60 fps and 30 fps reach the identical state after the same simulated time  1251ms
 ✓ |unit| tests/ui/shell/Debrief.test.tsx (10 tests) 485ms
 ✓ |unit| tests/core/wind-profile.test.ts (20 tests) 492ms
 ✓ |unit| tests/view/terrain.test.ts (11 tests) 688ms
     ✓ is deterministic, and scales without changing character  441ms
 ✓ |unit| tests/core/step.test.ts (15 tests) 514ms
 ✓ |unit| tests/ui/shell/TrajectoryCard.test.tsx (9 tests) 380ms
 ✓ |unit| tests/ui/shell/StatusBar.test.tsx (9 tests) 515ms
stdout | tests/core/booster-terminal-envelope.test.ts > physical terminal catch envelope > catches a nearby descending lug on its first crossing with paid fuel and no failures
{"seconds":9.983333333333407,"fuel":89340.2378404918,"previousHeight":90.50393921694004,"previousVX":-1.0404516640914383e-11,"previousVY":-1.70221081138702,"pitch":4.752267522091505e-14}

 ✓ |unit| tests/core/booster-terminal-envelope.test.ts (9 tests) 624ms
 ✓ |unit| tests/view/emissive-bell.test.ts (8 tests) 220ms
 ✓ |unit| tests/core/mission-continuation.test.ts (9 tests) 296ms
 ✓ |unit| tests/core/control-contracts.test.ts (38 tests) 113ms
 ✓ |unit| tests/proofs/step-dynamics.test.ts (2 tests) 414ms
     ✓ retains every Ship field bit-exactly across independent boundary observations  411ms
 ✓ |unit| tests/hud/timeline-binder.test.ts (9 tests) 401ms
 ✓ |unit| tests/ui/shell/RestartPlacement.test.tsx (4 tests) 317ms
 ✓ |unit| tests/hud/metrics.test.ts (22 tests) 207ms
 ✓ |unit| tests/ui/shell/MissionControls.test.tsx (1 test) 363ms
     ✓ selects the actual body, stages once and shows separation from the shared clock  361ms
 ✓ |unit| tests/app/mission-loop.test.ts (4 tests) 315ms
 ✓ |unit| tests/view/particle-textures.test.ts (11 tests) 271ms
 ✓ |unit| tests/proofs/ship-vehicle.test.ts (3 tests) 245ms
 ✓ |unit| tests/offline.test.ts (14 tests) 117ms
 ✓ |unit| tests/core/hot-staging.test.ts (16 tests) 216ms
 ✓ |unit| tests/audio/engine.test.ts (31 tests) 382ms
 ✓ |unit| tests/proofs/dt-substitution.test.ts (4 tests) 180ms
 ✓ |unit| tests/core/mass.test.ts (20 tests) 45ms
 ✓ |unit| tests/core/booster-prediction.test.ts (18 tests) 164ms
 ✓ |unit| tests/ui/shell/BoosterEngineGroups.test.tsx (1 test) 113ms
 ✓ |unit| tests/hud/indicators.test.ts (8 tests) 122ms
 ✓ |unit| tests/app/recorder.test.ts (12 tests) 143ms
 ✓ |unit| tests/core/collapsed-trig.test.ts (11 tests) 124ms
 ✓ |unit| tests/golden/compare.test.ts (5 tests) 155ms
 ✓ |unit| tests/ui/no-neumorphism.test.ts (5 tests) 88ms
 ✓ |unit| tests/ui/session.test.ts (17 tests) 234ms
 ✓ |unit| tests/core/random-failure.test.ts (8 tests) 86ms
 ✓ |unit| tests/proofs/ship-guidance.test.ts (8 tests) 194ms
 ✓ |unit| tests/ui/mission-session.test.ts (9 tests) 126ms
 ✓ |unit| tests/core/atmosphere-strato.test.ts (12 tests) 103ms
 ✓ |unit| tests/ui/menu.test.ts (25 tests) 87ms
 ✓ |unit| tests/core/isa.test.ts (30 tests) 83ms
stdout | tests/audio/render.test.ts > the engine is louder at 100% than at 40% — measured, not asserted > rises with throttle
three engines: 40% RMS 0.09131 · 100% RMS 0.13051

stdout | tests/audio/render.test.ts > the engine is louder at 100% than at 40% — measured, not asserted > rises with engine count
at 100%: one engine RMS 0.07535 · three RMS 0.13051

stdout | tests/audio/render.test.ts > the engine is louder at 100% than at 40% — measured, not asserted > distinguishes three engines at 40% from two at 100%
three at 40% RMS 0.09131 · two at 100% RMS 0.10656

stdout | tests/audio/render.test.ts > the air fade, rendered > falls toward its floor in vacuum without reaching silence
sea level RMS 0.13051 · vacuum RMS 0.02871 · ratio 0.2200 against a floor of 0.22

 ✓ |unit| tests/audio/render.test.ts (7 tests) 67ms
 ✓ |unit| tests/ui/controls.test.ts (20 tests) 54ms
 ✓ |unit| tests/ui/document-dismissal.test.ts (6 tests) 75ms
 ✓ |unit| tests/core/rotating-frame.test.ts (13 tests) 140ms
 ✓ |unit| tests/core/booster-command.test.ts (18 tests) 82ms
 ✓ |unit| tests/core/guidance-truth.test.ts (4 tests) 87ms
 ✓ |unit| tests/proofs/ship-geometry.test.ts (3 tests) 48ms
 ✓ |unit| tests/ui/shell/FirstFlight.test.tsx (8 tests) 84ms
 ✓ |unit| tests/core/pitch-rate.test.ts (11 tests) 91ms
 ✓ |unit| tests/core/speed-of-sound.test.ts (13 tests) 65ms
 ✓ |unit| tests/core/booster-burn-bound.test.ts (2 tests) 146ms
 ✓ |unit| tests/hud/booster-presentation.test.ts (4 tests) 54ms
 ✓ |unit| tests/core/booster-policy-boundaries.test.ts (12 tests) 66ms
 ✓ |unit| tests/core/autopilot-stages.test.ts (40 tests) 44ms
 ✓ |unit| tests/core/fin-fraction.test.ts (11 tests) 41ms
 ✓ |unit| tests/view/booster.test.ts (4 tests) 40ms
 ✓ |unit| tests/ui/preferences.test.ts (6 tests) 28ms
 ✓ |unit| tests/app/debug.test.ts (9 tests) 34ms
 ✓ |unit| tests/view/sky.test.ts (17 tests) 20ms
 ✓ |unit| tests/view/horizon.test.ts (12 tests) 35ms
 ✓ |unit| tests/core/ignition.test.ts (14 tests) 41ms
 ✓ |unit| tests/core/named-branches.test.ts (17 tests) 22ms
 ✓ |unit| tests/core/booster-scheduling-boundaries.test.ts (8 tests) 24ms
 ✓ |unit| tests/view/stars.test.ts (24 tests) 17ms
 ✓ |unit| tests/core/super-heavy.test.ts (10 tests) 21ms
 ✓ |unit| tests/core/risk-policy-provenance.test.ts (3 tests) 38ms
 ✓ |unit| tests/view/sun.test.ts (33 tests) 32ms
 ✓ |unit| tests/core/tower-catch.test.ts (9 tests) 15ms
 ✓ |unit| tests/core/rvac.test.ts (13 tests) 11ms
 ✓ |unit| tests/core/spawn-mach.test.ts (19 tests) 11ms
 ✓ |unit| tests/core/booster-utilities.test.ts (10 tests) 15ms
 ✓ |unit| tests/app/input.test.ts (32 tests) 18ms
 ✓ |unit| tests/proofs/isa-into.test.ts (1 test) 13ms
 ✓ |unit| tests/core/failure-freshness.test.ts (7 tests) 9ms
 ✓ |unit| tests/core/wind.test.ts (10 tests) 18ms
 ✓ |unit| tests/core/grid-fins.test.ts (5 tests) 20ms
 ✓ |unit| tests/ui/mission-camera.test.ts (1 test) 15ms
 ✓ |unit| tests/golden/unification.test.ts (10 tests) 21ms
 ✓ |unit| tests/core/physical-scale.test.ts (20 tests) 12ms
 ✓ |unit| tests/core/thrust-altitude.test.ts (15 tests) 14ms
 ✓ |unit| tests/view/lighting.test.ts (9 tests) 17ms
 ✓ |unit| tests/core/mechanical-advance.test.ts (2 tests) 14ms
 ✓ |unit| tests/core/tank-empty.test.ts (4 tests) 9ms
 ✓ |unit| tests/ui/booster-controls.test.ts (9 tests) 8ms
 ✓ |unit| tests/view/catch-tower.test.ts (1 test) 20ms
 ✓ |unit| tests/hud/readouts.test.ts (9 tests) 10ms
 ✓ |unit| tests/ui/kit-boundary.test.ts (3 tests) 7ms
 ✓ |unit| tests/core/ship-control-boundaries.test.ts (3 tests) 13ms
 ✓ |unit| tests/core/felt-g.test.ts (4 tests) 12ms
 ✓ |unit| tests/core/force-probe-contract.test.ts (2 tests) 24ms
 ✓ |unit| tests/hud/haptics.test.ts (8 tests) 10ms
 ✓ |unit| tests/core/booster-return-plan.test.ts (6 tests) 7ms
 ✓ |unit| tests/core/heat-argument.test.ts (9 tests) 18ms
 ✓ |unit| tests/core/landing-burn.test.ts (6 tests) 13ms
 ✓ |unit| tests/offline-classic.test.ts (3 tests) 11ms
 ✓ |unit| tests/golden/booster-record.test.ts (2 tests) 12ms
 ✓ |unit| tests/ui/contrast.test.ts (12 tests) 11ms
 ✓ |unit| tests/ui/guide.test.ts (5 tests) 10ms
 ✓ |unit| tests/ui/tabular-digits.test.ts (22 tests) 10ms
 ✓ |unit| tests/core/analytic-laws.test.ts (14 tests) 5ms
 ✓ |unit| tests/ui/testids.test.ts (6 tests) 13ms
 ✓ |unit| tests/ui/shell/fields-presets.test.ts (10 tests) 6ms
 ✓ |unit| tests/reference/ratchet.test.ts (3 tests) 8ms
 ✓ |unit| tests/core/final-descent-profile.test.ts (3 tests) 7ms
 ✓ |unit| tests/hud/engine-groups.test.ts (2 tests) 7ms
 ✓ |unit| tests/view/emission-blending.test.ts (3 tests) 11ms
 ✓ |unit| tests/view/zoom.test.ts (7 tests) 7ms
 ✓ |unit| tests/core/thermosphere.test.ts (10 tests) 6ms
 ✓ |unit| tests/core/propellant.test.ts (3 tests) 6ms
 ✓ |unit| tests/proofs/rcs-reserve.test.ts (5 tests) 5ms
 ✓ |unit| tests/view/post.test.ts (12 tests) 7ms
 ✓ |unit| tests/view/reentry.test.ts (8 tests) 5ms
 ✓ |unit| tests/view/dynamic-pressure.test.ts (20 tests) 33ms

 Test Files  193 passed (193)
      Tests  2270 passed (2270)
   Start at  05:21:34
   Duration  195.54s (transform 7.60s, setup 2.42s, import 80.03s, tests 991.25s, environment 31.76s)

JSON report written to /Users/stevewang/dev/StarShipSimulator-realism/coverage/test-results.json
 % Coverage report from v8
-------------------|---------|----------|---------|---------|-------------------
File               | % Stmts | % Branch | % Funcs | % Lines | Uncovered Line #s 
-------------------|---------|----------|---------|---------|-------------------
All files          |   99.63 |    99.03 |     100 |   99.86 |                   
 core              |     100 |    98.98 |     100 |     100 |                   
  mission.ts       |     100 |     97.5 |     100 |     100 | 161               
 core/autopilot    |   99.81 |    99.31 |     100 |     100 |                   
  booster.ts       |   99.51 |    98.67 |     100 |     100 | 125,277           
  index.ts         |     100 |     99.6 |     100 |     100 | 447               
 core/control      |   99.01 |    98.41 |     100 |   99.55 |                   
  ...prediction.ts |    96.5 |    95.67 |     100 |   98.14 | 149-150           
  commands.ts      |     100 |    95.23 |     100 |     100 | 54                
  ...ce-physics.ts |   98.05 |    96.77 |     100 |   99.26 | 307               
-------------------|---------|----------|---------|---------|-------------------

=============================== Coverage summary ===============================
Statements   : 99.63% ( 2484/2493 )
Branches     : 99.03% ( 1434/1448 )
Functions    : 100% ( 300/300 )
Lines        : 99.86% ( 2174/2177 )
================================================================================

> starship-simulator-v2@0.1.0 test:e2e
> playwright test --project=chromium --grep @smoke


Running 13 tests using 3 workers

  ✓   2 [chromium] › tests/e2e/blackbox.spec.ts:55:1 › it draws the nine plots of the flight @smoke (3.9s)
  ✓   4 [chromium] › tests/e2e/menu.spec.ts:17:1 › the menu opens, offers every preset, and closes @smoke (1.0s)
  ✓   5 [chromium] › tests/e2e/menu.spec.ts:58:1 › Configure starts the new flight and closes the menu @smoke (1.1s)
  ✓   6 [chromium] › tests/e2e/offline.spec.ts:45:1 › the whole app loads with the network off @mobile @smoke (756ms)
  ✓   7 [chromium] › tests/e2e/parity.spec.ts:18:1 › every 2021 flight control is present @smoke (527ms)
  ✓   8 [chromium] › tests/e2e/render.spec.ts:11:1 › every art asset loads @smoke (875ms)
  ✓   9 [chromium] › tests/e2e/smoke.spec.ts:13:1 › page loads with no console errors and no failed requests @mobile @smoke (288ms)
  ✓  10 [chromium] › tests/e2e/smoke.spec.ts:45:1 › loads no third-party origins @mobile @smoke (305ms)
  ✓   3 [chromium] › tests/e2e/intro.spec.ts:14:1 › the intro plays end to end and lands @smoke (8.9s)
  ✓  11 [chromium] › tests/e2e/smoke.spec.ts:61:1 › canvas mounts @mobile @smoke (671ms)
  ✓  12 [chromium] › tests/e2e/smoke.spec.ts:85:1 › the simulation runs behind the canvas @mobile @smoke (782ms)
  ✓   1 [chromium] › tests/e2e/controls.spec.ts:68:1 › lighting the Raptors changes the flight @mobile @smoke (14.2s)
[witness-plume] fire pixels below the ship: engines off 0, engines lit 492
  ✓  13 [chromium] › tests/e2e/witness-plume.spec.ts:85:1 › engines lit draw fire below the ship, and engines off do not @smoke (5.1s)

  13 passed (16.5s)

> starship-simulator-v2@0.1.0 test:deploy
> playwright test --config playwright.subpath.config.ts


Running 5 tests using 1 worker

  ✓  1 tests/deploy/subpath.spec.ts:11:1 › the app loads and flies from a subdirectory (485ms)
  ✓  2 tests/deploy/subpath.spec.ts:36:1 › every asset is requested under the subpath (698ms)
  ✓  3 tests/deploy/subpath.spec.ts:59:1 › the service worker registers at the subpath scope and precaches it (301ms)
  ✓  4 tests/deploy/subpath.spec.ts:82:1 › the install manifest stays under the subpath, and its icon is served (160ms)
  ✓  5 tests/deploy/subpath.spec.ts:100:1 › it still works offline from a subdirectory (507ms)

  5 passed (3.0s)
