real 7.35
user 13.12
sys 0.82
           844103680  maximum resident set size
                   0  average shared memory size
                   0  average unshared data size
                   0  average unshared stack size
              130435  page reclaims
                 661  page faults
                   0  swaps
                   0  block input operations
                   0  block output operations
                   0  messages sent
                   0  messages received
                   0  signals received
                6810  voluntary context switches
               45175  involuntary context switches
          1306405382  instructions retired
           431908875  cycles elapsed
            26397504  peak memory footprint
