
> starship-simulator-v2@0.1.0 mutation
> node scripts/mutation-check.mjs

control: 1064 tests pass unmodified
CAUGHT    gravity-sign: 135 assertions, e.g. actual booster capture golden regressions 'booster-sep-catch' replays all physical state/control leaves through an airborne catch
CAUGHT    drag-zeroed: 65 assertions, e.g. actual booster capture golden regressions 'booster-sep-catch' replays all physical state/control leaves through an airborne catch
CAUGHT    position-dt-doubled: 83 assertions, e.g. angular momentum is conserved on an eccentric orbit to better than a part in ten thousand over a hundred minutes
CAUGHT    isp-anchors-swapped: 22 assertions, e.g. landingBurnStartAltitude against the simulation from 3 km at 150 m/s on 1 engine(s): within 0.1% of the burn or 2 m
CAUGHT    rng-counter-frozen: 36 assertions, e.g. planned booster forecast matches the live paid thirteen-engine ignition endpoint of booster-sep
CAUGHT    propellant-not-burned: 49 assertions, e.g. capture publication with random failures enabled publishes a real fine capture when the preference is false
CAUGHT    burn-clamp-removed: 6 assertions, e.g. invariants over any configurable flight mass never increases, and propellant never goes negative
CAUGHT    last-step-full-thrust: 5 assertions, e.g. booster paid propulsion and moving mass pays for the last impulse and never lets an outer ring steer as a gimballed engine
CAUGHT    dump-clamp-removed: 3 assertions, e.g. the tank empties to zero, never below a dump larger than what is left stops at zero
CAUGHT    editor-floor-removed: 3 assertions, e.g. invariants over any configurable flight mass never increases, and propellant never goes negative
CAUGHT    guidance-flat-g: 6 assertions, e.g. the vertical TWR law holds a hover at TWR 1 at 80 km the vertical acceleration is within 0.02 m/s² of zero
CAUGHT    guidance-drag-dropped: 15 assertions, e.g. actual booster scenarios are secured at the tower booster-sep: autopilot catches the actual33-engine booster within900s
CAUGHT    felt-g-flat: 16 assertions, e.g. felt g is zero in free fall, where nothing but gravity acts
CAUGHT    wind-profile-flat: 3 assertions, e.g. the mean profile (TM-2008-215633 eqs. 2.1-2.2) follows the power law with k = 0.52 u^(-3/4) through the surface layer
CAUGHT    turbulence-isotropic: 2 assertions, e.g. 'landing-burn-headwind' replays field for field, sample for sample
CAUGHT    coriolis-halved: 2 assertions, e.g. at omega != 0 it is the inertial motion seen from the turning ground adds Coriolis and centrifugal terms: a_r += 2 omega v_t + omega^2 r, a_t -= 2 omega v_r
CAUGHT    rvac-gimballed: 8 assertions, e.g. the RVacs are fixed: they push along the hull and do not steer a deflected gimbal makes no torque and no sideways push with only RVacs lit
CAUGHT    tile-sink-dropped: 13 assertions, e.g. the tile breaks up on its temperature, the reading the HUD shows above 1,533 K it breaks up; at 1,533 K it does not
CAUGHT    breakup-current-check-removed: 7 assertions, e.g. breakup reads current forces breaks up on the first overpressure step even when the incoming pressure was safe
CAUGHT    throttle-current-denominator: 2 assertions, e.g. 'rtls-boostback' replays field for field, sample for sample
CAUGHT    final-descent-braking-removed: 4 assertions, e.g. 'landing-burn-autoland' replays field for field, sample for sample
