
 RUN  v4.1.11 /Users/stevewang/dev/StarShipSimulator-realism

 ❯ |unit| tests/core/booster-forecast.test.ts (22 tests | 3 failed) 2988ms
     × pays the executable live cutoff for fractional proposal 0.013 3ms
     × pays the executable live cutoff for fractional proposal 0.25 2ms
     × pays the executable live cutoff for fractional proposal 0.250001 1ms

⎯⎯⎯⎯⎯⎯⎯ Failed Tests 3 ⎯⎯⎯⎯⎯⎯⎯

 FAIL  |unit| tests/core/booster-forecast.test.ts > planned booster forecast > pays the executable live cutoff for fractional proposal 0.013
AssertionError: expected 0.013 to be 0.016666666666666666 // Object.is equality

- Expected
+ Received

- 0.016666666666666666
+ 0.013

 ❯ tests/core/booster-forecast.test.ts:64:46
     62|       live=advanceMechanics(live,1/120,runBoosterPolicy,SUPER_HEAVY);
     63|     expect(live.autopilot.boosterPhase).toBe('coast');
     64|     expect(work.state.world.environmentTime).toBe(live.world.environme…
       |                                              ^
     65|     expect(work.state.vehicle.propellantMass).toBe(live.vehicle.propel…
     66|     expect(work.state.kinematics).toEqual(live.kinematics);

⎯⎯⎯⎯⎯⎯⎯⎯⎯⎯⎯⎯⎯⎯⎯⎯⎯⎯⎯⎯⎯⎯⎯⎯[1/3]⎯

 FAIL  |unit| tests/core/booster-forecast.test.ts > planned booster forecast > pays the executable live cutoff for fractional proposal 0.25
AssertionError: expected 0.25 to be 0.2583333333333333 // Object.is equality

- Expected
+ Received

- 0.2583333333333333
+ 0.25

 ❯ tests/core/booster-forecast.test.ts:64:46
     62|       live=advanceMechanics(live,1/120,runBoosterPolicy,SUPER_HEAVY);
     63|     expect(live.autopilot.boosterPhase).toBe('coast');
     64|     expect(work.state.world.environmentTime).toBe(live.world.environme…
       |                                              ^
     65|     expect(work.state.vehicle.propellantMass).toBe(live.vehicle.propel…
     66|     expect(work.state.kinematics).toEqual(live.kinematics);

⎯⎯⎯⎯⎯⎯⎯⎯⎯⎯⎯⎯⎯⎯⎯⎯⎯⎯⎯⎯⎯⎯⎯⎯[2/3]⎯

 FAIL  |unit| tests/core/booster-forecast.test.ts > planned booster forecast > pays the executable live cutoff for fractional proposal 0.250001
AssertionError: expected 0.250001 to be 0.2583333333333333 // Object.is equality

- Expected
+ Received

- 0.2583333333333333
+ 0.250001

 ❯ tests/core/booster-forecast.test.ts:64:46
     62|       live=advanceMechanics(live,1/120,runBoosterPolicy,SUPER_HEAVY);
     63|     expect(live.autopilot.boosterPhase).toBe('coast');
     64|     expect(work.state.world.environmentTime).toBe(live.world.environme…
       |                                              ^
     65|     expect(work.state.vehicle.propellantMass).toBe(live.vehicle.propel…
     66|     expect(work.state.kinematics).toEqual(live.kinematics);

⎯⎯⎯⎯⎯⎯⎯⎯⎯⎯⎯⎯⎯⎯⎯⎯⎯⎯⎯⎯⎯⎯⎯⎯[3/3]⎯


 Test Files  1 failed (1)
      Tests  3 failed | 19 passed (22)
   Start at  21:21:31
   Duration  3.20s (transform 93ms, setup 0ms, import 116ms, tests 2.99s, environment 0ms)

