
 RUN  v4.1.11 /Users/stevewang/dev/StarShipSimulator-realism

 ❯ |unit| tests/core/booster-prediction.test.ts (16 tests | 1 failed) 112ms
     × does not mutate a prediction shared by a cloned previous frame and deterministically publishes a completed result 74ms
 ❯ |unit| tests/core/booster-planning-latency.test.ts (2 tests | 2 failed) 3281ms
     × publishes a source-matched physically caught future cutoff for booster-sep 2956ms
     × publishes a source-matched physically caught future cutoff for rtls 324ms

⎯⎯⎯⎯⎯⎯⎯ Failed Tests 3 ⎯⎯⎯⎯⎯⎯⎯

 FAIL  |unit| tests/core/booster-planning-latency.test.ts > paid return planning at production receipt/work timing > publishes a source-matched physically caught future cutoff for booster-sep
 FAIL  |unit| tests/core/booster-planning-latency.test.ts > paid return planning at production receipt/work timing > publishes a source-matched physically caught future cutoff for rtls
AssertionError: expected undefined to be defined
 ❯ tests/core/booster-planning-latency.test.ts:28:44
     26|     expect(s.kinematics).toEqual(kinematics);expect(s.vehicle.propella…
     27|     expect(s.rng.counters).toEqual(rng);
     28|     expect(j.done).toBe(true);expect(plan).toBeDefined();
       |                                            ^
     29|     expect(plan!.originTime).toBe(j.origin.world.environmentTime);
     30|     expect(plan!.shutdownAt).toBeGreaterThan(s.world.environmentTime);

⎯⎯⎯⎯⎯⎯⎯⎯⎯⎯⎯⎯⎯⎯⎯⎯⎯⎯⎯⎯⎯⎯⎯⎯[1/3]⎯

 FAIL  |unit| tests/core/booster-prediction.test.ts > bounded deterministic booster prediction > does not mutate a prediction shared by a cloned previous frame and deterministically publishes a completed result
AssertionError: expected undefined to be defined
 ❯ tests/core/booster-prediction.test.ts:195:20
    193|       advanceBoosterPrediction(b,1/120,advanceMechanics,runBoosterPoli…
    194|     const result=b.autopilot.boosterPrediction?.published;
    195|     expect(result).toBeDefined();expect(result!.forecast.reached).toBe…
       |                    ^
    196|     expect(result!.forecast.fuel).toBeLessThan(a.vehicle.propellantMas…
    197|     expect(b.rng).toEqual(a.rng);

⎯⎯⎯⎯⎯⎯⎯⎯⎯⎯⎯⎯⎯⎯⎯⎯⎯⎯⎯⎯⎯⎯⎯⎯[2/3]⎯


 Test Files  2 failed | 9 passed (11)
      Tests  3 failed | 86 passed (89)
   Start at  21:28:54
   Duration  5.40s (transform 776ms, setup 0ms, import 1.41s, tests 9.56s, environment 1ms)

