
 RUN  v4.1.11 /Users/stevewang/dev/StarShipSimulator-realism

 ❯ |unit| tests/flies-every-scenario.test.ts (17 tests | 1 failed) 10814ms
     × reentry: survives the heat it now actually meets 2493ms
 ❯ |unit| tests/core/orbit-demo.test.ts (31 tests | 2 failed) 20996ms
     × flies the sequence it is supposed to: coast, burn, hand over, descend 4ms
     × from 300 km it still lands, but the envelope is showing 898ms

⎯⎯⎯⎯⎯⎯⎯ Failed Tests 3 ⎯⎯⎯⎯⎯⎯⎯

 FAIL  |unit| tests/flies-every-scenario.test.ts > the autopilot flies the ones it is meant to > reentry: survives the heat it now actually meets
AssertionError: peak heat flux, W/m^2: expected 161759.2274307887 to be greater than 162355
 ❯ tests/flies-every-scenario.test.ts:151:43
    149|     // the measured flux instead: 170.9 kW/m^2, a skin temperature of …
    150|     // (2026-10-01), within 5%.
    151|     expect(peak, 'peak heat flux, W/m^2').toBeGreaterThan(170_900 * 0.…
       |                                           ^
    152|     expect(peak).toBeLessThan(170_900 * 1.05);
    153|     expect(peak).toBeLessThan(C.heatLimit);

⎯⎯⎯⎯⎯⎯⎯⎯⎯⎯⎯⎯⎯⎯⎯⎯⎯⎯⎯⎯⎯⎯⎯⎯[1/3]⎯

 FAIL  |unit| tests/core/orbit-demo.test.ts > step 3 — deorbit and land at StarBase > flies the sequence it is supposed to: coast, burn, hand over, descend
AssertionError: coasted most of a lap before firing: expected 1433.05 to be greater than 1500
 ❯ tests/core/orbit-demo.test.ts:269:73
    267|     // Not merely "it landed" — that could happen by accident. The pha…
    268|     // have run, in order, at the times the design says.
    269|     expect(flight.burnStartedAt, 'coasted most of a lap before firing'…
       |                                                                         ^
    270|     expect(flight.handedOverAt, 'handed over shortly after the burn').…
    271|       flight.burnStartedAt,

⎯⎯⎯⎯⎯⎯⎯⎯⎯⎯⎯⎯⎯⎯⎯⎯⎯⎯⎯⎯⎯⎯⎯⎯[2/3]⎯

 FAIL  |unit| tests/core/orbit-demo.test.ts > the guidance works from orbits it was never calibrated on > from 300 km it still lands, but the envelope is showing
AssertionError: expected 'brokeUp' to be 'landed' // Object.is equality

Expected: "landed"
Received: "brokeUp"

 ❯ tests/core/orbit-demo.test.ts:436:23
    434|     // is here so that reason stays measured rather than remembered.
    435|     const f = from(circularAtAltitude(300_000));
    436|     expect(f.outcome).toBe('landed');
       |                       ^
    437|     expect(Math.abs(f.miss)).toBeLessThan(150_000);
    438|     expect(f.peakHeat / C.heatLimit, 'entry heating from 300 km').toBe…

⎯⎯⎯⎯⎯⎯⎯⎯⎯⎯⎯⎯⎯⎯⎯⎯⎯⎯⎯⎯⎯⎯⎯⎯[3/3]⎯


 Test Files  2 failed | 1 passed (3)
      Tests  3 failed | 51 passed (54)
   Start at  21:57:55
   Duration  33.11s (transform 246ms, setup 0ms, import 17.80s, tests 44.12s, environment 0ms)

