handover {
  time: 3946.733333333333,
  alt: 150282.10333366122,
  vx: 7654.371812168749,
  vy: -0.00040631963121847813,
  pitch: -94.22265309990587,
  mass: 303300.9683995865
}
{
  time: 3946.733333333333,
  alt: 150282.10333366122,
  vx: 7654.371812168749,
  vy: -0.00040631963121847813,
  pitch: -94.22265309990587,
  attack: 175.77483583734949,
  mach: 15.13674530700255,
  temperature: 432.66977150918177,
  lift: 0.00000239307762254811,
  failed: false
}
{
  time: 3984.85,
  alt: 149999.92026062147,
  vx: 7654.700130611972,
  vy: -14.803345724873964,
  pitch: 25.156791212859144,
  attack: -64.94230225779597,
  mach: 15.160201362658087,
  temperature: 404.53829644196327,
  lift: 0.000056245466444195566,
  failed: false
}
{
  time: 4028.008333333333,
  alt: 148999.9085056172,
  vx: 7655.868582953957,
  vy: -31.529151394133176,
  pitch: 30.766205039968497,
  attack: -59.47934546485439,
  mach: 15.24521534472707,
  temperature: 409.3004293844133,
  lift: 0.0000758620682923915,
  failed: false
}
{
  time: 4055.2,
  alt: 147999.7094176273,
  vx: 7657.039548058594,
  vy: -42.03174282601799,
  pitch: 33.02073116191593,
  attack: -57.28394690540711,
  mach: 15.333260939684202,
  temperature: 413.1663706904676,
  lift: 0.0000831855348684189,
  failed: false
}
{
  time: 4076.8416666666667,
  alt: 146999.869632649,
  vx: 7658.210932553396,
  vy: -50.36321899424189,
  pitch: 31.070820865847065,
  attack: -59.29617106172462,
  mach: 15.424438092673375,
  temperature: 415.57269206305483,
  lift: 0.00009112997367621645,
  failed: false
}
{
  time: 4095.391666666667,
  alt: 145999.57811630578,
  vx: 7659.383468607834,
  vy: -57.4810040669094,
  pitch: 32.76144052963812,
  attack: -57.658736956896725,
  mach: 15.518985541815585,
  temperature: 419.3066913485341,
  lift: 0.00009379104957541255,
  failed: false
}
{
  time: 4111.883333333333,
  alt: 144999.58448436833,
  vx: 7660.556090285021,
  vy: -63.7881201146849,
  pitch: 35.1014850242887,
  attack: -55.384730799165915,
  mach: 15.617009855583074,
  temperature: 423.34880650612246,
  lift: 0.00010218389164169176,
  failed: false
}
{
  time: 4126.883333333333,
  alt: 143999.8569560559,
  vx: 7661.728884846208,
  vy: -69.50575043899542,
  pitch: 27.936066795497666,
  attack: -62.5927326084091,
  mach: 15.718701417076561,
  temperature: 423.9720307511801,
  lift: 0.0001034657666379031,
  failed: false
}
{
  time: 4140.75,
  alt: 142999.49856857906,
  vx: 7662.903030823366,
  vy: -74.77376575548772,
  pitch: 29.3748475579597,
  attack: -61.17463033443358,
  mach: 15.824358452800112,
  temperature: 427.6677894171692,
  lift: 0.00011327978366797528,
  failed: false
}
{
  time: 4153.7,
  alt: 141999.4110849894,
  vx: 7664.076978678161,
  vy: -79.67714562709946,
  pitch: 35.28249423645715,
  attack: -55.32300427428454,
  mach: 15.934107310794083,
  temperature: 433.10363685182284,
  lift: 0.00012322564180250852,
  failed: false
}
{
  time: 4165.891666666666,
  alt: 140999.95307857837,
  vx: 7665.2506243292455,
  vy: -84.27787280537714,
  pitch: 26.189615939427846,
  attack: -64.45010231134653,
  mach: 16.048141329163677,
  temperature: 433.11769237117727,
  lift: 0.00011938644029788112,
  failed: false
}
{
  time: 4177.458333333333,
  alt: 139999.96635898738,
  vx: 7666.425387209084,
  vy: -88.6280208536737,
  pitch: 33.21813932947868,
  attack: -57.43441378979237,
  mach: 16.166848957088696,
  temperature: 438.8914136724431,
  lift: 0.0001366197279605006,
  failed: false
}
{
  time: 4188.491666666667,
  alt: 138999.27669154614,
  vx: 7667.600933879467,
  vy: -92.76354741806493,
  pitch: 29.389313519769477,
  attack: -61.31357629446122,
  mach: 16.290536690369155,
  temperature: 441.7207904568332,
  lift: 0.0001464508953879699,
  failed: false
}
{
  time: 4199.041666666667,
  alt: 137999.82147838257,
  vx: 7668.775741907472,
  vy: -96.70437393012155,
  pitch: 31.34968017823245,
  attack: -59.36299215782979,
  mach: 16.41926420537985,
  temperature: 446.7383845463681,
  lift: 0.00016498989105547644,
  failed: false
}
{
  time: 4209.183333333333,
  alt: 136999.92270607062,
  vx: 7669.950815833636,
  vy: -100.47975774859326,
  pitch: 30.32493079503503,
  attack: -60.43538906879844,
  mach: 16.553566896255884,
  temperature: 450.69433187684143,
  lift: 0.00016593640689773262,
  failed: false
}
{
  time: 4218.958333333333,
  alt: 135999.99932159384,
  vx: 7671.126713561076,
  vy: -104.10604642911981,
  pitch: 31.73915131182386,
  attack: -59.02918462490877,
  mach: 16.693751105832806,
  temperature: 455.6330301931783,
  lift: 0.00019282385818270294,
  failed: false
}
{
  time: 4228.408333333334,
  alt: 134999.68022591257,
  vx: 7672.302694823706,
  vy: -107.59970417302088,
  pitch: 28.473812886922108,
  attack: -62.33854660693546,
  mach: 16.840259202659176,
  temperature: 458.84854101214876,
  lift: 0.00019851611093953342,
  failed: false
}
{
  time: 4237.558333333333,
  alt: 133999.71193037825,
  vx: 7673.479030445762,
  vy: -110.9706171709637,
  pitch: 35.138225732184814,
  attack: -55.68185997583592,
  mach: 16.993410079614886,
  temperature: 465.98357900140803,
  lift: 0.0002241090759518058,
  failed: false
}
{
  time: 4246.441666666667,
  alt: 132999.42926200453,
  vx: 7674.655630694489,
  vy: -114.23184944984308,
  pitch: 26.15793555080356,
  attack: -64.68636877965729,
  mach: 17.153769506635363,
  temperature: 467.0555776075061,
  lift: 0.0002202424057223598,
  failed: false
}
{
  time: 4255.075,
  alt: 131999.58577293926,
  vx: 7675.831717269287,
  vy: -117.3902385795965,
  pitch: 32.8919439732419,
  attack: -57.992912751216394,
  mach: 17.321727218529652,
  temperature: 474.1801859651065,
  lift: 0.00025619372664173717,
  failed: false
}
{
  time: 4263.483333333334,
  alt: 130999.63575911868,
  vx: 7677.008748816592,
  vy: -120.45532602568959,
  pitch: 31.836897763507825,
  attack: -59.053445654268174,
  mach: 17.497936223627427,
  temperature: 478.3965819119629,
  lift: 0.00028625608945490977,
  failed: false
}
{
  time: 4271.683333333333,
  alt: 129999.68267924056,
  vx: 7678.185107488708,
  vy: -123.43395254105776,
  pitch: 26.776238516169336,
  attack: -64.15337943318248,
  mach: 17.682998136954218,
  temperature: 481.1330860197559,
  lift: 0.00028334012746896126,
  failed: false
}
{
  time: 4279.691666666667,
  alt: 128999.56913884079,
  vx: 7679.362156290254,
  vy: -126.33249083550892,
  pitch: 35.07741753055132,
  attack: -55.873669400208364,
  mach: 17.877635677256546,
  temperature: 490.8238249398291,
  lift: 0.00034175664270664656,
  failed: false
}
{
  time: 4287.516666666666,
  alt: 127999.9702719888,
  vx: 7680.538964240649,
  vy: -129.15432847926556,
  pitch: 30.387592035182035,
  attack: -60.56717647513553,
  mach: 18.082476290202372,
  temperature: 495.22006139605026,
  lift: 0.0003775631923136514,
  failed: false
}
{
  time: 4295.183333333333,
  alt: 126999.22056044122,
  vx: 7681.7160735433345,
  vy: -131.90917211975204,
  pitch: 27.833545536037494,
  attack: -63.1588157698319,
  mach: 18.298720593895396,
  temperature: 500.6956035376524,
  lift: 0.00039859306764879193,
  failed: false
}
{
  time: 4302.683333333333,
  alt: 125999.82689988181,
  vx: 7682.892242716213,
  vy: -134.59413001744394,
  pitch: 35.5764195006186,
  attack: -55.435788456355574,
  mach: 18.526779125180262,
  temperature: 510.6356256410217,
  lift: 0.0004713361043602818,
  failed: false
}
{
  time: 4310.041666666667,
  alt: 124999.7768590813,
  vx: 7684.069354416494,
  vy: -137.2185250342731,
  pitch: 30.031997924639544,
  attack: -60.98179564897858,
  mach: 18.768165358616898,
  temperature: 514.8398639060388,
  lift: 0.000514928904114055,
  failed: false
}
{
  time: 4317.266666666666,
  alt: 123999.09234772089,
  vx: 7685.245768560124,
  vy: -139.78599863597267,
  pitch: 28.450060874297016,
  attack: -62.60143515712374,
  mach: 19.02409995681438,
  temperature: 520.9514240450893,
  lift: 0.0005544039736197521,
  failed: false
}
{
  time: 4324.358333333334,
  alt: 122998.86924023113,
  vx: 7686.4225407796575,
  vy: -142.2964528037562,
  pitch: 36.51443271820761,
  attack: -54.55557670861098,
  mach: 19.295673926725748,
  temperature: 531.5428954066731,
  lift: 0.000652030511546178,
  failed: false
}
{
  time: 4331.325,
  alt: 121998.97420873829,
  vx: 7687.598704833843,
  vy: -144.75319384663607,
  pitch: 29.45625290622075,
  attack: -61.61308369981548,
  mach: 19.584447716757367,
  temperature: 535.2067929367435,
  lift: 0.0006991593572935209,
  failed: false
}
{
  time: 4338.175,
  alt: 120999.16674020975,
  vx: 7688.772885277125,
  vy: -147.1598746773893,
  pitch: 28.754389271573608,
  attack: -62.35150302284768,
  mach: 19.892238689297887,
  temperature: 541.9546237642246,
  lift: 0.0007657263329821159,
  failed: false
}
{
  time: 4344.916666666667,
  alt: 119999.1059795782,
  vx: 7689.948455892147,
  vy: -149.5191190899821,
  pitch: 36.371032141563035,
  attack: -54.75221703886057,
  mach: 20.221186957658524,
  temperature: 552.785159743262,
  lift: 0.0008945314439565857,
  failed: false
}
{
  time: 4351.55,
  alt: 118999.6224995892,
  vx: 7691.122865160997,
  vy: -151.83113350017445,
  pitch: 30.048260944490416,
  attack: -61.073246080800885,
  mach: 20.56994001745811,
  temperature: 559.1611078851897,
  lift: 0.0010019857642107489,
  failed: false
}
{
  time: 4358.091666666666,
  alt: 117998.9600757768,
  vx: 7692.295477515817,
  vy: -154.1024131931681,
  pitch: 27.77516884896405,
  attack: -63.381273105592115,
  mach: 20.93758047279506,
  temperature: 567.780718830896,
  lift: 0.0010966493789093235,
  failed: false
}
{
  time: 4364.533333333334,
  alt: 116999.1054373476,
  vx: 7693.467491756819,
  vy: -156.3295294640482,
  pitch: 34.570089916010694,
  attack: -56.60271820818281,
  mach: 21.325091953306195,
  temperature: 580.9124568507725,
  lift: 0.0013312609231531556,
  failed: false
}
{
  time: 4370.883333333333,
  alt: 115999.4677691157,
  vx: 7694.639575570545,
  vy: -158.51545917705593,
  pitch: 32.84439035602164,
  attack: -58.32717335743502,
  mach: 21.734590933247066,
  temperature: 590.0368904143893,
  lift: 0.0014969502824736126,
  failed: false
}
{
  time: 4377.15,
  alt: 114999.36882799884,
  vx: 7695.8075628143815,
  vy: -160.66366054991485,
  pitch: 26.408808627009705,
  attack: -64.77863831435532,
  mach: 22.168534459025015,
  temperature: 597.1165905696845,
  lift: 0.0016026821615997267,
  failed: false
}
{
  time: 4383.333333333333,
  alt: 113999.40072357304,
  vx: 7696.972504672992,
  vy: -162.77442694885866,
  pitch: 30.777234603049106,
  attack: -60.44296497144752,
  mach: 22.629182827847092,
  temperature: 609.5320500138863,
  lift: 0.0019092136934011005,
  failed: false
}
{
  time: 4389.441666666667,
  alt: 112998.77683020862,
  vx: 7698.140076158982,
  vy: -164.84966639166967,
  pitch: 36.97339556108232,
  attack: -54.24735926945727,
  mach: 23.11981411574992,
  temperature: 623.5951872090383,
  lift: 0.0023585092961299135,
  failed: false
}
{
  time: 4395.466666666666,
  alt: 111999.41569610866,
  vx: 7699.303285635382,
  vy: -166.8868567326998,
  pitch: 30.703840365496067,
  attack: -60.5291689122475,
  mach: 23.642774509775002,
  temperature: 630.7997617175844,
  lift: 0.0026582989045351494,
  failed: false
}
{
  time: 4401.425,
  alt: 110999.06826311858,
  vx: 7700.459617480907,
  vy: -168.89281573699222,
  pitch: 26.38410033496817,
  attack: -64.88159474286998,
  mach: 24.20309073638661,
  temperature: 639.5537919037307,
  lift: 0.002775919263215055,
  failed: false
}
{
  time: 4407.308333333333,
  alt: 109999.61302756587,
  vx: 7701.613288997068,
  vy: -170.8635819239114,
  pitch: 32.95650046340018,
  attack: -58.323661543386024,
  mach: 24.804279651066405,
  temperature: 654.1215792897623,
  lift: 0.0034261172649026526,
  failed: false
}
{
  time: 4413.133333333333,
  alt: 108998.67695147252,
  vx: 7702.770059196607,
  vy: -172.80351235452594,
  pitch: 34.899839162225355,
  attack: -56.376276838379184,
  mach: 25.324092476942305,
  temperature: 669.3646749407357,
  lift: 0.004157591983224469,
  failed: false
}
{
  time: 4418.883333333333,
  alt: 107999.57770798335,
  vx: 7703.913925912722,
  vy: -174.70740058256797,
  pitch: 28.64359224696012,
  attack: -62.64651794857171,
  mach: 25.72414520135636,
  temperature: 680.0507363596404,
  lift: 0.004727793637644413,
  failed: false
}
{
  time: 4424.575,
  alt: 106999.86042097362,
  vx: 7705.044571958726,
  vy: -176.5822675486203,
  pitch: 28.286686124228844,
  attack: -63.03474163546716,
  mach: 26.060172756676895,
  temperature: 694.4518728718365,
  lift: 0.005558518760314896,
  failed: false
}
{
  time: 4430.208333333333,
  alt: 105999.91885028982,
  vx: 7706.1739589851395,
  vy: -178.42437979452217,
  pitch: 34.08946730693375,
  attack: -57.245280658485264,
  mach: 26.35252612404129,
  temperature: 712.875956042262,
  lift: 0.006866805470552732,
  failed: false
}
{
  time: 4435.791666666667,
  alt: 104998.65332414408,
  vx: 7707.303663191143,
  vy: -180.23551533362323,
  pitch: 34.63615075547532,
  attack: -56.695010816585146,
  mach: 26.611764380664326,
  temperature: 728.6009390105455,
  lift: 0.008194597452887475,
  failed: false
}
{
  time: 4441.308333333333,
  alt: 103999.44968248774,
  vx: 7708.409667807927,
  vy: -182.01108710196357,
  pitch: 28.990549271245737,
  attack: -62.35367537511418,
  mach: 26.842969600164782,
  temperature: 740.6428404222617,
  lift: 0.009407688574607295,
  failed: false
}
{
  time: 4446.775,
  alt: 102999.67196957515,
  vx: 7709.4893564295135,
  vy: -183.7591308605834,
  pitch: 27.533375466748964,
  attack: -63.840529654657175,
  mach: 27.05059563973443,
  temperature: 755.7036730601993,
  lift: 0.010787796547094818,
  failed: false
}
{
  time: 4452.191666666667,
  alt: 101999.66113893654,
  vx: 7710.562664042555,
  vy: -185.47264306823067,
  pitch: 33.144671389154205,
  attack: -58.24164864439737,
  mach: 27.2371741522627,
  temperature: 775.5627997723124,
  lift: 0.013411526279174182,
  failed: false
}
{
  time: 4457.558333333333,
  alt: 100999.7824562496,
  vx: 7711.635775000338,
  vy: -187.1492158311931,
  pitch: 35.990354241195064,
  attack: -55.39112413501388,
  mach: 27.40445442001835,
  temperature: 794.3523985270406,
  lift: 0.01640240636578032,
  failed: false
}
{
  time: 4462.883333333333,
  alt: 99998.828354106,
  vx: 7712.67613381555,
  vy: -188.79214493317974,
  pitch: 30.191961040921225,
  attack: -61.20125346821818,
  mach: 27.553791551219614,
  temperature: 807.2879340168556,
  lift: 0.01903317426338752,
  failed: false
}
{
  time: 4468.158333333334,
  alt: 98998.69538516267,
  vx: 7713.657773592079,
  vy: -190.40298376662227,
  pitch: 26.40503821652698,
  attack: -65.01736655644703,
  mach: 27.685767181970622,
  temperature: 823.6284222227704,
  lift: 0.02098864131359341,
  failed: false
}
{
  time: 4473.383333333333,
  alt: 97999.73083214978,
  vx: 7714.610785773044,
  vy: -191.97026799961512,
  pitch: 31.987727671512488,
  attack: -59.446492735155815,
  mach: 27.80120788629807,
  temperature: 846.5542683257562,
  lift: 0.026781134165702172,
  failed: false
}
{
  time: 4478.575,
  alt: 96999.11887125943,
  vx: 7715.564166417221,
  vy: -193.49125801857934,
  pitch: 36.90549013595146,
  attack: -54.53802334242644,
  mach: 27.901061454652215,
  temperature: 870.2037336405749,
  lift: 0.03401269485435107,
  failed: false
}
{
  time: 4483.725,
  alt: 95998.83682058078,
  vx: 7716.474437351448,
  vy: -194.96227217566442,
  pitch: 32.61132494244286,
  attack: -58.82691581176381,
  mach: 27.985357371552745,
  temperature: 886.9421678030477,
  lift: 0.040590812477888524,
  failed: false
}
{
  time: 4488.833333333333,
  alt: 94999.26666502762,
  vx: 7717.262694850091,
  vy: -196.38237692449133,
  pitch: 27.61754195991749,
  attack: -63.833082761904286,
  mach: 28.054107823725893,
  temperature: 903.8498090323441,
  lift: 0.04516449740794119,
  failed: false
}
{
  time: 4493.908333333334,
  alt: 93999.10142110597,
  vx: 7717.939451975249,
  vy: -197.76300269350972,
  pitch: 27.891269054643104,
  attack: -63.58432115840426,
  mach: 28.10766551402837,
  temperature: 925.0651625825952,
  lift: 0.054613688732290264,
  failed: false
}
{
  time: 4498.95,
  alt: 92998.7314302175,
  vx: 7718.57964384332,
  vy: -199.0679906227923,
  pitch: 32.90229221854027,
  attack: -58.58214005394494,
  mach: 28.146423889307027,
  temperature: 950.5369715303007,
  lift: 0.06809022810396029,
  failed: false
}
{
  time: 4503.958333333333,
  alt: 91998.64116026925,
  vx: 7719.192612243637,
  vy: -200.28847667671042,
  pitch: 35.86046007995779,
  attack: -55.62850235515697,
  mach: 28.17050887799333,
  temperature: 975.3056182897885,
  lift: 0.08463523803821607,
  failed: false
}
{
  time: 4508.933333333333,
  alt: 90999.36611171246,
  vx: 7719.720515659755,
  vy: -201.4155636089904,
  pitch: 35.9542592845125,
  attack: -55.53779330153833,
  mach: 28.179782075067465,
  temperature: 998.0692606584952,
  lift: 0.10179617492963201,
  failed: false
}
{
  time: 4513.883333333333,
  alt: 89999.7637364524,
  vx: 7720.081298652295,
  vy: -202.4493223222615,
  pitch: 32.66739862089149,
  attack: -58.82617696585112,
  mach: 28.181196813699852,
  temperature: 1018.1930099928642,
  lift: 0.12266505229917625,
  failed: false
}
{
  time: 4518.816666666667,
  alt: 88998.71180556456,
  vx: 7720.114717370838,
  vy: -203.3689055986185,
  pitch: 29.164629700774306,
  attack: -62.34156676738696,
  mach: 28.18140688797204,
  temperature: 1038.787072673589,
  lift: 0.14085349431346578,
  failed: false
}
{
  time: 4523.725,
  alt: 87998.46979342647,
  vx: 7719.871203396799,
  vy: -204.17612276861047,
  pitch: 29.64982048383872,
  attack: -61.86980989734557,
  mach: 28.18059630955274,
  temperature: 1063.295206340846,
  lift: 0.17091660435346254,
  failed: false
}
{
  time: 4528.608333333334,
  alt: 86999.74459995006,
  vx: 7719.479181108163,
  vy: -204.83280942529123,
  pitch: 31.708316331706964,
  attack: -59.81086739549333,
  mach: 28.17922973411862,
  temperature: 1089.790057117005,
  lift: 0.20881195283636006,
  failed: false
}
{
  time: 4533.491666666667,
  alt: 85998.32423659746,
  vx: 7718.738586597076,
  vy: -205.27209816329486,
  pitch: 31.458066465604674,
  attack: -60.06534998511302,
  mach: 28.17657073602675,
  temperature: 1114.814257847766,
  lift: 0.2523396780198053,
  failed: false
}
{
  time: 4538.358333333334,
  alt: 84998.67712856627,
  vx: 7717.634093598283,
  vy: -205.50637292315918,
  pitch: 31.464306861927113,
  attack: -60.06099253793072,
  mach: 28.021138551665985,
  temperature: 1138.1441562053392,
  lift: 0.29798519635044196,
  failed: false
}
{
  time: 4543.225,
  alt: 83998.43336278638,
  vx: 7716.11571157067,
  vy: -205.51170414470624,
  pitch: 31.453476772697876,
  attack: -60.07216423398937,
  mach: 27.872253610852074,
  temperature: 1161.6746660283818,
  lift: 0.3512452952739258,
  failed: false
}
{
  time: 4548.091666666666,
  alt: 82998.79304400733,
  vx: 7714.112934787614,
  vy: -205.25190842086255,
  pitch: 31.439726911196484,
  attack: -60.0843782911316,
  mach: 27.723879354766165,
  temperature: 1185.3790602967686,
  lift: 0.4132554389228346,
  failed: false
}
{
  time: 4552.966666666666,
  alt: 81999.43923853693,
  vx: 7711.540016791392,
  vy: -204.684419117071,
  pitch: 31.421760825654694,
  attack: -60.0986356466632,
  mach: 27.575630461965044,
  temperature: 1209.2499713739808,
  lift: 0.48532787828806034,
  failed: false
}
{
  time: 4557.866666666667,
  alt: 80998.60123455878,
  vx: 7708.289310232022,
  vy: -203.7570094409476,
  pitch: 31.398907489085033,
  attack: -60.115237150092916,
  mach: 27.42685531075203,
  temperature: 1233.3131713004684,
  lift: 0.5690928353376987,
  failed: false
}
{
  time: 4562.783333333334,
  alt: 79999.91751028028,
  vx: 7704.251825598422,
  vy: -202.41354886097477,
  pitch: 31.37048319014442,
  attack: -60.13446573887494,
  mach: 27.277644772497357,
  temperature: 1257.4606162709842,
  lift: 0.6658987941455072,
  failed: false
}
{
  time: 4567.75,
  alt: 78998.94604474097,
  vx: 7699.263076870747,
  vy: -200.5764955902975,
  pitch: 31.33545885537928,
  attack: -60.15679814538108,
  mach: 27.12680550752949,
  temperature: 1281.7748001376046,
  lift: 0.7780489761114139,
  failed: false
}
{
  time: 4572.766666666666,
  alt: 77998.5229261371,
  vx: 7693.157444415487,
  vy: -198.16409968710875,
  pitch: 31.29286087651306,
  attack: -60.18261968185196,
  mach: 26.974133379291587,
  temperature: 1306.1565413994385,
  lift: 0.9073490026575853,
  failed: false
}
{
  time: 4577.85,
  alt: 76998.75047909498,
  vx: 7685.720870719008,
  vy: -195.07421679752278,
  pitch: 31.241466047800195,
  attack: -60.212415864588145,
  mach: 26.818893270912934,
  temperature: 1330.5654414100568,
  lift: 1.0560595561330295,
  failed: false
}
{
  time: 4583.025,
  alt: 75998.97532621225,
  vx: 7676.681510073339,
  vy: -191.17925506968567,
  pitch: 31.17977977793214,
  attack: -60.24675464620373,
  mach: 26.660066571469596,
  temperature: 1354.9702895103483,
  lift: 1.22678751091513,
  failed: false
}
{
  time: 4588.316666666667,
  alt: 74999.75162017527,
  vx: 7665.7083435387985,
  vy: -186.3258840267594,
  pitch: 31.106088892700036,
  attack: -60.28622622177147,
  mach: 26.49660219368682,
  temperature: 1379.2979865140633,
  lift: 1.4221624648839248,
  failed: false
}
{
  time: 4593.775,
  alt: 73998.66970812525,
  vx: 7652.336194989322,
  vy: -180.30291064452229,
  pitch: 31.018056456006057,
  attack: -60.33161334357866,
  mach: 26.326639358350935,
  temperature: 1403.53005586901,
  lift: 1.6456449560306117,
  failed: false
}
{
  time: 4599.433333333333,
  alt: 72998.88537502401,
  vx: 7636.0314253215565,
  vy: -172.87302984727506,
  pitch: 30.9133098748087,
  attack: -60.38351470527713,
  mach: 26.148801501936003,
  temperature: 1427.4883920219784,
  lift: 1.8996224592038915,
  failed: false
}
{
  time: 4605.366666666667,
  alt: 71999.68176446333,
  vx: 7616.0061655384725,
  vy: -163.69384744966817,
  pitch: 30.788470121500254,
  attack: -60.44273502208891,
  mach: 25.96039223334571,
  temperature: 1451.0524144564667,
  lift: 2.187268048247142,
  failed: false
}
{
  time: 4611.691666666667,
  alt: 70999.50671304071,
  vx: 7591.131138611624,
  vy: -152.29079759660274,
  pitch: 30.640105865112314,
  attack: -60.509100972144054,
  mach: 25.72025786437893,
  temperature: 1473.5025877554122,
  lift: 2.5042732028776427,
  failed: false
}
{
  time: 4618.575,
  alt: 69999.27324119993,
  vx: 7559.7904879994485,
  vy: -138.01366603927056,
  pitch: 30.462913842623003,
  attack: -60.582888149560056,
  mach: 25.452886827675552,
  temperature: 1494.8580899688384,
  lift: 2.8548438301652137,
  failed: false
}
{
  time: 4626.325,
  alt: 68999.09146270218,
  vx: 7519.114662214997,
  vy: -119.7252618331619,
  pitch: 30.24692137943205,
  attack: -60.66522361286334,
  mach: 25.1584097219671,
  temperature: 1514.7545191321428,
  lift: 3.2402314041993536,
  failed: false
}
{
  time: 4635.608333333334,
  alt: 67999.67570977857,
  vx: 7463.212436441581,
  vy: -95.16226808786415,
  pitch: 29.974604806853044,
  attack: -60.75585034600279,
  mach: 24.81779006083463,
  temperature: 1532.1855102867332,
  lift: 3.6554118365132524,
  failed: false
}
{
  time: 4636.183333333333,
  alt: 67945.41700981486,
  vx: 7459.501769229163,
  vy: -93.55667864707117,
  pitch: 29.957795279548087,
  attack: -60.76098412713179,
  mach: 24.797191375679507,
  temperature: 1533.0238411920318,
  lift: 4.352354877749334,
  failed: true
}
