
 RUN  v4.1.11 /Users/stevewang/dev/StarShipSimulator-realism

 ❯ |unit| tests/core/body-axis-aero.test.ts (10 tests | 4 failed) 11ms
   × uses geometric crossflow drag at hypersonic broadside instead of the 2021 blend 4ms
     × has exactly the cylinder crossflow drag and no lift at broadside 0ms
     × keeps the low-speed Figure4 factor and recovers hypersonic unity 0ms
     × uses the predeclared bridge, without fitting a transonic dip 0ms

⎯⎯⎯⎯⎯⎯⎯ Failed Tests 4 ⎯⎯⎯⎯⎯⎯⎯

 FAIL  |unit| tests/core/body-axis-aero.test.ts > uses geometric crossflow drag at hypersonic broadside instead of the 2021 blend
AssertionError: expected 0.7728 to be close to 1.226666666666667, received difference is 0.453866666666667, but expected 5e-10
 ❯ tests/core/body-axis-aero.test.ts:22:83
     20|   const q = 0.5 * next.atmosphere.airDensity * 3_000 ** 2;
     21|   // R-474 p17: hypersonic eta=1; Newtonian cylinder coefficient 1.226…
     22|   expect(next.forces.aerodynamicDrag / (q * next.vehicle.vehicleInFlig…
       |                                                                                   ^
     23|   expect(Math.abs(next.forces.aerodynamicLiftAcceleration)).toBeLessTh…
     24| });

⎯⎯⎯⎯⎯⎯⎯⎯⎯⎯⎯⎯⎯⎯⎯⎯⎯⎯⎯⎯⎯⎯⎯⎯[1/4]⎯

 FAIL  |unit| tests/core/body-axis-aero.test.ts > body-axis forces over the full attitude domain > has exactly the cylinder crossflow drag and no lift at broadside
AssertionError: expected 3.4776 to be close to 5.52, received difference is 2.0423999999999998, but expected 5e-11
 ❯ tests/core/body-axis-aero.test.ts:42:22
     40|   it('has exactly the cylinder crossflow drag and no lift at broadside…
     41|     force(Math.PI / 2);
     42|     expect(out.drag).toBeCloseTo(5.52, 10);
       |                      ^
     43|     expect(out.lift).toBeLessThan(1e-12);
     44|   });

⎯⎯⎯⎯⎯⎯⎯⎯⎯⎯⎯⎯⎯⎯⎯⎯⎯⎯⎯⎯⎯⎯⎯⎯[2/4]⎯

 FAIL  |unit| tests/core/body-axis-aero.test.ts > the approved finite-length crossflow factor > keeps the low-speed Figure4 factor and recovers hypersonic unity
AssertionError: expected 0.63 to be close to 1, received difference is 0.37, but expected 5e-13
 ❯ tests/core/body-axis-aero.test.ts:96:22
     94|     expect(eta(0)).toBeCloseTo(0.63, 12);
     95|     expect(eta(0.4)).toBeCloseTo(0.63, 12);
     96|     expect(eta(1.6)).toBeCloseTo(1, 12);
       |                      ^
     97|     expect(eta(10)).toBeCloseTo(1, 12);
     98|   });

⎯⎯⎯⎯⎯⎯⎯⎯⎯⎯⎯⎯⎯⎯⎯⎯⎯⎯⎯⎯⎯⎯⎯⎯[3/4]⎯

 FAIL  |unit| tests/core/body-axis-aero.test.ts > the approved finite-length crossflow factor > uses the predeclared bridge, without fitting a transonic dip
AssertionError: expected 0.6300000000000001 to be close to 0.6878125, received difference is 0.05781249999999993, but expected 5e-13
 ❯ tests/core/body-axis-aero.test.ts:100:22
     98|   });
     99|   it('uses the predeclared bridge, without fitting a transonic dip', (…
    100|     expect(eta(0.7)).toBeCloseTo(0.6878125, 12);
       |                      ^
    101|     expect(eta(1)).toBeCloseTo(0.815, 12);
    102|     expect(eta(1.3)).toBeCloseTo(0.9421875, 12);

⎯⎯⎯⎯⎯⎯⎯⎯⎯⎯⎯⎯⎯⎯⎯⎯⎯⎯⎯⎯⎯⎯⎯⎯[4/4]⎯


 Test Files  1 failed (1)
      Tests  4 failed | 6 passed (10)
   Start at  21:15:45
   Duration  248ms (transform 105ms, setup 0ms, import 125ms, tests 11ms, environment 0ms)

