
 RUN  v4.1.11 /Users/stevewang/dev/StarShipSimulator-realism

 ❯ |unit| tests/view/dynamic-pressure.test.ts (19 tests | 1 failed) 17ms
     × holds its attitude, which is the premise the pixel comparison rests on 3ms
 ❯ |unit| tests/hud/debrief.test.ts (51 tests | 3 failed) 7348ms
     × breaks up, and says why 3ms
     × and hides the landing figures, which never happened 0ms
     × and the peak it broke on is at or past the limit it broke on 1ms

⎯⎯⎯⎯⎯⎯⎯ Failed Tests 4 ⎯⎯⎯⎯⎯⎯⎯

 FAIL  |unit| tests/hud/debrief.test.ts > a break-up is not a landing, and the card does not pretend otherwise > breaks up, and says why
AssertionError: expected [ 'structural limits exceeded' ] to include 'over the dynamic-pressure limit'
 ❯ tests/hud/debrief.test.ts:372:26
    370|     // Q is what does it at 4 km/s and 20 km, and the card should say …
    371|     // than reach for the catch-all.
    372|     expect(card.reasons).toContain('over the dynamic-pressure limit');
       |                          ^
    373|     expect(card.reasons).not.toContain('structural limits exceeded');
    374|   });

⎯⎯⎯⎯⎯⎯⎯⎯⎯⎯⎯⎯⎯⎯⎯⎯⎯⎯⎯⎯⎯⎯⎯⎯[1/4]⎯

 FAIL  |unit| tests/hud/debrief.test.ts > a break-up is not a landing, and the card does not pretend otherwise > and hides the landing figures, which never happened
AssertionError: expected 0 to be greater than 0
 ❯ tests/hud/debrief.test.ts:382:43
    380|     // measured — but the flag is what tells the view not to draw four…
    381|     // that would read as a verdict on a landing nobody attempted.
    382|     expect(Math.abs(card.vertical.value)).toBeGreaterThan(0);
       |                                           ^
    383|   });
    384|

⎯⎯⎯⎯⎯⎯⎯⎯⎯⎯⎯⎯⎯⎯⎯⎯⎯⎯⎯⎯⎯⎯⎯⎯[2/4]⎯

 FAIL  |unit| tests/hud/debrief.test.ts > a break-up is not a landing, and the card does not pretend otherwise > and the peak it broke on is at or past the limit it broke on
AssertionError: expected false to be true // Object.is equality

- Expected
+ Received

- true
+ false

 ❯ tests/hud/debrief.test.ts:390:33
    388|     // showed a sub-limit figure in alarm red.
    389|     const { card } = comeApart();
    390|     expect(card.peakQ.exceeded).toBe(true);
       |                                 ^
    391|     expect(card.peakQ.value).toBeGreaterThan(card.peakQ.limit);
    392|     expect(card.peakQ.fraction).toBeGreaterThan(1);

⎯⎯⎯⎯⎯⎯⎯⎯⎯⎯⎯⎯⎯⎯⎯⎯⎯⎯⎯⎯⎯⎯⎯⎯[3/4]⎯

 FAIL  |unit| tests/view/dynamic-pressure.test.ts > the state the shake spec flies > holds its attitude, which is the premise the pixel comparison rests on
AssertionError: up to 6.38 deg/s: expected 6.383978065182248 to be less than 6
 ❯ tests/view/dynamic-pressure.test.ts:343:58
    341|       ...WINDOW.slice(1).map((r, i) => Math.abs(r.pitch - WINDOW[i]!.p…
    342|     );
    343|     expect(fastest, `up to ${fastest.toFixed(2)} deg/s`).toBeLessThan(…
       |                                                          ^
    344|   });
    345|

⎯⎯⎯⎯⎯⎯⎯⎯⎯⎯⎯⎯⎯⎯⎯⎯⎯⎯⎯⎯⎯⎯⎯⎯[4/4]⎯


 Test Files  2 failed (2)
      Tests  4 failed | 66 passed (70)
   Start at  23:24:11
   Duration  7.61s (transform 268ms, setup 0ms, import 1.75s, tests 7.37s, environment 0ms)

