
 RUN  v4.1.11 /Users/stevewang/dev/StarShipSimulator-realism

 ❯ |unit| tests/flies-every-scenario.test.ts (17 tests | 2 failed) 3774ms
     × reentry: auto-land landed 444ms
     × reentry: survives the heat it now actually meets 439ms
 ❯ |unit| tests/core/deorbit-range.test.ts (6 tests | 4 failed) 5954ms
     × within 1 km of the pad 2ms
     × engine 0 out 2163ms
     × engine 1 out 1871ms
     × engine 2 out 1916ms
 ❯ |unit| tests/core/orbit-demo.test.ts (31 tests | 9 failed) 13568ms
     × flies the sequence it is supposed to: coast, burn, hand over, descend 3ms
     × and the entry is managed, not merely survived 0ms
     × survives the entry and lands at StarBase 2ms
     × THE NUMBER: within 10 km of the pad, from a flight it was not fitted to 0ms
     × and it is ninety minutes of flight, not a shortcut 0ms
     × from a different starting longitude — half a lap further round 2642ms
     × with an engine already failed, so the burn is a third longer 1534ms
     × from 120 km, below the presets 1565ms
     × from 300 km it still lands, but the envelope is showing 717ms

⎯⎯⎯⎯⎯⎯ Failed Tests 15 ⎯⎯⎯⎯⎯⎯⎯

 FAIL  |unit| tests/flies-every-scenario.test.ts > the autopilot flies the ones it is meant to > reentry: auto-land landed
AssertionError: reentry after 900.0 s: expected 'flying' to be 'landed' // Object.is equality

Expected: "landed"
Received: "flying"

 ❯ tests/flies-every-scenario.test.ts:114:76
    112|       assertFinite(result.state, id);
    113|
    114|       expect(result.outcome, `${id} after ${result.seconds.toFixed(1)}…
       |                                                                            ^
    115|       if (expected === 'landed') {
    116|         // Landed means landed, not "stopped moving": within the touch…

⎯⎯⎯⎯⎯⎯⎯⎯⎯⎯⎯⎯⎯⎯⎯⎯⎯⎯⎯⎯⎯⎯⎯[1/15]⎯

 FAIL  |unit| tests/flies-every-scenario.test.ts > the autopilot flies the ones it is meant to > reentry: survives the heat it now actually meets
AssertionError: after 0.0 s: expected 'flying' to be 'landed' // Object.is equality

Expected: "landed"
Received: "flying"

 ❯ tests/flies-every-scenario.test.ts:146:54
    144|     assertFinite(s, 'reentry');
    145|
    146|     expect(outcome, `after ${seconds.toFixed(1)} s`).toBe('landed');
       |                                                      ^
    147|     // Since Phase 6 the limit is a tile temperature (1,533 K) and T g…
    148|     // q^1/4, so "60-100% of the limit" would pass almost anything. Ba…

⎯⎯⎯⎯⎯⎯⎯⎯⎯⎯⎯⎯⎯⎯⎯⎯⎯⎯⎯⎯⎯⎯⎯[2/15]⎯

 FAIL  |unit| tests/core/deorbit-range.test.ts > the deorbit aim matches the autoLand it aims for > within 1 km of the pad
AssertionError: missed by -2.52 km; re-derive with npm run deorbit:range: expected 2516.3094409666955 to be less than 1000
 ❯ tests/core/deorbit-range.test.ts:22:114
     20|
     21|   it('within 1 km of the pad', () => {
     22|     expect(Math.abs(m.miss), `missed by ${(m.miss / 1000).toFixed(2)} …
       |                                                                                                                  ^
     23|   });
     24| });

⎯⎯⎯⎯⎯⎯⎯⎯⎯⎯⎯⎯⎯⎯⎯⎯⎯⎯⎯⎯⎯⎯⎯[3/15]⎯

 FAIL  |unit| tests/core/deorbit-range.test.ts > an engine out on the deorbit still lands, with the reserve doing its job > engine 0 out
AssertionError: 1.911 t left: expected 1.9114877208792307 to be greater than 2.25
 ❯ tests/core/deorbit-range.test.ts:40:63
     38|     });
     39|     expect(m.outcome).toBe('landed');
     40|     expect(m.propellant, `${m.propellant.toFixed(3)} t left`).toBeGrea…
       |                                                               ^
     41|   });
     42|

⎯⎯⎯⎯⎯⎯⎯⎯⎯⎯⎯⎯⎯⎯⎯⎯⎯⎯⎯⎯⎯⎯⎯[4/15]⎯

 FAIL  |unit| tests/core/deorbit-range.test.ts > an engine out on the deorbit still lands, with the reserve doing its job > engine 1 out
AssertionError: 1.876 t left: expected 1.8760943993752706 to be greater than 2.25
 ❯ tests/core/deorbit-range.test.ts:40:63
     38|     });
     39|     expect(m.outcome).toBe('landed');
     40|     expect(m.propellant, `${m.propellant.toFixed(3)} t left`).toBeGrea…
       |                                                               ^
     41|   });
     42|

⎯⎯⎯⎯⎯⎯⎯⎯⎯⎯⎯⎯⎯⎯⎯⎯⎯⎯⎯⎯⎯⎯⎯[5/15]⎯

 FAIL  |unit| tests/core/deorbit-range.test.ts > an engine out on the deorbit still lands, with the reserve doing its job > engine 2 out
AssertionError: 1.897 t left: expected 1.8966999924578163 to be greater than 2.25
 ❯ tests/core/deorbit-range.test.ts:40:63
     38|     });
     39|     expect(m.outcome).toBe('landed');
     40|     expect(m.propellant, `${m.propellant.toFixed(3)} t left`).toBeGrea…
       |                                                               ^
     41|   });
     42|

⎯⎯⎯⎯⎯⎯⎯⎯⎯⎯⎯⎯⎯⎯⎯⎯⎯⎯⎯⎯⎯⎯⎯[6/15]⎯

 FAIL  |unit| tests/core/orbit-demo.test.ts > step 3 — deorbit and land at StarBase > flies the sequence it is supposed to: coast, burn, hand over, descend
AssertionError: coasted most of a lap before firing: expected 1348.4166666666667 to be greater than 1500
 ❯ tests/core/orbit-demo.test.ts:269:73
    267|     // Not merely "it landed" — that could happen by accident. The pha…
    268|     // have run, in order, at the times the design says.
    269|     expect(flight.burnStartedAt, 'coasted most of a lap before firing'…
       |                                                                         ^
    270|     expect(flight.handedOverAt, 'handed over shortly after the burn').…
    271|       flight.burnStartedAt,

⎯⎯⎯⎯⎯⎯⎯⎯⎯⎯⎯⎯⎯⎯⎯⎯⎯⎯⎯⎯⎯⎯⎯[7/15]⎯

 FAIL  |unit| tests/core/orbit-demo.test.ts > step 3 — deorbit and land at StarBase > and the entry is managed, not merely survived
AssertionError: peak skin temperature, K: expected 1515.454216783631 to be close to 1459, received difference is 56.454216783630955, but expected 5
 ❯ tests/core/orbit-demo.test.ts:293:77
    291|     // orbit should be the hardest thing the vehicle does.
    292|     expect(flight.peakHeat).toBeLessThan(C.heatLimit);
    293|     expect(surfaceTemperature(flight.peakHeat), 'peak skin temperature…
       |                                                                             ^
    294|   });
    295|

⎯⎯⎯⎯⎯⎯⎯⎯⎯⎯⎯⎯⎯⎯⎯⎯⎯⎯⎯⎯⎯⎯⎯[8/15]⎯

 FAIL  |unit| tests/core/orbit-demo.test.ts > THE WHOLE DEMO, end to end — the M2.9 acceptance line > survives the entry and lands at StarBase
AssertionError: after 77.3 min: expected 'brokeUp' to be 'landed' // Object.is equality

Expected: "landed"
Received: "brokeUp"

 ❯ tests/core/orbit-demo.test.ts:358:87
    356|
    357|   it('survives the entry and lands at StarBase', () => {
    358|     expect(demo.flight.outcome, `after ${(demo.flight.seconds / 60).to…
       |                                                                                       ^
    359|     expect(demo.flight.peakHeat).toBeLessThan(C.heatLimit);
    360|   });

⎯⎯⎯⎯⎯⎯⎯⎯⎯⎯⎯⎯⎯⎯⎯⎯⎯⎯⎯⎯⎯⎯⎯[9/15]⎯

 FAIL  |unit| tests/core/orbit-demo.test.ts > THE WHOLE DEMO, end to end — the M2.9 acceptance line > THE NUMBER: within 10 km of the pad, from a flight it was not fitted to
AssertionError: missed by -3878.81 km: expected 3878809.147127388 to be less than 10000
 ❯ tests/core/orbit-demo.test.ts:369:7
    367|       Math.abs(demo.flight.miss),
    368|       `missed by ${(demo.flight.miss / 1000).toFixed(2)} km`,
    369|     ).toBeLessThan(10_000);
       |       ^
    370|   });
    371|

⎯⎯⎯⎯⎯⎯⎯⎯⎯⎯⎯⎯⎯⎯⎯⎯⎯⎯⎯⎯⎯⎯[10/15]⎯

 FAIL  |unit| tests/core/orbit-demo.test.ts > THE WHOLE DEMO, end to end — the M2.9 acceptance line > and it is ninety minutes of flight, not a shortcut
AssertionError: expected 77.2648611111111 to be greater than 85
 ❯ tests/core/orbit-demo.test.ts:373:38
    371|
    372|   it('and it is ninety minutes of flight, not a shortcut', () => {
    373|     expect(demo.flight.seconds / 60).toBeGreaterThan(85);
       |                                      ^
    374|     expect(demo.flight.state.status.landed).toBe(true);
    375|   });

⎯⎯⎯⎯⎯⎯⎯⎯⎯⎯⎯⎯⎯⎯⎯⎯⎯⎯⎯⎯⎯⎯[11/15]⎯

 FAIL  |unit| tests/core/orbit-demo.test.ts > the guidance works from orbits it was never calibrated on > from a different starting longitude — half a lap further round
AssertionError: missed by -164.4 km: expected 164366.3117879629 to be less than 20000
 ❯ tests/core/orbit-demo.test.ts:405:76
    403|     });
    404|     expect(f.outcome).toBe('landed');
    405|     expect(Math.abs(f.miss), `missed by ${(f.miss / 1000).toFixed(1)} …
       |                                                                            ^
    406|   });
    407|

⎯⎯⎯⎯⎯⎯⎯⎯⎯⎯⎯⎯⎯⎯⎯⎯⎯⎯⎯⎯⎯⎯[12/15]⎯

 FAIL  |unit| tests/core/orbit-demo.test.ts > the guidance works from orbits it was never calibrated on > with an engine already failed, so the burn is a third longer
AssertionError: missed by 40.0 km: expected 40019.02004333213 to be less than 20000
 ❯ tests/core/orbit-demo.test.ts:422:76
    420|     });
    421|     expect(f.outcome).toBe('landed');
    422|     expect(Math.abs(f.miss), `missed by ${(f.miss / 1000).toFixed(1)} …
       |                                                                            ^
    423|   });
    424|

⎯⎯⎯⎯⎯⎯⎯⎯⎯⎯⎯⎯⎯⎯⎯⎯⎯⎯⎯⎯⎯⎯[13/15]⎯

 FAIL  |unit| tests/core/orbit-demo.test.ts > the guidance works from orbits it was never calibrated on > from 120 km, below the presets
AssertionError: missed by 232.7 km: expected 232677.90287187696 to be less than 40000
 ❯ tests/core/orbit-demo.test.ts:428:76
    426|     const f = from(circularAtAltitude(120_000));
    427|     expect(f.outcome).toBe('landed');
    428|     expect(Math.abs(f.miss), `missed by ${(f.miss / 1000).toFixed(1)} …
       |                                                                            ^
    429|   });
    430|

⎯⎯⎯⎯⎯⎯⎯⎯⎯⎯⎯⎯⎯⎯⎯⎯⎯⎯⎯⎯⎯⎯[14/15]⎯

 FAIL  |unit| tests/core/orbit-demo.test.ts > the guidance works from orbits it was never calibrated on > from 300 km it still lands, but the envelope is showing
AssertionError: expected 'brokeUp' to be 'landed' // Object.is equality

Expected: "landed"
Received: "brokeUp"

 ❯ tests/core/orbit-demo.test.ts:436:23
    434|     // is here so that reason stays measured rather than remembered.
    435|     const f = from(circularAtAltitude(300_000));
    436|     expect(f.outcome).toBe('landed');
       |                       ^
    437|     expect(Math.abs(f.miss)).toBeLessThan(150_000);
    438|     expect(f.peakHeat / C.heatLimit, 'entry heating from 300 km').toBe…

⎯⎯⎯⎯⎯⎯⎯⎯⎯⎯⎯⎯⎯⎯⎯⎯⎯⎯⎯⎯⎯⎯[15/15]⎯


 Test Files  3 failed (3)
      Tests  15 failed | 39 passed (54)
   Start at  20:16:14
   Duration  18.44s (transform 244ms, setup 0ms, import 7.18s, tests 23.30s, environment 0ms)

