
> starship-simulator-v2@0.1.0 test
> vitest run


 RUN  v4.1.11 /Users/stevewang/dev/StarShipSimulator-realism

(node:80831) Warning: `--localstorage-file` was provided without a valid path
(Use `node --trace-warnings ...` to show where the warning was created)
Not implemented: HTMLCanvasElement's getContext() method: without installing the canvas npm package
(node:80833) Warning: `--localstorage-file` was provided without a valid path
(Use `node --trace-warnings ...` to show where the warning was created)
Not implemented: HTMLCanvasElement's getContext() method: without installing the canvas npm package
Not implemented: HTMLCanvasElement's getContext() method: without installing the canvas npm package
(node:80830) Warning: `--localstorage-file` was provided without a valid path
(Use `node --trace-warnings ...` to show where the warning was created)
Not implemented: HTMLCanvasElement's getContext() method: without installing the canvas npm package
Not implemented: HTMLCanvasElement's getContext() method: without installing the canvas npm package
Not implemented: HTMLCanvasElement's getContext() method: without installing the canvas npm package
Not implemented: HTMLCanvasElement's getContext() method: without installing the canvas npm package
Not implemented: HTMLCanvasElement's getContext() method: without installing the canvas npm package
Not implemented: HTMLCanvasElement's getContext() method: without installing the canvas npm package
Not implemented: HTMLCanvasElement's getContext() method: without installing the canvas npm package
Not implemented: HTMLCanvasElement's getContext() method: without installing the canvas npm package
Not implemented: HTMLCanvasElement's getContext() method: without installing the canvas npm package
Not implemented: HTMLCanvasElement's getContext() method: without installing the canvas npm package
(node:80834) Warning: `--localstorage-file` was provided without a valid path
(Use `node --trace-warnings ...` to show where the warning was created)
(node:80832) Warning: `--localstorage-file` was provided without a valid path
(Use `node --trace-warnings ...` to show where the warning was created)
(node:80837) Warning: `--localstorage-file` was provided without a valid path
(Use `node --trace-warnings ...` to show where the warning was created)
(node:80838) Warning: `--localstorage-file` was provided without a valid path
(Use `node --trace-warnings ...` to show where the warning was created)
(node:80839) Warning: `--localstorage-file` was provided without a valid path
(Use `node --trace-warnings ...` to show where the warning was created)
(node:80840) Warning: `--localstorage-file` was provided without a valid path
(Use `node --trace-warnings ...` to show where the warning was created)
(node:80841) Warning: `--localstorage-file` was provided without a valid path
(Use `node --trace-warnings ...` to show where the warning was created)
(node:80842) Warning: `--localstorage-file` was provided without a valid path
(Use `node --trace-warnings ...` to show where the warning was created)
(node:80844) Warning: `--localstorage-file` was provided without a valid path
(Use `node --trace-warnings ...` to show where the warning was created)
(node:80843) Warning: `--localstorage-file` was provided without a valid path
(Use `node --trace-warnings ...` to show where the warning was created)
(node:80845) Warning: `--localstorage-file` was provided without a valid path
(Use `node --trace-warnings ...` to show where the warning was created)
(node:80846) Warning: `--localstorage-file` was provided without a valid path
(Use `node --trace-warnings ...` to show where the warning was created)
(node:80847) Warning: `--localstorage-file` was provided without a valid path
(Use `node --trace-warnings ...` to show where the warning was created)
(node:80848) Warning: `--localstorage-file` was provided without a valid path
(Use `node --trace-warnings ...` to show where the warning was created)
(node:80849) Warning: `--localstorage-file` was provided without a valid path
(Use `node --trace-warnings ...` to show where the warning was created)
(node:80850) Warning: `--localstorage-file` was provided without a valid path
(Use `node --trace-warnings ...` to show where the warning was created)
(node:80851) Warning: `--localstorage-file` was provided without a valid path
(Use `node --trace-warnings ...` to show where the warning was created)
(node:80852) Warning: `--localstorage-file` was provided without a valid path
(Use `node --trace-warnings ...` to show where the warning was created)
(node:80853) Warning: `--localstorage-file` was provided without a valid path
(Use `node --trace-warnings ...` to show where the warning was created)
(node:80854) Warning: `--localstorage-file` was provided without a valid path
(Use `node --trace-warnings ...` to show where the warning was created)
(node:80856) Warning: `--localstorage-file` was provided without a valid path
(Use `node --trace-warnings ...` to show where the warning was created)
(node:80857) Warning: `--localstorage-file` was provided without a valid path
(Use `node --trace-warnings ...` to show where the warning was created)
(node:80855) Warning: `--localstorage-file` was provided without a valid path
(Use `node --trace-warnings ...` to show where the warning was created)
(node:80858) Warning: `--localstorage-file` was provided without a valid path
(Use `node --trace-warnings ...` to show where the warning was created)
(node:80859) Warning: `--localstorage-file` was provided without a valid path
(Use `node --trace-warnings ...` to show where the warning was created)
(node:80860) Warning: `--localstorage-file` was provided without a valid path
(Use `node --trace-warnings ...` to show where the warning was created)
 ❯ |unit| tests/golden/replay.test.ts (17 tests | 8 failed) 2268ms
     × replays field for field, sample for sample 12ms
     × replays field for field, sample for sample 1ms
     × replays field for field, sample for sample 1ms
     × replays field for field, sample for sample 1ms
     × replays field for field, sample for sample 1ms
     × replays field for field, sample for sample 1ms
     × replays field for field, sample for sample 1ms
     × replays field for field, sample for sample 1ms
Not implemented: HTMLCanvasElement's getContext() method: without installing the canvas npm package
Not implemented: HTMLCanvasElement's getContext() method: without installing the canvas npm package
Not implemented: HTMLCanvasElement's getContext() method: without installing the canvas npm package
Not implemented: HTMLCanvasElement's getContext() method: without installing the canvas npm package
Not implemented: HTMLCanvasElement's getContext() method: without installing the canvas npm package
Not implemented: HTMLCanvasElement's getContext() method: without installing the canvas npm package
Not implemented: HTMLCanvasElement's getContext() method: without installing the canvas npm package
Not implemented: HTMLCanvasElement's getContext() method: without installing the canvas npm package
Not implemented: HTMLCanvasElement's getContext() method: without installing the canvas npm package

⎯⎯⎯⎯⎯⎯⎯ Failed Tests 8 ⎯⎯⎯⎯⎯⎯⎯

 FAIL  |unit| tests/golden/replay.test.ts > 'launch-pad-takeoff' > replays field for field, sample for sample
AssertionError: launch-pad-takeoff: SimState shape changed: expected [ 'atmosphere.airDensity', …(158) ] to deeply equal [ 'atmosphere.airDensity', …(156) ]

- Expected
+ Received

@@ -22,10 +22,12 @@
    "autopilot.deorbitBurnStarted",
    "autopilot.deorbitInitCompleted",
    "autopilot.deorbitTargetSpeed",
    "autopilot.distanceToGround",
    "autopilot.effectiveVerticalMaxThrust",
+   "autopilot.entryRangeCountdown",
+   "autopilot.entryRangeTrim",
    "autopilot.finalDescentStageCompleted",
    "autopilot.finalDescentStageInitialised",
    "autopilot.finalStagePessimisticAltitude",
    "autopilot.fineTunePercentage",
    "autopilot.flipCompleted",

 ❯ expectSampleMatches tests/golden/replay.test.ts:76:55
     74|   const expectedKeys = Object.keys(expected!).sort();
     75|   const actualKeys = Object.keys(actual).sort();
     76|   expect(actualKeys, `${id}: SimState shape changed`).toEqual(expected…
       |                                                       ^
     77|
     78|   for (const key of expectedKeys) {
 ❯ tests/golden/replay.test.ts:51:5

⎯⎯⎯⎯⎯⎯⎯⎯⎯⎯⎯⎯⎯⎯⎯⎯⎯⎯⎯⎯⎯⎯⎯⎯[1/8]⎯

 FAIL  |unit| tests/golden/replay.test.ts > 'booster-sep-boostback' > replays field for field, sample for sample
AssertionError: booster-sep-boostback: SimState shape changed: expected [ 'atmosphere.airDensity', …(158) ] to deeply equal [ 'atmosphere.airDensity', …(156) ]

- Expected
+ Received

@@ -22,10 +22,12 @@
    "autopilot.deorbitBurnStarted",
    "autopilot.deorbitInitCompleted",
    "autopilot.deorbitTargetSpeed",
    "autopilot.distanceToGround",
    "autopilot.effectiveVerticalMaxThrust",
+   "autopilot.entryRangeCountdown",
+   "autopilot.entryRangeTrim",
    "autopilot.finalDescentStageCompleted",
    "autopilot.finalDescentStageInitialised",
    "autopilot.finalStagePessimisticAltitude",
    "autopilot.fineTunePercentage",
    "autopilot.flipCompleted",

 ❯ expectSampleMatches tests/golden/replay.test.ts:76:55
     74|   const expectedKeys = Object.keys(expected!).sort();
     75|   const actualKeys = Object.keys(actual).sort();
     76|   expect(actualKeys, `${id}: SimState shape changed`).toEqual(expected…
       |                                                       ^
     77|
     78|   for (const key of expectedKeys) {
 ❯ tests/golden/replay.test.ts:51:5

⎯⎯⎯⎯⎯⎯⎯⎯⎯⎯⎯⎯⎯⎯⎯⎯⎯⎯⎯⎯⎯⎯⎯⎯[2/8]⎯

 FAIL  |unit| tests/golden/replay.test.ts > 'rtls-boostback' > replays field for field, sample for sample
AssertionError: rtls-boostback: SimState shape changed: expected [ 'atmosphere.airDensity', …(158) ] to deeply equal [ 'atmosphere.airDensity', …(156) ]

- Expected
+ Received

@@ -22,10 +22,12 @@
    "autopilot.deorbitBurnStarted",
    "autopilot.deorbitInitCompleted",
    "autopilot.deorbitTargetSpeed",
    "autopilot.distanceToGround",
    "autopilot.effectiveVerticalMaxThrust",
+   "autopilot.entryRangeCountdown",
+   "autopilot.entryRangeTrim",
    "autopilot.finalDescentStageCompleted",
    "autopilot.finalDescentStageInitialised",
    "autopilot.finalStagePessimisticAltitude",
    "autopilot.fineTunePercentage",
    "autopilot.flipCompleted",

 ❯ expectSampleMatches tests/golden/replay.test.ts:76:55
     74|   const expectedKeys = Object.keys(expected!).sort();
     75|   const actualKeys = Object.keys(actual).sort();
     76|   expect(actualKeys, `${id}: SimState shape changed`).toEqual(expected…
       |                                                       ^
     77|
     78|   for (const key of expectedKeys) {
 ❯ tests/golden/replay.test.ts:51:5

⎯⎯⎯⎯⎯⎯⎯⎯⎯⎯⎯⎯⎯⎯⎯⎯⎯⎯⎯⎯⎯⎯⎯⎯[3/8]⎯

 FAIL  |unit| tests/golden/replay.test.ts > 'reentry-autoland' > replays field for field, sample for sample
AssertionError: reentry-autoland: SimState shape changed: expected [ 'atmosphere.airDensity', …(158) ] to deeply equal [ 'atmosphere.airDensity', …(156) ]

- Expected
+ Received

@@ -22,10 +22,12 @@
    "autopilot.deorbitBurnStarted",
    "autopilot.deorbitInitCompleted",
    "autopilot.deorbitTargetSpeed",
    "autopilot.distanceToGround",
    "autopilot.effectiveVerticalMaxThrust",
+   "autopilot.entryRangeCountdown",
+   "autopilot.entryRangeTrim",
    "autopilot.finalDescentStageCompleted",
    "autopilot.finalDescentStageInitialised",
    "autopilot.finalStagePessimisticAltitude",
    "autopilot.fineTunePercentage",
    "autopilot.flipCompleted",

 ❯ expectSampleMatches tests/golden/replay.test.ts:76:55
     74|   const expectedKeys = Object.keys(expected!).sort();
     75|   const actualKeys = Object.keys(actual).sort();
     76|   expect(actualKeys, `${id}: SimState shape changed`).toEqual(expected…
       |                                                       ^
     77|
     78|   for (const key of expectedKeys) {
 ❯ tests/golden/replay.test.ts:51:5

⎯⎯⎯⎯⎯⎯⎯⎯⎯⎯⎯⎯⎯⎯⎯⎯⎯⎯⎯⎯⎯⎯⎯⎯[4/8]⎯

 FAIL  |unit| tests/golden/replay.test.ts > 'before-flip-autoland' > replays field for field, sample for sample
AssertionError: before-flip-autoland: SimState shape changed: expected [ 'atmosphere.airDensity', …(158) ] to deeply equal [ 'atmosphere.airDensity', …(156) ]

- Expected
+ Received

@@ -22,10 +22,12 @@
    "autopilot.deorbitBurnStarted",
    "autopilot.deorbitInitCompleted",
    "autopilot.deorbitTargetSpeed",
    "autopilot.distanceToGround",
    "autopilot.effectiveVerticalMaxThrust",
+   "autopilot.entryRangeCountdown",
+   "autopilot.entryRangeTrim",
    "autopilot.finalDescentStageCompleted",
    "autopilot.finalDescentStageInitialised",
    "autopilot.finalStagePessimisticAltitude",
    "autopilot.fineTunePercentage",
    "autopilot.flipCompleted",

 ❯ expectSampleMatches tests/golden/replay.test.ts:76:55
     74|   const expectedKeys = Object.keys(expected!).sort();
     75|   const actualKeys = Object.keys(actual).sort();
     76|   expect(actualKeys, `${id}: SimState shape changed`).toEqual(expected…
       |                                                       ^
     77|
     78|   for (const key of expectedKeys) {
 ❯ tests/golden/replay.test.ts:51:5

⎯⎯⎯⎯⎯⎯⎯⎯⎯⎯⎯⎯⎯⎯⎯⎯⎯⎯⎯⎯⎯⎯⎯⎯[5/8]⎯

 FAIL  |unit| tests/golden/replay.test.ts > 'landing-burn-autoland' > replays field for field, sample for sample
AssertionError: landing-burn-autoland: SimState shape changed: expected [ 'atmosphere.airDensity', …(158) ] to deeply equal [ 'atmosphere.airDensity', …(156) ]

- Expected
+ Received

@@ -22,10 +22,12 @@
    "autopilot.deorbitBurnStarted",
    "autopilot.deorbitInitCompleted",
    "autopilot.deorbitTargetSpeed",
    "autopilot.distanceToGround",
    "autopilot.effectiveVerticalMaxThrust",
+   "autopilot.entryRangeCountdown",
+   "autopilot.entryRangeTrim",
    "autopilot.finalDescentStageCompleted",
    "autopilot.finalDescentStageInitialised",
    "autopilot.finalStagePessimisticAltitude",
    "autopilot.fineTunePercentage",
    "autopilot.flipCompleted",

 ❯ expectSampleMatches tests/golden/replay.test.ts:76:55
     74|   const expectedKeys = Object.keys(expected!).sort();
     75|   const actualKeys = Object.keys(actual).sort();
     76|   expect(actualKeys, `${id}: SimState shape changed`).toEqual(expected…
       |                                                       ^
     77|
     78|   for (const key of expectedKeys) {
 ❯ tests/golden/replay.test.ts:51:5

⎯⎯⎯⎯⎯⎯⎯⎯⎯⎯⎯⎯⎯⎯⎯⎯⎯⎯⎯⎯⎯⎯⎯⎯[6/8]⎯

 FAIL  |unit| tests/golden/replay.test.ts > 'landing-burn-headwind' > replays field for field, sample for sample
AssertionError: landing-burn-headwind: SimState shape changed: expected [ 'atmosphere.airDensity', …(158) ] to deeply equal [ 'atmosphere.airDensity', …(156) ]

- Expected
+ Received

@@ -22,10 +22,12 @@
    "autopilot.deorbitBurnStarted",
    "autopilot.deorbitInitCompleted",
    "autopilot.deorbitTargetSpeed",
    "autopilot.distanceToGround",
    "autopilot.effectiveVerticalMaxThrust",
+   "autopilot.entryRangeCountdown",
+   "autopilot.entryRangeTrim",
    "autopilot.finalDescentStageCompleted",
    "autopilot.finalDescentStageInitialised",
    "autopilot.finalStagePessimisticAltitude",
    "autopilot.fineTunePercentage",
    "autopilot.flipCompleted",

 ❯ expectSampleMatches tests/golden/replay.test.ts:76:55
     74|   const expectedKeys = Object.keys(expected!).sort();
     75|   const actualKeys = Object.keys(actual).sort();
     76|   expect(actualKeys, `${id}: SimState shape changed`).toEqual(expected…
       |                                                       ^
     77|
     78|   for (const key of expectedKeys) {
 ❯ tests/golden/replay.test.ts:51:5

⎯⎯⎯⎯⎯⎯⎯⎯⎯⎯⎯⎯⎯⎯⎯⎯⎯⎯⎯⎯⎯⎯⎯⎯[7/8]⎯

 FAIL  |unit| tests/golden/replay.test.ts > 'intro-demo' > replays field for field, sample for sample
AssertionError: intro-demo: SimState shape changed: expected [ 'atmosphere.airDensity', …(158) ] to deeply equal [ 'atmosphere.airDensity', …(156) ]

- Expected
+ Received

@@ -22,10 +22,12 @@
    "autopilot.deorbitBurnStarted",
    "autopilot.deorbitInitCompleted",
    "autopilot.deorbitTargetSpeed",
    "autopilot.distanceToGround",
    "autopilot.effectiveVerticalMaxThrust",
+   "autopilot.entryRangeCountdown",
+   "autopilot.entryRangeTrim",
    "autopilot.finalDescentStageCompleted",
    "autopilot.finalDescentStageInitialised",
    "autopilot.finalStagePessimisticAltitude",
    "autopilot.fineTunePercentage",
    "autopilot.flipCompleted",

 ❯ expectSampleMatches tests/golden/replay.test.ts:76:55
     74|   const expectedKeys = Object.keys(expected!).sort();
     75|   const actualKeys = Object.keys(actual).sort();
     76|   expect(actualKeys, `${id}: SimState shape changed`).toEqual(expected…
       |                                                       ^
     77|
     78|   for (const key of expectedKeys) {
 ❯ tests/golden/replay.test.ts:51:5

⎯⎯⎯⎯⎯⎯⎯⎯⎯⎯⎯⎯⎯⎯⎯⎯⎯⎯⎯⎯⎯⎯⎯⎯[8/8]⎯


 Test Files  1 failed | 152 passed (153)
      Tests  8 failed | 1987 passed (1995)
   Start at  01:34:26
   Duration  83.51s (transform 4.38s, setup 1.77s, import 51.31s, tests 288.55s, environment 22.27s)

