
 RUN  v4.1.11 /Users/stevewang/dev/StarShipSimulator-realism

 ❯ |unit| tests/core/rotating-frame.test.ts (13 tests | 1 failed | 12 skipped) 4ms
   × uses Earth’s projected rate by default, including in step() 4ms

⎯⎯⎯⎯⎯⎯⎯ Failed Tests 1 ⎯⎯⎯⎯⎯⎯⎯

 FAIL  |unit| tests/core/rotating-frame.test.ts > uses Earth’s projected rate by default, including in step()
AssertionError: expected +0 to be 0.0000655427691429454 // Object.is equality

- Expected
+ Received

- 0.0000655427691429454
+ 0

 ❯ tests/core/rotating-frame.test.ts:54:31
     52|
     53| it('uses Earth’s projected rate by default, including in step()', () =…
     54|     expect(frameRotationRate).toBe(EARTH_FRAME_ROTATION_RATE);
       |                               ^
     55|     expect(verticalGravityAcceleration(7e6, 1234)).toBe(verticalGravit…
     56|     expect(tangentialAcceleration(7e6, 1234, -56)).toBe(tangentialAcce…

⎯⎯⎯⎯⎯⎯⎯⎯⎯⎯⎯⎯⎯⎯⎯⎯⎯⎯⎯⎯⎯⎯⎯⎯[1/1]⎯


 Test Files  1 failed (1)
      Tests  1 failed | 12 skipped (13)
   Start at  23:29:17
   Duration  180ms (transform 35ms, setup 0ms, import 55ms, tests 4ms, environment 0ms)

