
 RUN  v4.1.11 /Users/stevewang/dev/StarShipSimulator-realism

(node:72654) Warning: `--localstorage-file` was provided without a valid path
(Use `node --trace-warnings ...` to show where the warning was created)
Not implemented: HTMLCanvasElement's getContext() method: without installing the canvas npm package
Not implemented: HTMLCanvasElement's getContext() method: without installing the canvas npm package
Not implemented: HTMLCanvasElement's getContext() method: without installing the canvas npm package
(node:72652) Warning: `--localstorage-file` was provided without a valid path
(Use `node --trace-warnings ...` to show where the warning was created)
Not implemented: HTMLCanvasElement's getContext() method: without installing the canvas npm package
Not implemented: HTMLCanvasElement's getContext() method: without installing the canvas npm package
Not implemented: HTMLCanvasElement's getContext() method: without installing the canvas npm package
(node:72653) Warning: `--localstorage-file` was provided without a valid path
(Use `node --trace-warnings ...` to show where the warning was created)
Not implemented: HTMLCanvasElement's getContext() method: without installing the canvas npm package
Not implemented: HTMLCanvasElement's getContext() method: without installing the canvas npm package
(node:72655) Warning: `--localstorage-file` was provided without a valid path
(Use `node --trace-warnings ...` to show where the warning was created)
Not implemented: HTMLCanvasElement's getContext() method: without installing the canvas npm package
Not implemented: HTMLCanvasElement's getContext() method: without installing the canvas npm package
Not implemented: HTMLCanvasElement's getContext() method: without installing the canvas npm package
Not implemented: HTMLCanvasElement's getContext() method: without installing the canvas npm package
Not implemented: HTMLCanvasElement's getContext() method: without installing the canvas npm package
(node:72656) Warning: `--localstorage-file` was provided without a valid path
(Use `node --trace-warnings ...` to show where the warning was created)
(node:72657) Warning: `--localstorage-file` was provided without a valid path
(Use `node --trace-warnings ...` to show where the warning was created)
(node:72658) Warning: `--localstorage-file` was provided without a valid path
(Use `node --trace-warnings ...` to show where the warning was created)
(node:72659) Warning: `--localstorage-file` was provided without a valid path
(Use `node --trace-warnings ...` to show where the warning was created)
(node:72661) Warning: `--localstorage-file` was provided without a valid path
(Use `node --trace-warnings ...` to show where the warning was created)
(node:72662) Warning: `--localstorage-file` was provided without a valid path
(Use `node --trace-warnings ...` to show where the warning was created)
(node:72663) Warning: `--localstorage-file` was provided without a valid path
(Use `node --trace-warnings ...` to show where the warning was created)
(node:72664) Warning: `--localstorage-file` was provided without a valid path
(Use `node --trace-warnings ...` to show where the warning was created)
(node:72665) Warning: `--localstorage-file` was provided without a valid path
(Use `node --trace-warnings ...` to show where the warning was created)
(node:72666) Warning: `--localstorage-file` was provided without a valid path
(Use `node --trace-warnings ...` to show where the warning was created)
(node:72669) Warning: `--localstorage-file` was provided without a valid path
(Use `node --trace-warnings ...` to show where the warning was created)
(node:72670) Warning: `--localstorage-file` was provided without a valid path
(Use `node --trace-warnings ...` to show where the warning was created)
(node:72671) Warning: `--localstorage-file` was provided without a valid path
(Use `node --trace-warnings ...` to show where the warning was created)
(node:72672) Warning: `--localstorage-file` was provided without a valid path
(Use `node --trace-warnings ...` to show where the warning was created)
(node:72673) Warning: `--localstorage-file` was provided without a valid path
(Use `node --trace-warnings ...` to show where the warning was created)
(node:72675) Warning: `--localstorage-file` was provided without a valid path
(Use `node --trace-warnings ...` to show where the warning was created)
(node:72674) Warning: `--localstorage-file` was provided without a valid path
(Use `node --trace-warnings ...` to show where the warning was created)
(node:72676) Warning: `--localstorage-file` was provided without a valid path
(Use `node --trace-warnings ...` to show where the warning was created)
(node:72677) Warning: `--localstorage-file` was provided without a valid path
(Use `node --trace-warnings ...` to show where the warning was created)
(node:72678) Warning: `--localstorage-file` was provided without a valid path
(Use `node --trace-warnings ...` to show where the warning was created)
(node:72679) Warning: `--localstorage-file` was provided without a valid path
(Use `node --trace-warnings ...` to show where the warning was created)
(node:72681) Warning: `--localstorage-file` was provided without a valid path
(Use `node --trace-warnings ...` to show where the warning was created)
(node:72680) Warning: `--localstorage-file` was provided without a valid path
(Use `node --trace-warnings ...` to show where the warning was created)
(node:72683) Warning: `--localstorage-file` was provided without a valid path
(Use `node --trace-warnings ...` to show where the warning was created)
(node:72685) Warning: `--localstorage-file` was provided without a valid path
(Use `node --trace-warnings ...` to show where the warning was created)
 ❯ |unit| tests/hud/debrief.test.ts (51 tests | 3 failed) 16498ms
     × breaks up, and says why 6ms
     × and hides the landing figures, which never happened 2ms
     × and the peak it broke on is at or past the limit it broke on 3ms
Not implemented: HTMLCanvasElement's getContext() method: without installing the canvas npm package
Not implemented: HTMLCanvasElement's getContext() method: without installing the canvas npm package
Not implemented: HTMLCanvasElement's getContext() method: without installing the canvas npm package
Not implemented: HTMLCanvasElement's getContext() method: without installing the canvas npm package
Not implemented: HTMLCanvasElement's getContext() method: without installing the canvas npm package
Not implemented: HTMLCanvasElement's getContext() method: without installing the canvas npm package
Not implemented: HTMLCanvasElement's getContext() method: without installing the canvas npm package
Not implemented: HTMLCanvasElement's getContext() method: without installing the canvas npm package
Not implemented: HTMLCanvasElement's getContext() method: without installing the canvas npm package
 ❯ |unit| tests/view/dynamic-pressure.test.ts (19 tests | 1 failed) 37ms
     × holds its attitude, which is the premise the pixel comparison rests on 4ms

⎯⎯⎯⎯⎯⎯⎯ Failed Tests 4 ⎯⎯⎯⎯⎯⎯⎯

 FAIL  |unit| tests/hud/debrief.test.ts > a break-up is not a landing, and the card does not pretend otherwise > breaks up, and says why
AssertionError: expected [ 'structural limits exceeded' ] to include 'over the dynamic-pressure limit'
 ❯ tests/hud/debrief.test.ts:372:26
    370|     // Q is what does it at 4 km/s and 20 km, and the card should say …
    371|     // than reach for the catch-all.
    372|     expect(card.reasons).toContain('over the dynamic-pressure limit');
       |                          ^
    373|     expect(card.reasons).not.toContain('structural limits exceeded');
    374|   });

⎯⎯⎯⎯⎯⎯⎯⎯⎯⎯⎯⎯⎯⎯⎯⎯⎯⎯⎯⎯⎯⎯⎯⎯[1/4]⎯

 FAIL  |unit| tests/hud/debrief.test.ts > a break-up is not a landing, and the card does not pretend otherwise > and hides the landing figures, which never happened
AssertionError: expected 0 to be greater than 0
 ❯ tests/hud/debrief.test.ts:382:43
    380|     // measured — but the flag is what tells the view not to draw four…
    381|     // that would read as a verdict on a landing nobody attempted.
    382|     expect(Math.abs(card.vertical.value)).toBeGreaterThan(0);
       |                                           ^
    383|   });
    384|

⎯⎯⎯⎯⎯⎯⎯⎯⎯⎯⎯⎯⎯⎯⎯⎯⎯⎯⎯⎯⎯⎯⎯⎯[2/4]⎯

 FAIL  |unit| tests/hud/debrief.test.ts > a break-up is not a landing, and the card does not pretend otherwise > and the peak it broke on is at or past the limit it broke on
AssertionError: expected false to be true // Object.is equality

- Expected
+ Received

- true
+ false

 ❯ tests/hud/debrief.test.ts:390:33
    388|     // showed a sub-limit figure in alarm red.
    389|     const { card } = comeApart();
    390|     expect(card.peakQ.exceeded).toBe(true);
       |                                 ^
    391|     expect(card.peakQ.value).toBeGreaterThan(card.peakQ.limit);
    392|     expect(card.peakQ.fraction).toBeGreaterThan(1);

⎯⎯⎯⎯⎯⎯⎯⎯⎯⎯⎯⎯⎯⎯⎯⎯⎯⎯⎯⎯⎯⎯⎯⎯[3/4]⎯

 FAIL  |unit| tests/view/dynamic-pressure.test.ts > the state the shake spec flies > holds its attitude, which is the premise the pixel comparison rests on
AssertionError: up to 6.38 deg/s: expected 6.383978065182248 to be less than 6
 ❯ tests/view/dynamic-pressure.test.ts:343:58
    341|       ...WINDOW.slice(1).map((r, i) => Math.abs(r.pitch - WINDOW[i]!.p…
    342|     );
    343|     expect(fastest, `up to ${fastest.toFixed(2)} deg/s`).toBeLessThan(…
       |                                                          ^
    344|   });
    345|

⎯⎯⎯⎯⎯⎯⎯⎯⎯⎯⎯⎯⎯⎯⎯⎯⎯⎯⎯⎯⎯⎯⎯⎯[4/4]⎯


 Test Files  2 failed | 92 passed (94)
      Tests  4 failed | 1099 passed (1103)
   Start at  23:12:22
   Duration  35.78s (transform 3.67s, setup 1.97s, import 20.08s, tests 112.74s, environment 23.57s)

