
 RUN  v4.1.11 /Users/stevewang/dev/StarShipSimulator-realism

 ❯ |unit| tests/core/booster-forecast.test.ts (15 tests | 2 failed) 1686ms
     × reuses exact paid startup for booster-sep without lending its impulse to shorter burns 275ms
     × reuses exact paid startup for rtls without lending its impulse to shorter burns 38ms

⎯⎯⎯⎯⎯⎯⎯ Failed Tests 2 ⎯⎯⎯⎯⎯⎯⎯

 FAIL  |unit| tests/core/booster-forecast.test.ts > planned booster forecast > reuses exact paid startup for booster-sep without lending its impulse to shorter burns
 FAIL  |unit| tests/core/booster-forecast.test.ts > planned booster forecast > reuses exact paid startup for rtls without lending its impulse to shorter burns
AssertionError: expected 0 to be greater than 0
 ❯ tests/core/booster-forecast.test.ts:94:32
     92|     advanceBoosterForecast(seed,4000,advanceMechanics,runBoosterPolicy…
     93|     const prefix=seed.prefix!;expect(prefix.boostSteps).toBeGreaterTha…
     94|     expect(prefix.steadySteps).toBeGreaterThan(0);
       |                                ^
     95|     expect(prefix.state.engines.running.slice(0,13).every(Boolean)).to…
     96|     const saved=JSON.stringify(prefix);

⎯⎯⎯⎯⎯⎯⎯⎯⎯⎯⎯⎯⎯⎯⎯⎯⎯⎯⎯⎯⎯⎯⎯⎯[1/2]⎯


 Test Files  1 failed (1)
      Tests  2 failed | 13 passed (15)
   Start at  21:02:53
   Duration  1.90s (transform 92ms, setup 0ms, import 113ms, tests 1.69s, environment 0ms)

