
 RUN  v4.1.11 /Users/stevewang/dev/StarShipSimulator-realism

 ❯ |unit| tests/core/booster-prediction.test.ts (14 tests | 2 failed) 44ms
     × starts with a paid interior rather than spending the deadline on zero burn for booster-sep 3ms
     × starts with a paid interior rather than spending the deadline on zero burn for rtls 1ms

⎯⎯⎯⎯⎯⎯⎯ Failed Tests 2 ⎯⎯⎯⎯⎯⎯⎯

 FAIL  |unit| tests/core/booster-prediction.test.ts > bounded deterministic booster prediction > starts with a paid interior rather than spending the deadline on zero burn for booster-sep
 FAIL  |unit| tests/core/booster-prediction.test.ts > bounded deterministic booster prediction > starts with a paid interior rather than spending the deadline on zero burn for rtls
AssertionError: expected 0 to be greater than 0
 ❯ tests/core/booster-prediction.test.ts:35:26
     33|     const initial=createScenarioVehicle(PRESETS.find(p=>p.id===id)!);i…
     34|     const first=step(initial.state,1/120,{},SUPER_HEAVY),job=first.aut…
     35|     expect(job.duration).toBeGreaterThan(0);expect(job.duration).toBeL…
       |                          ^
     36|     expect(job.stage).toBe('upper');expect(job.low).toBeUndefined();ex…
     37|     expect(first.autopilot.boosterReturnPlan).toBeUndefined();

⎯⎯⎯⎯⎯⎯⎯⎯⎯⎯⎯⎯⎯⎯⎯⎯⎯⎯⎯⎯⎯⎯⎯⎯[1/2]⎯


 Test Files  1 failed (1)
      Tests  2 failed | 12 passed (14)
   Start at  20:56:47
   Duration  256ms (transform 89ms, setup 0ms, import 110ms, tests 44ms, environment 0ms)

